******************************************************************************
                  TI ARM Linker PC v17.9.0                     
******************************************************************************
>> Linked Fri Jan 26 15:10:42 2018

OUTPUT FILE NAME:   <qei_test.out>
ENTRY POINT SYMBOL: "_c_int00_noinit_noargs"  address: 000005b5


MEMORY CONFIGURATION

         name            origin    length      used     unused   attr    fill
----------------------  --------  ---------  --------  --------  ----  --------
  FLASH                 00000000   00040000  000006fe  0003f902  R  X
  SRAM                  20000000   00008000  00000200  00007e00  RW X


SEGMENT ALLOCATION MAP

run origin  load origin   length   init length attrs members
----------  ----------- ---------- ----------- ----- -------
00000000    00000000    00000700   00000700    r-x
  00000000    00000000    0000026c   0000026c    r-- .intvecs
  0000026c    0000026c    00000402   00000402    r-x .text
  00000670    00000670    00000090   00000090    r-- .const
20000000    20000000    00000200   00000000    rw-
  20000000    20000000    00000200   00000000    rw- .stack


SECTION ALLOCATION MAP

 output                                  attributes/
section   page    origin      length       input sections
--------  ----  ----------  ----------   ----------------
.intvecs   0    00000000    0000026c     
                  00000000    0000026c     tm4c123gh6pm_startup_ccs.obj (.intvecs)

.text      0    0000026c    00000402     
                  0000026c    00000132     driverlib.lib : gpio.obj (.text:GPIOPadConfigSet)
                  0000039e    00000002     --HOLE-- [fill = 0]
                  000003a0    000000f4                   : sysctl.obj (.text:SysCtlClockSet)
                  00000494    000000a4     main.obj (.text)
                  00000538    00000048     driverlib.lib : gpio.obj (.text:GPIOPinConfigure)
                  00000580    00000034                   : sysctl.obj (.text:SysCtlPeripheralEnable)
                  000005b4    00000030     rtsv7M4_T_le_v4SPD16_eabi.lib : boot_cortex_m.obj (.text:_c_int00_noinit_noargs)
                  000005e4    0000002a     driverlib.lib : gpio.obj (.text:GPIODirModeSet)
                  0000060e    00000012                   : gpio.obj (.text:GPIOPinTypeQEI)
                  00000620    0000000e                   : qei.obj (.text:QEIConfigure)
                  0000062e    0000000c     tm4c123gh6pm_startup_ccs.obj (.text)
                  0000063a    0000000a     driverlib.lib : qei.obj (.text:QEIDisable)
                  00000644    0000000a                   : qei.obj (.text:QEIEnable)
                  0000064e    0000000a                   : qei.obj (.text:QEIIntDisable)
                  00000658    00000006                   : sysctl.obj (.text:SysCtlDelay)
                  0000065e    00000004                   : qei.obj (.text:QEIPositionGet)
                  00000662    00000004                   : qei.obj (.text:QEIPositionSet)
                  00000666    00000004     rtsv7M4_T_le_v4SPD16_eabi.lib : exit.obj (.text:abort)
                  0000066a    00000004                                   : pre_init.obj (.text)

.const     0    00000670    00000090     
                  00000670    00000090     driverlib.lib : gpio.obj (.const:g_pui32GPIOBaseAddrs)

.cinit     0    00000000    00000000     UNINITIALIZED

.init_array 
*          0    00000000    00000000     UNINITIALIZED

.stack     0    20000000    00000200     UNINITIALIZED
                  20000000    00000004     rtsv7M4_T_le_v4SPD16_eabi.lib : boot_cortex_m.obj (.stack)
                  20000004    000001fc     --HOLE--

MODULE SUMMARY

       Module                         code   ro data   rw data
       ------                         ----   -------   -------
    .\
       tm4c123gh6pm_startup_ccs.obj   12     620       0      
       main.obj                       164    0         0      
    +--+------------------------------+------+---------+---------+
       Total:                         176    620       0      
                                                              
    C:/ti/TivaWare_C_Series-2.1.3.156/driverlib/ccs/Debug/driverlib.lib
       gpio.obj                       438    144       0      
       sysctl.obj                     302    0         0      
       qei.obj                        52     0         0      
    +--+------------------------------+------+---------+---------+
       Total:                         792    144       0      
                                                              
    C:\ti\ccsv7\tools\compiler\ti-cgt-arm_17.9.0.STS\lib\rtsv7M4_T_le_v4SPD16_eabi.lib
       boot_cortex_m.obj              48     0         0      
       exit.obj                       4      0         0      
       pre_init.obj                   4      0         0      
    +--+------------------------------+------+---------+---------+
       Total:                         56     0         0      
                                                              
       Stack:                         0      0         512    
    +--+------------------------------+------+---------+---------+
       Grand Total:                   1024   764       512    


GLOBAL SYMBOLS: SORTED ALPHABETICALLY BY Name 

address   name                  
-------   ----                  
00000667  C$$EXIT               
000005e5  GPIODirModeSet        
0000026d  GPIOPadConfigSet      
00000539  GPIOPinConfigure      
0000060f  GPIOPinTypeQEI        
00000621  QEIConfigure          
0000063b  QEIDisable            
00000645  QEIEnable             
0000064f  QEIIntDisable         
0000065f  QEIPositionGet        
00000663  QEIPositionSet        
0000062f  ResetISR              
000003a1  SysCtlClockSet        
00000659  SysCtlDelay           
00000581  SysCtlPeripheralEnable
20000200  __STACK_END           
00000200  __STACK_SIZE          
20000200  __STACK_TOP           
ffffffff  __TI_pprof_out_hndl   
ffffffff  __TI_prof_data_size   
ffffffff  __TI_prof_data_start  
00000000  __TI_static_base__    
ffffffff  __binit__             
ffffffff  __c_args__            
UNDEFED   __mpu_init            
20000000  __stack               
000005b5  _c_int00_noinit_noargs
0000066b  _system_pre_init      
00000667  abort                 
ffffffff  binit                 
00000000  g_pfnVectors          
00000495  main                  


GLOBAL SYMBOLS: SORTED BY Symbol Address 

address   name                  
-------   ----                  
00000000  __TI_static_base__    
00000000  g_pfnVectors          
00000200  __STACK_SIZE          
0000026d  GPIOPadConfigSet      
000003a1  SysCtlClockSet        
00000495  main                  
00000539  GPIOPinConfigure      
00000581  SysCtlPeripheralEnable
000005b5  _c_int00_noinit_noargs
000005e5  GPIODirModeSet        
0000060f  GPIOPinTypeQEI        
00000621  QEIConfigure          
0000062f  ResetISR              
0000063b  QEIDisable            
00000645  QEIEnable             
0000064f  QEIIntDisable         
00000659  SysCtlDelay           
0000065f  QEIPositionGet        
00000663  QEIPositionSet        
00000667  C$$EXIT               
00000667  abort                 
0000066b  _system_pre_init      
20000000  __stack               
20000200  __STACK_END           
20000200  __STACK_TOP           
ffffffff  __TI_pprof_out_hndl   
ffffffff  __TI_prof_data_size   
ffffffff  __TI_prof_data_start  
ffffffff  __binit__             
ffffffff  __c_args__            
ffffffff  binit                 
UNDEFED   __mpu_init            

[32 symbols]
