******************************************************************************
                  TI ARM Linker PC v17.9.0                     
******************************************************************************
>> Linked Mon Apr 23 15:08:19 2018

OUTPUT FILE NAME:   <qei_mit_pwm.out>
ENTRY POINT SYMBOL: "_c_int00_noargs"  address: 00004191


MEMORY CONFIGURATION

         name            origin    length      used     unused   attr    fill
----------------------  --------  ---------  --------  --------  ----  --------
  FLASH                 00000000   00040000  00004bbc  0003b444  R  X
  SRAM                  20000000   00008000  000009a8  00007658  RW X


SEGMENT ALLOCATION MAP

run origin  load origin   length   init length attrs members
----------  ----------- ---------- ----------- ----- -------
00000000    00000000    00004bc0   00004bc0    r-x
  00000000    00000000    0000026c   0000026c    r-- .intvecs
  0000026c    0000026c    0000442c   0000442c    r-x .text
  00004698    00004698    000004bc   000004bc    r-- .const
  00004b58    00004b58    00000068   00000068    r-- .cinit
20000000    20000000    000009ac   00000000    rw-
  20000000    20000000    0000026c   00000000    rw- .vtable
  20000270    20000270    00000600   00000000    rw- .stack
  20000870    20000870    000000e0   00000000    rw- .data
  20000950    20000950    0000005c   00000000    rw- .bss


SECTION ALLOCATION MAP

 output                                  attributes/
section   page    origin      length       input sections
--------  ----  ----------  ----------   ----------------
.intvecs   0    00000000    0000026c     
                  00000000    0000026c     tm4c123gh6pm_startup_ccs.obj (.intvecs)

.text      0    0000026c    0000442c     
                  0000026c    000016fc     main.obj (.text)
                  00001968    00000a18     rtsv7M4_T_le_v4SPD16_eabi.lib : _scanfi.obj (.text)
                  00002380    0000045c                                   : strtod.obj (.text)
                  000027dc    000001f4                                   : ull_div_t2.obj (.text)
                  000029d0    000001dc                                   : strtoll.obj (.text)
                  00002bac    000001b6                                   : fd_add_t2.obj (.text)
                  00002d62    00000002                                   : i_div0.obj (.text)
                  00002d64    0000015c                                   : strtoull.obj (.text)
                  00002ec0    00000136                                   : fd_div_t2.obj (.text)
                  00002ff6    00000002     --HOLE-- [fill = 0]
                  00002ff8    00000134                                   : strtol.obj (.text)
                  0000312c    00000132     driverlib.lib : gpio.obj (.text:GPIOPadConfigSet)
                  0000325e    00000130                   : can.obj (.text:CANMessageSet)
                  0000338e    00000002     --HOLE-- [fill = 0]
                  00003390    00000114     rtsv7M4_T_le_v4SPD16_eabi.lib : strtoul.obj (.text)
                  000034a4    00000110     driverlib.lib : sysctl.obj (.text:SysCtlClockGet)
                  000035b4    0000010e                   : can.obj (.text:CANMessageGet)
                  000036c2    000000fc     rtsv7M4_T_le_v4SPD16_eabi.lib : fd_mul_t2.obj (.text)
                  000037be    00000002     --HOLE-- [fill = 0]
                  000037c0    000000f4     driverlib.lib : sysctl.obj (.text:SysCtlClockSet)
                  000038b4    000000f4     rtsv7M4_T_le_v4SPD16_eabi.lib : s_scalbn.obj (.text)
                  000039a8    000000cc                                   : sscanf.obj (.text)
                  00003a74    0000009c                                   : memcpy_t2.obj (.text)
                  00003b10    00000086                                   : fd_cmp_t2.obj (.text:__aeabi_cdcmple)
                  00003b96    0000007a                                   : memset_t2.obj (.text)
                  00003c10    0000006e                                   : fd_tos_t2.obj (.text)
                  00003c7e    00000002     --HOLE-- [fill = 0]
                  00003c80    0000006c     driverlib.lib : can.obj (.text:CANBitRateSet)
                  00003cec    00000068                   : interrupt.obj (.text:IntEnable)
                  00003d54    00000068     rtsv7M4_T_le_v4SPD16_eabi.lib : copy_decompress_lzss.obj (.text:decompress:lzss)
                  00003dbc    00000060     driverlib.lib : timer.obj (.text:TimerConfigure)
                  00003e1c    00000058                   : gpio.obj (.text:GPIOIntTypeSet)
                  00003e74    0000004c                   : gpio.obj (.text:GPIOPinConfigure)
                  00003ec0    0000004c     rtsv7M4_T_le_v4SPD16_eabi.lib : atoi.obj (.text)
                  00003f0c    00000048                                   : fd_toi_t2.obj (.text)
                  00003f54    00000046     driverlib.lib : uart.obj (.text:UARTConfigSetExpClk)
                  00003f9a    00000002     --HOLE-- [fill = 0]
                  00003f9c    00000044     rtsv7M4_T_le_v4SPD16_eabi.lib : autoinit.obj (.text:__TI_auto_init_nobinit_nopinit)
                  00003fe0    00000044                                   : fd_tou_t2.obj (.text)
                  00004024    00000040     driverlib.lib : can.obj (.text:CANStatusGet)
                  00004064    00000040                   : gpio.obj (.text:_GPIOIntNumberGet)
                  000040a4    00000040     rtsv7M4_T_le_v4SPD16_eabi.lib : u_divt2.obj (.text)
                  000040e4    0000003a     driverlib.lib : can.obj (.text:CANInit)
                  0000411e    00000002     --HOLE-- [fill = 0]
                  00004120    00000038                   : sysctl.obj (.text:SysCtlPeripheralPresent)
                  00004158    00000038                   : sysctl.obj (.text:SysCtlPeripheralReady)
                  00004190    00000038     rtsv7M4_T_le_v4SPD16_eabi.lib : boot_cortex_m.obj (.text:_c_int00_noargs)
                  000041c8    00000038                                   : fs_tod_t2.obj (.text)
                  00004200    00000034     driverlib.lib : interrupt.obj (.text:IntRegister)
                  00004234    00000034                   : sysctl.obj (.text:SysCtlPeripheralEnable)
                  00004268    0000002c                   : gpio.obj (.text:GPIODirModeSet)
                  00004294    0000002a                   : can.obj (.text:_CANDataRegRead)
                  000042be    00000024                   : can.obj (.text:_CANDataRegWrite)
                  000042e2    00000022                   : can.obj (.text:CANIntClear)
                  00004304    00000022                   : pwm.obj (.text:PWMGenConfigure)
                  00004326    00000020                   : can.obj (.text:CANIntStatus)
                  00004346    00000002     --HOLE-- [fill = 0]
                  00004348    00000020                   : uart.obj (.text:UARTDisable)
                  00004368    00000020     rtsv7M4_T_le_v4SPD16_eabi.lib : u_tofd_t2.obj (.text)
                  00004388    0000001e     driverlib.lib : pwm.obj (.text:PWMPulseWidthSet)
                  000043a6    00000018                   : gpio.obj (.text:GPIOIntRegister)
                  000043be    00000018                   : gpio.obj (.text:GPIOPinTypeGPIOOutput)
                  000043d6    00000018     rtsv7M4_T_le_v4SPD16_eabi.lib : ll_mul_t2.obj (.text)
                  000043ee    00000018                                   : strrchr.obj (.text)
                  00004406    00000016     driverlib.lib : gpio.obj (.text:GPIOPinTypeCAN)
                  0000441c    00000016                   : gpio.obj (.text:GPIOPinTypeGPIOInput)
                  00004432    00000016                   : gpio.obj (.text:GPIOPinTypePWM)
                  00004448    00000016                   : gpio.obj (.text:GPIOPinTypeQEI)
                  0000445e    00000016                   : gpio.obj (.text:GPIOPinTypeUART)
                  00004474    00000016     rtsv7M4_T_le_v4SPD16_eabi.lib : strchr.obj (.text)
                  0000448a    00000002     --HOLE-- [fill = 0]
                  0000448c    00000014     driverlib.lib : sysctl.obj (.text:SysCtlPWMClockSet)
                  000044a0    00000014                   : uart.obj (.text:UARTEnable)
                  000044b4    00000014     rtsv7M4_T_le_v4SPD16_eabi.lib : s_copysign.obj (.text)
                  000044c8    00000014                                   : strcpy.obj (.text)
                  000044dc    00000014                                   : strlen.obj (.text)
                  000044f0    00000012     driverlib.lib : pwm.obj (.text:PWMOutputState)
                  00004502    00000012                   : timer.obj (.text:TimerLoadSet)
                  00004514    00000012     rtsv7M4_T_le_v4SPD16_eabi.lib : copy_zero_init.obj (.text:decompress:ZI:__TI_zero_init_nomemset)
                  00004526    00000002     --HOLE-- [fill = 0]
                  00004528    00000010     driverlib.lib : fpu.obj (.text:FPUEnable)
                  00004538    00000010                   : fpu.obj (.text:FPULazyStackingEnable)
                  00004548    00000010                   : interrupt.obj (.text:IntMasterEnable)
                  00004558    00000010                   : pwm.obj (.text:PWMGenPeriodSet)
                  00004568    00000010                   : qei.obj (.text:QEIVelocityConfigure)
                  00004578    0000000e                   : gpio.obj (.text:GPIOIntDisable)
                  00004586    0000000e                   : gpio.obj (.text:GPIOIntStatus)
                  00004594    0000000e                   : qei.obj (.text:QEIConfigure)
                  000045a2    0000000e                   : timer.obj (.text:TimerEnable)
                  000045b0    0000000e                   : uart.obj (.text:UARTCharsAvail)
                  000045be    0000000e     rtsv7M4_T_le_v4SPD16_eabi.lib : copy_decompress_none.obj (.text:decompress:none)
                  000045cc    0000000c     driverlib.lib : cpu.obj (.text:CPUcpsie)
                  000045d8    0000000c                   : gpio.obj (.text:GPIOIntEnable)
                  000045e4    0000000c                   : pwm.obj (.text:PWMGenEnable)
                  000045f0    0000000c     tm4c123gh6pm_startup_ccs.obj (.text)
                  000045fc    0000000a     driverlib.lib : can.obj (.text:CANEnable)
                  00004606    0000000a                   : qei.obj (.text:QEIDisable)
                  00004610    0000000a                   : qei.obj (.text:QEIEnable)
                  0000461a    0000000a                   : qei.obj (.text:QEIIntDisable)
                  00004624    0000000a                   : qei.obj (.text:QEIVelocityEnable)
                  0000462e    0000000a                   : uart.obj (.text:UARTCharGet)
                  00004638    0000000a                   : uart.obj (.text:UARTCharPut)
                  00004642    0000000a                   : uart.obj (.text:UARTIntStatus)
                  0000464c    00000008                   : can.obj (.text:CANIntEnable)
                  00004654    00000008                   : timer.obj (.text:TimerIntEnable)
                  0000465c    00000008                   : uart.obj (.text:UARTIntEnable)
                  00004664    00000006                   : gpio.obj (.text:GPIOIntClear)
                  0000466a    00000006                   : gpio.obj (.text:GPIOPinWrite)
                  00004670    00000006                   : sysctl.obj (.text:SysCtlDelay)
                  00004676    00000006                   : uart.obj (.text:UARTClockSourceSet)
                  0000467c    00000004                   : qei.obj (.text:QEIPositionGet)
                  00004680    00000004                   : qei.obj (.text:QEIPositionSet)
                  00004684    00000004                   : qei.obj (.text:QEIVelocityGet)
                  00004688    00000004                   : timer.obj (.text:TimerIntClear)
                  0000468c    00000004                   : uart.obj (.text:UARTIntClear)
                  00004690    00000004     rtsv7M4_T_le_v4SPD16_eabi.lib : exit.obj (.text:abort)
                  00004694    00000004                                   : pre_init.obj (.text)

.const     0    00004698    000004bc     
                  00004698    00000101     rtsv7M4_T_le_v4SPD16_eabi.lib : ctype.obj (.const:.string:_ctypes_)
                  00004799    00000003     --HOLE-- [fill = 0]
                  0000479c    00000004     main.obj (.const)
                  000047a0    000000c8     rtsv7M4_T_le_v4SPD16_eabi.lib : strtod.obj (.const:$O1$$)
                  00004868    000000c0     driverlib.lib : gpio.obj (.const:g_ppui32GPIOIntMapBlizzard)
                  00004928    000000c0                   : gpio.obj (.const:g_ppui32GPIOIntMapSnowflake)
                  000049e8    00000090                   : gpio.obj (.const:g_pui32GPIOBaseAddrs)
                  00004a78    0000006c                   : sysctl.obj (.const:g_pui32Xtals)
                  00004ae4    00000020                   : can.obj (.const:g_ui16CANBitValues)
                  00004b04    00000014                   : interrupt.obj (.const:g_pui32EnRegs)
                  00004b18    00000012     main.obj (.const:.string)
                  00004b2a    00000002     --HOLE-- [fill = 0]
                  00004b2c    00000010     rtsv7M4_T_le_v4SPD16_eabi.lib : _scanfi.obj (.const:$O1$$)
                  00004b3c    0000000c     main.obj (.const:g_ui32UARTBase)
                  00004b48    0000000c     main.obj (.const:g_ui32UARTPeriph)

.cinit     0    00004b58    00000068     
                  00004b58    00000031     (.cinit..data.load) [load image, compression = lzss]
                  00004b89    00000003     --HOLE-- [fill = 0]
                  00004b8c    0000000c     (__TI_handler_table)
                  00004b98    00000008     (.cinit..bss.load) [load image, compression = zero_init]
                  00004ba0    00000008     (.cinit..vtable.load) [load image, compression = zero_init]
                  00004ba8    00000018     (__TI_cinit_table)

.init_array 
*          0    00000000    00000000     UNINITIALIZED

.vtable    0    20000000    0000026c     UNINITIALIZED
                  20000000    0000026c     driverlib.lib : interrupt.obj (.vtable)

.data      0    20000870    000000e0     UNINITIALIZED
                  20000870    000000d7     main.obj (.data)
                  20000947    00000001     --HOLE--
                  20000948    00000004     rtsv7M4_T_le_v4SPD16_eabi.lib : errno.obj (.data)
                  2000094c    00000004     main.obj (.data:stateTable)

.bss       0    20000950    0000005c     UNINITIALIZED
                  20000950    00000014     (.common:sCANMessageRX)
                  20000964    00000014     (.common:sCANMessageTX)
                  20000978    00000008     (.common:ui8MsgDataRX)
                  20000980    00000008     (.common:ui8MsgDataTX)
                  20000988    00000004     (.common:currMode)
                  2000098c    00000004     (.common:currPosition0)
                  20000990    00000004     (.common:currPosition1)
                  20000994    00000004     (.common:currVel0)
                  20000998    00000004     (.common:currVel1)
                  2000099c    00000004     (.common:desiredAngle1)
                  200009a0    00000004     (.common:desiredAngle2)
                  200009a4    00000004     (.common:pui8MsgDataRX)
                  200009a8    00000004     (.common:pui8MsgDataTX)

.stack     0    20000270    00000600     UNINITIALIZED
                  20000270    00000004     rtsv7M4_T_le_v4SPD16_eabi.lib : boot_cortex_m.obj (.stack)
                  20000274    000005fc     --HOLE--

MODULE SUMMARY

       Module                         code    ro data   rw data
       ------                         ----    -------   -------
    .\
       main.obj                       5884    46        311    
       tm4c123gh6pm_startup_ccs.obj   12      620       0      
    +--+------------------------------+-------+---------+---------+
       Total:                         5896    666       311    
                                                               
    C:/ti/TivaWare_C_Series-2.1.3.156/driverlib/ccs/Debug/driverlib.lib
       gpio.obj                       788     528       0      
       can.obj                        966     32        0      
       sysctl.obj                     706     108       0      
       interrupt.obj                  172     20        620    
       uart.obj                       184     0         0      
       timer.obj                      140     0         0      
       pwm.obj                        110     0         0      
       qei.obj                        82      0         0      
       fpu.obj                        32      0         0      
       cpu.obj                        12      0         0      
    +--+------------------------------+-------+---------+---------+
       Total:                         3192    688       620    
                                                               
    C:\ti\ccsv7\tools\compiler\ti-cgt-arm_17.9.0.STS\lib\rtsv7M4_T_le_v4SPD16_eabi.lib
       _scanfi.obj                    2584    16        0      
       strtod.obj                     1116    200       0      
       ull_div_t2.obj                 500     0         0      
       strtoll.obj                    476     0         0      
       fd_add_t2.obj                  438     0         0      
       strtoull.obj                   348     0         0      
       fd_div_t2.obj                  310     0         0      
       strtol.obj                     308     0         0      
       strtoul.obj                    276     0         0      
       ctype.obj                      0       257       0      
       fd_mul_t2.obj                  252     0         0      
       s_scalbn.obj                   244     0         0      
       sscanf.obj                     204     0         0      
       memcpy_t2.obj                  156     0         0      
       fd_cmp_t2.obj                  134     0         0      
       memset_t2.obj                  122     0         0      
       fd_tos_t2.obj                  110     0         0      
       copy_decompress_lzss.obj       104     0         0      
       atoi.obj                       76      0         0      
       fd_toi_t2.obj                  72      0         0      
       autoinit.obj                   68      0         0      
       fd_tou_t2.obj                  68      0         0      
       u_divt2.obj                    64      0         0      
       boot_cortex_m.obj              56      0         0      
       fs_tod_t2.obj                  56      0         0      
       u_tofd_t2.obj                  32      0         0      
       ll_mul_t2.obj                  24      0         0      
       strrchr.obj                    24      0         0      
       strchr.obj                     22      0         0      
       s_copysign.obj                 20      0         0      
       strcpy.obj                     20      0         0      
       strlen.obj                     20      0         0      
       copy_zero_init.obj             18      0         0      
       copy_decompress_none.obj       14      0         0      
       errno.obj                      0       0         4      
       exit.obj                       4       0         0      
       pre_init.obj                   4       0         0      
       i_div0.obj                     2       0         0      
    +--+------------------------------+-------+---------+---------+
       Total:                         8346    473       4      
                                                               
       Stack:                         0       0         1536   
       Linker Generated:              0       101       0      
    +--+------------------------------+-------+---------+---------+
       Grand Total:                   17434   1928      2471   


LINKER GENERATED COPY TABLES

__TI_cinit_table @ 00004ba8 records: 3, size/record: 8, table size: 24
	.data: load addr=00004b58, load size=00000031 bytes, run addr=20000870, run size=000000e0 bytes, compression=lzss
	.bss: load addr=00004b98, load size=00000008 bytes, run addr=20000950, run size=0000005c bytes, compression=zero_init
	.vtable: load addr=00004ba0, load size=00000008 bytes, run addr=20000000, run size=0000026c bytes, compression=zero_init


LINKER GENERATED HANDLER TABLE

__TI_handler_table @ 00004b8c records: 3, size/record: 4, table size: 12
	index: 0, handler: __TI_zero_init
	index: 1, handler: __TI_decompress_lzss
	index: 2, handler: __TI_decompress_none


GLOBAL SYMBOLS: SORTED ALPHABETICALLY BY Name 

address   name                          
-------   ----                          
00004691  C$$EXIT                       
00003c81  CANBitRateSet                 
000045fd  CANEnable                     
000040e5  CANInit                       
000042e3  CANIntClear                   
0000464d  CANIntEnable                  
00000727  CANIntHandler                 
00004327  CANIntStatus                  
000035b5  CANMessageGet                 
0000325f  CANMessageSet                 
00000c5d  CANRXmsgconfig                
00004025  CANStatusGet                  
00000c9d  CANTXmsgconfig                
00000d05  CANconfig                     
00000af9  CANget                        
00000bcd  CANsend                       
000045cd  CPUcpsie                      
00004529  FPUEnable                     
00004539  FPULazyStackingEnable         
00004269  GPIODirModeSet                
00004665  GPIOIntClear                  
00004579  GPIOIntDisable                
000045d9  GPIOIntEnable                 
000043a7  GPIOIntRegister               
00004587  GPIOIntStatus                 
00003e1d  GPIOIntTypeSet                
0000312d  GPIOPadConfigSet              
00003e75  GPIOPinConfigure              
00004407  GPIOPinTypeCAN                
0000441d  GPIOPinTypeGPIOInput          
000043bf  GPIOPinTypeGPIOOutput         
00004433  GPIOPinTypePWM                
00004449  GPIOPinTypeQEI                
0000445f  GPIOPinTypeUART               
0000466b  GPIOPinWrite                  
0000183d  GPIOconfig                    
00001889  InitConsole                   
00003ced  IntEnable                     
00004549  IntMasterEnable               
00004201  IntRegister                   
200008a0  Kd0                           
200008ac  Kd1                           
200008f0  Kdv0                          
200008fc  Kdv1                          
200008a4  Ki0                           
200008b0  Ki1                           
200008f4  Kiv0                          
20000900  Kiv1                          
2000089c  Kp0                           
200008a8  Kp1                           
200008ec  Kpv0                          
200008f8  Kpv1                          
0000119d  PIDPosupdate                  
00000e99  PIDVelupdate                  
00000a0d  PULSEconfig                   
000009b5  PULSEorderconfig              
00000a65  PULSEsend                     
00004305  PWMGenConfigure               
000045e5  PWMGenEnable                  
00004559  PWMGenPeriodSet               
000044f1  PWMOutputState                
00004389  PWMPulseWidthSet              
00001799  PWMconfig                     
000006f7  PortDIntHandler               
0000156d  QEI0angleGet                  
000015ab  QEI0posGet                    
000015cd  QEI0zero                      
000015f5  QEI1angleGet                  
0000163d  QEI1posGet                    
00001661  QEI1zero                      
00004595  QEIConfigure                  
00004607  QEIDisable                    
00004611  QEIEnable                     
0000461b  QEIIntDisable                 
0000467d  QEIPositionGet                
00004681  QEIPositionSet                
00004569  QEIVelocityConfigure          
00004625  QEIVelocityEnable             
00004685  QEIVelocityGet                
0000167d  QEIconfig                     
00001745  QEIvelocityConfig             
000045f1  ResetISR                      
000034a5  SysCtlClockGet                
000037c1  SysCtlClockSet                
00004671  SysCtlDelay                   
0000448d  SysCtlPWMClockSet             
00004235  SysCtlPeripheralEnable        
00004121  SysCtlPeripheralPresent       
00004159  SysCtlPeripheralReady         
00001461  TIMERconfig                   
0000078f  Timer2IntHandler              
00003dbd  TimerConfigure                
000045a3  TimerEnable                   
00004689  TimerIntClear                 
00004655  TimerIntEnable                
00004503  TimerLoadSet                  
0000462f  UARTCharGet                   
00004639  UARTCharPut                   
000045b1  UARTCharsAvail                
00004677  UARTClockSourceSet            
00003f55  UARTConfigSetExpClk           
00004349  UARTDisable                   
000044a1  UARTEnable                    
0000468d  UARTIntClear                  
0000465d  UARTIntEnable                 
000007b3  UARTIntHandler                
00004643  UARTIntStatus                 
0000026d  UARTStdioConfig               
000003b3  UARTgetc                      
000002f9  UARTgets                      
000006d3  UARTprintf                    
000003d9  UARTvprintf                   
000002b3  UARTwrite                     
20000870  __STACK_END                   
00000600  __STACK_SIZE                  
20000470  __STACK_TOP                   
00004ba8  __TI_CINIT_Base               
00004bc0  __TI_CINIT_Limit              
00004b8c  __TI_Handler_Table_Base       
00004b98  __TI_Handler_Table_Limit      
00003f9d  __TI_auto_init_nobinit_nopinit
00003d55  __TI_decompress_lzss          
000045bf  __TI_decompress_none          
ffffffff  __TI_pprof_out_hndl           
ffffffff  __TI_prof_data_size           
ffffffff  __TI_prof_data_start          
00001969  __TI_scanfi                   
00000000  __TI_static_base__            
00004515  __TI_zero_init_nomemset       
00003b11  __aeabi_cdcmpeq               
00003b11  __aeabi_cdcmple               
00003c11  __aeabi_d2f                   
00003f0d  __aeabi_d2iz                  
00003fe1  __aeabi_d2uiz                 
00002bb7  __aeabi_dadd                  
00002ec1  __aeabi_ddiv                  
000036c3  __aeabi_dmul                  
00002bad  __aeabi_dsub                  
000041c9  __aeabi_f2d                   
00002d63  __aeabi_idiv0                 
000043d7  __aeabi_lmul                  
00003b97  __aeabi_memclr                
00003b97  __aeabi_memclr4               
00003b97  __aeabi_memclr8               
00003a75  __aeabi_memcpy                
00003a75  __aeabi_memcpy4               
00003a75  __aeabi_memcpy8               
00003b99  __aeabi_memset                
00003b99  __aeabi_memset4               
00003b99  __aeabi_memset8               
00004369  __aeabi_ui2d                  
000040a5  __aeabi_uidiv                 
000040a5  __aeabi_uidivmod              
000027dd  __aeabi_uldivmod              
ffffffff  __binit__                     
ffffffff  __c_args__                    
UNDEFED   __mpu_init                    
20000270  __stack                       
00004191  _c_int00_noargs               
00004698  _ctypes_                      
UNDEFED   _system_post_cinit            
00004695  _system_pre_init              
00004691  abort                         
00001501  angleToPosition               
00003ec1  atoi                          
ffffffff  binit                         
2000093c  config_flag                   
200008c4  controlsig0                   
200008d8  controlsig1                   
20000914  controlsigv0                  
20000928  controlsigv1                  
000044b5  copysign                      
000044b5  copysignl                     
00000d6d  counttoRPM                    
20000988  currMode                      
2000098c  currPosition0                 
20000990  currPosition1                 
20000994  currVel0                      
20000998  currVel1                      
2000099c  desiredAngle1                 
200009a0  desiredAngle2                 
20000878  desiredPos0                   
2000087c  desiredPos1                   
20000884  desiredVel0                   
20000888  desiredVel1                   
2000088c  dir0                          
20000894  dir1                          
200008dc  dirv0                         
200008e4  dirv1                         
200008bc  ediv0                         
200008d0  ediv1                         
2000090c  edivv0                        
20000920  edivv1                        
200008c0  eint0                         
200008d4  eint1                         
20000910  eintv0                        
20000924  eintv1                        
200008b8  eprev0                        
200008cc  eprev1                        
20000908  eprevv0                       
2000091c  eprevv1                       
20000948  errno                         
200008b4  error0                        
200008c8  error1                        
20000904  errorv0                       
20000918  errorv1                       
20000930  first_node_flag               
20000945  g_bErrFlag                    
20000944  g_bRXFlag                     
20000000  g_pfnRAMVectors               
00000000  g_pfnVectors                  
20000940  g_ui32MsgCount                
20000938  interrupt_counter             
000038b5  ldexp                         
000038b5  ldexpl                        
2000092c  ledFlag                       
00000841  main                          
00003a75  memcpy                        
00003b9f  memset                        
20000880  motornum                      
00001531  positionToAngle               
200009a4  pui8MsgDataRX                 
200009a8  pui8MsgDataTX                 
20000874  pwmSpeed                      
20000890  pwmout0                       
20000898  pwmout1                       
200008e0  pwmoutv0                      
200008e8  pwmoutv1                      
20000950  sCANMessageRX                 
20000964  sCANMessageTX                 
000038b5  scalbn                        
000038b5  scalbnl                       
000014b1  setSpeed                      
000039bb  sscanf                        
2000094c  stateTable                    
00004475  strchr                        
000044c9  strcpy                        
000044dd  strlen                        
000043ef  strrchr                       
00002381  strtod                        
00002ff9  strtol                        
00002381  strtold                       
000029d1  strtoll                       
00003391  strtoul                       
00002d65  strtoull                      
00000959  tellAngle                     
20000934  txID                          
20000978  ui8MsgDataRX                  
20000980  ui8MsgDataTX                  
000039a9  vsscanf                       


GLOBAL SYMBOLS: SORTED BY Symbol Address 

address   name                          
-------   ----                          
00000000  __TI_static_base__            
00000000  g_pfnVectors                  
0000026d  UARTStdioConfig               
000002b3  UARTwrite                     
000002f9  UARTgets                      
000003b3  UARTgetc                      
000003d9  UARTvprintf                   
00000600  __STACK_SIZE                  
000006d3  UARTprintf                    
000006f7  PortDIntHandler               
00000727  CANIntHandler                 
0000078f  Timer2IntHandler              
000007b3  UARTIntHandler                
00000841  main                          
00000959  tellAngle                     
000009b5  PULSEorderconfig              
00000a0d  PULSEconfig                   
00000a65  PULSEsend                     
00000af9  CANget                        
00000bcd  CANsend                       
00000c5d  CANRXmsgconfig                
00000c9d  CANTXmsgconfig                
00000d05  CANconfig                     
00000d6d  counttoRPM                    
00000e99  PIDVelupdate                  
0000119d  PIDPosupdate                  
00001461  TIMERconfig                   
000014b1  setSpeed                      
00001501  angleToPosition               
00001531  positionToAngle               
0000156d  QEI0angleGet                  
000015ab  QEI0posGet                    
000015cd  QEI0zero                      
000015f5  QEI1angleGet                  
0000163d  QEI1posGet                    
00001661  QEI1zero                      
0000167d  QEIconfig                     
00001745  QEIvelocityConfig             
00001799  PWMconfig                     
0000183d  GPIOconfig                    
00001889  InitConsole                   
00001969  __TI_scanfi                   
00002381  strtod                        
00002381  strtold                       
000027dd  __aeabi_uldivmod              
000029d1  strtoll                       
00002bad  __aeabi_dsub                  
00002bb7  __aeabi_dadd                  
00002d63  __aeabi_idiv0                 
00002d65  strtoull                      
00002ec1  __aeabi_ddiv                  
00002ff9  strtol                        
0000312d  GPIOPadConfigSet              
0000325f  CANMessageSet                 
00003391  strtoul                       
000034a5  SysCtlClockGet                
000035b5  CANMessageGet                 
000036c3  __aeabi_dmul                  
000037c1  SysCtlClockSet                
000038b5  ldexp                         
000038b5  ldexpl                        
000038b5  scalbn                        
000038b5  scalbnl                       
000039a9  vsscanf                       
000039bb  sscanf                        
00003a75  __aeabi_memcpy                
00003a75  __aeabi_memcpy4               
00003a75  __aeabi_memcpy8               
00003a75  memcpy                        
00003b11  __aeabi_cdcmpeq               
00003b11  __aeabi_cdcmple               
00003b97  __aeabi_memclr                
00003b97  __aeabi_memclr4               
00003b97  __aeabi_memclr8               
00003b99  __aeabi_memset                
00003b99  __aeabi_memset4               
00003b99  __aeabi_memset8               
00003b9f  memset                        
00003c11  __aeabi_d2f                   
00003c81  CANBitRateSet                 
00003ced  IntEnable                     
00003d55  __TI_decompress_lzss          
00003dbd  TimerConfigure                
00003e1d  GPIOIntTypeSet                
00003e75  GPIOPinConfigure              
00003ec1  atoi                          
00003f0d  __aeabi_d2iz                  
00003f55  UARTConfigSetExpClk           
00003f9d  __TI_auto_init_nobinit_nopinit
00003fe1  __aeabi_d2uiz                 
00004025  CANStatusGet                  
000040a5  __aeabi_uidiv                 
000040a5  __aeabi_uidivmod              
000040e5  CANInit                       
00004121  SysCtlPeripheralPresent       
00004159  SysCtlPeripheralReady         
00004191  _c_int00_noargs               
000041c9  __aeabi_f2d                   
00004201  IntRegister                   
00004235  SysCtlPeripheralEnable        
00004269  GPIODirModeSet                
000042e3  CANIntClear                   
00004305  PWMGenConfigure               
00004327  CANIntStatus                  
00004349  UARTDisable                   
00004369  __aeabi_ui2d                  
00004389  PWMPulseWidthSet              
000043a7  GPIOIntRegister               
000043bf  GPIOPinTypeGPIOOutput         
000043d7  __aeabi_lmul                  
000043ef  strrchr                       
00004407  GPIOPinTypeCAN                
0000441d  GPIOPinTypeGPIOInput          
00004433  GPIOPinTypePWM                
00004449  GPIOPinTypeQEI                
0000445f  GPIOPinTypeUART               
00004475  strchr                        
0000448d  SysCtlPWMClockSet             
000044a1  UARTEnable                    
000044b5  copysign                      
000044b5  copysignl                     
000044c9  strcpy                        
000044dd  strlen                        
000044f1  PWMOutputState                
00004503  TimerLoadSet                  
00004515  __TI_zero_init_nomemset       
00004529  FPUEnable                     
00004539  FPULazyStackingEnable         
00004549  IntMasterEnable               
00004559  PWMGenPeriodSet               
00004569  QEIVelocityConfigure          
00004579  GPIOIntDisable                
00004587  GPIOIntStatus                 
00004595  QEIConfigure                  
000045a3  TimerEnable                   
000045b1  UARTCharsAvail                
000045bf  __TI_decompress_none          
000045cd  CPUcpsie                      
000045d9  GPIOIntEnable                 
000045e5  PWMGenEnable                  
000045f1  ResetISR                      
000045fd  CANEnable                     
00004607  QEIDisable                    
00004611  QEIEnable                     
0000461b  QEIIntDisable                 
00004625  QEIVelocityEnable             
0000462f  UARTCharGet                   
00004639  UARTCharPut                   
00004643  UARTIntStatus                 
0000464d  CANIntEnable                  
00004655  TimerIntEnable                
0000465d  UARTIntEnable                 
00004665  GPIOIntClear                  
0000466b  GPIOPinWrite                  
00004671  SysCtlDelay                   
00004677  UARTClockSourceSet            
0000467d  QEIPositionGet                
00004681  QEIPositionSet                
00004685  QEIVelocityGet                
00004689  TimerIntClear                 
0000468d  UARTIntClear                  
00004691  C$$EXIT                       
00004691  abort                         
00004695  _system_pre_init              
00004698  _ctypes_                      
00004b8c  __TI_Handler_Table_Base       
00004b98  __TI_Handler_Table_Limit      
00004ba8  __TI_CINIT_Base               
00004bc0  __TI_CINIT_Limit              
20000000  g_pfnRAMVectors               
20000270  __stack                       
20000470  __STACK_TOP                   
20000870  __STACK_END                   
20000874  pwmSpeed                      
20000878  desiredPos0                   
2000087c  desiredPos1                   
20000880  motornum                      
20000884  desiredVel0                   
20000888  desiredVel1                   
2000088c  dir0                          
20000890  pwmout0                       
20000894  dir1                          
20000898  pwmout1                       
2000089c  Kp0                           
200008a0  Kd0                           
200008a4  Ki0                           
200008a8  Kp1                           
200008ac  Kd1                           
200008b0  Ki1                           
200008b4  error0                        
200008b8  eprev0                        
200008bc  ediv0                         
200008c0  eint0                         
200008c4  controlsig0                   
200008c8  error1                        
200008cc  eprev1                        
200008d0  ediv1                         
200008d4  eint1                         
200008d8  controlsig1                   
200008dc  dirv0                         
200008e0  pwmoutv0                      
200008e4  dirv1                         
200008e8  pwmoutv1                      
200008ec  Kpv0                          
200008f0  Kdv0                          
200008f4  Kiv0                          
200008f8  Kpv1                          
200008fc  Kdv1                          
20000900  Kiv1                          
20000904  errorv0                       
20000908  eprevv0                       
2000090c  edivv0                        
20000910  eintv0                        
20000914  controlsigv0                  
20000918  errorv1                       
2000091c  eprevv1                       
20000920  edivv1                        
20000924  eintv1                        
20000928  controlsigv1                  
2000092c  ledFlag                       
20000930  first_node_flag               
20000934  txID                          
20000938  interrupt_counter             
2000093c  config_flag                   
20000940  g_ui32MsgCount                
20000944  g_bRXFlag                     
20000945  g_bErrFlag                    
20000948  errno                         
2000094c  stateTable                    
20000950  sCANMessageRX                 
20000964  sCANMessageTX                 
20000978  ui8MsgDataRX                  
20000980  ui8MsgDataTX                  
20000988  currMode                      
2000098c  currPosition0                 
20000990  currPosition1                 
20000994  currVel0                      
20000998  currVel1                      
2000099c  desiredAngle1                 
200009a0  desiredAngle2                 
200009a4  pui8MsgDataRX                 
200009a8  pui8MsgDataTX                 
ffffffff  __TI_pprof_out_hndl           
ffffffff  __TI_prof_data_size           
ffffffff  __TI_prof_data_start          
ffffffff  __binit__                     
ffffffff  __c_args__                    
ffffffff  binit                         
UNDEFED   __mpu_init                    
UNDEFED   _system_post_cinit            

[250 symbols]
