<?xml version="1.0"?>
<link_info>
   <banner>TI ARM Linker PC v17.9.0.STS</banner>
   <copyright>Copyright (c) 1996-2017 Texas Instruments Incorporated</copyright>
   <link_time>0x5ade3d33</link_time>
   <link_errors>0x0</link_errors>
   <output_file>qei_mit_pwm.out</output_file>
   <entry_point>
      <name>_c_int00_noargs</name>
      <address>0x4191</address>
   </entry_point>
   <input_file_list>
      <input_file id="fl-2">
         <path>.\</path>
         <kind>object</kind>
         <file>main.obj</file>
         <name>main.obj</name>
      </input_file>
      <input_file id="fl-3">
         <path>.\</path>
         <kind>object</kind>
         <file>tm4c123gh6pm_startup_ccs.obj</file>
         <name>tm4c123gh6pm_startup_ccs.obj</name>
      </input_file>
      <input_file id="fl-8">
         <kind>object</kind>
         <file>&lt;internal&gt;</file>
         <name>&lt;internal&gt;</name>
      </input_file>
      <input_file id="fl-be">
         <path>C:\ti\ccsv7\tools\compiler\ti-cgt-arm_17.9.0.STS\lib\</path>
         <kind>archive</kind>
         <file>rtsv7M4_T_le_v4SPD16_eabi.lib</file>
         <name>fd_div_t2.obj</name>
      </input_file>
      <input_file id="fl-bf">
         <path>C:\ti\ccsv7\tools\compiler\ti-cgt-arm_17.9.0.STS\lib\</path>
         <kind>archive</kind>
         <file>rtsv7M4_T_le_v4SPD16_eabi.lib</file>
         <name>fd_mul_t2.obj</name>
      </input_file>
      <input_file id="fl-c0">
         <path>C:\ti\ccsv7\tools\compiler\ti-cgt-arm_17.9.0.STS\lib\</path>
         <kind>archive</kind>
         <file>rtsv7M4_T_le_v4SPD16_eabi.lib</file>
         <name>fd_toi_t2.obj</name>
      </input_file>
      <input_file id="fl-c1">
         <path>C:\ti\ccsv7\tools\compiler\ti-cgt-arm_17.9.0.STS\lib\</path>
         <kind>archive</kind>
         <file>rtsv7M4_T_le_v4SPD16_eabi.lib</file>
         <name>fd_tou_t2.obj</name>
      </input_file>
      <input_file id="fl-c2">
         <path>C:\ti\ccsv7\tools\compiler\ti-cgt-arm_17.9.0.STS\lib\</path>
         <kind>archive</kind>
         <file>rtsv7M4_T_le_v4SPD16_eabi.lib</file>
         <name>fs_tod_t2.obj</name>
      </input_file>
      <input_file id="fl-c3">
         <path>C:\ti\ccsv7\tools\compiler\ti-cgt-arm_17.9.0.STS\lib\</path>
         <kind>archive</kind>
         <file>rtsv7M4_T_le_v4SPD16_eabi.lib</file>
         <name>u_tofd_t2.obj</name>
      </input_file>
      <input_file id="fl-c4">
         <path>C:\ti\ccsv7\tools\compiler\ti-cgt-arm_17.9.0.STS\lib\</path>
         <kind>archive</kind>
         <file>rtsv7M4_T_le_v4SPD16_eabi.lib</file>
         <name>u_divt2.obj</name>
      </input_file>
      <input_file id="fl-c5">
         <path>C:\ti\ccsv7\tools\compiler\ti-cgt-arm_17.9.0.STS\lib\</path>
         <kind>archive</kind>
         <file>rtsv7M4_T_le_v4SPD16_eabi.lib</file>
         <name>copy_zero_init.obj</name>
      </input_file>
      <input_file id="fl-c6">
         <path>C:\ti\ccsv7\tools\compiler\ti-cgt-arm_17.9.0.STS\lib\</path>
         <kind>archive</kind>
         <file>rtsv7M4_T_le_v4SPD16_eabi.lib</file>
         <name>copy_decompress_none.obj</name>
      </input_file>
      <input_file id="fl-c7">
         <path>C:\ti\ccsv7\tools\compiler\ti-cgt-arm_17.9.0.STS\lib\</path>
         <kind>archive</kind>
         <file>rtsv7M4_T_le_v4SPD16_eabi.lib</file>
         <name>copy_decompress_lzss.obj</name>
      </input_file>
      <input_file id="fl-c8">
         <path>C:\ti\ccsv7\tools\compiler\ti-cgt-arm_17.9.0.STS\lib\</path>
         <kind>archive</kind>
         <file>rtsv7M4_T_le_v4SPD16_eabi.lib</file>
         <name>i_div0.obj</name>
      </input_file>
      <input_file id="fl-c9">
         <path>C:\ti\ccsv7\tools\compiler\ti-cgt-arm_17.9.0.STS\lib\</path>
         <kind>archive</kind>
         <file>rtsv7M4_T_le_v4SPD16_eabi.lib</file>
         <name>sscanf.obj</name>
      </input_file>
      <input_file id="fl-ca">
         <path>C:\ti\ccsv7\tools\compiler\ti-cgt-arm_17.9.0.STS\lib\</path>
         <kind>archive</kind>
         <file>rtsv7M4_T_le_v4SPD16_eabi.lib</file>
         <name>boot_cortex_m.obj</name>
      </input_file>
      <input_file id="fl-cb">
         <path>C:\ti\ccsv7\tools\compiler\ti-cgt-arm_17.9.0.STS\lib\</path>
         <kind>archive</kind>
         <file>rtsv7M4_T_le_v4SPD16_eabi.lib</file>
         <name>memcpy_t2.obj</name>
      </input_file>
      <input_file id="fl-cc">
         <path>C:\ti\ccsv7\tools\compiler\ti-cgt-arm_17.9.0.STS\lib\</path>
         <kind>archive</kind>
         <file>rtsv7M4_T_le_v4SPD16_eabi.lib</file>
         <name>memset_t2.obj</name>
      </input_file>
      <input_file id="fl-cd">
         <path>C:\ti\ccsv7\tools\compiler\ti-cgt-arm_17.9.0.STS\lib\</path>
         <kind>archive</kind>
         <file>rtsv7M4_T_le_v4SPD16_eabi.lib</file>
         <name>autoinit.obj</name>
      </input_file>
      <input_file id="fl-ce">
         <path>C:\ti\ccsv7\tools\compiler\ti-cgt-arm_17.9.0.STS\lib\</path>
         <kind>archive</kind>
         <file>rtsv7M4_T_le_v4SPD16_eabi.lib</file>
         <name>pre_init.obj</name>
      </input_file>
      <input_file id="fl-cf">
         <path>C:\ti\ccsv7\tools\compiler\ti-cgt-arm_17.9.0.STS\lib\</path>
         <kind>archive</kind>
         <file>rtsv7M4_T_le_v4SPD16_eabi.lib</file>
         <name>cpy_tbl.obj</name>
      </input_file>
      <input_file id="fl-d0">
         <path>C:\ti\ccsv7\tools\compiler\ti-cgt-arm_17.9.0.STS\lib\</path>
         <kind>archive</kind>
         <file>rtsv7M4_T_le_v4SPD16_eabi.lib</file>
         <name>exit.obj</name>
      </input_file>
      <input_file id="fl-d1">
         <path>C:\ti\ccsv7\tools\compiler\ti-cgt-arm_17.9.0.STS\lib\</path>
         <kind>archive</kind>
         <file>rtsv7M4_T_le_v4SPD16_eabi.lib</file>
         <name>_lock.obj</name>
      </input_file>
      <input_file id="fl-d2">
         <path>C:\ti\ccsv7\tools\compiler\ti-cgt-arm_17.9.0.STS\lib\</path>
         <kind>archive</kind>
         <file>rtsv7M4_T_le_v4SPD16_eabi.lib</file>
         <name>_scanfi.obj</name>
      </input_file>
      <input_file id="fl-d3">
         <path>C:\ti\ccsv7\tools\compiler\ti-cgt-arm_17.9.0.STS\lib\</path>
         <kind>archive</kind>
         <file>rtsv7M4_T_le_v4SPD16_eabi.lib</file>
         <name>args_main.obj</name>
      </input_file>
      <input_file id="fl-d4">
         <path>C:\ti\ccsv7\tools\compiler\ti-cgt-arm_17.9.0.STS\lib\</path>
         <kind>archive</kind>
         <file>rtsv7M4_T_le_v4SPD16_eabi.lib</file>
         <name>atoi.obj</name>
      </input_file>
      <input_file id="fl-d5">
         <path>C:\ti\ccsv7\tools\compiler\ti-cgt-arm_17.9.0.STS\lib\</path>
         <kind>archive</kind>
         <file>rtsv7M4_T_le_v4SPD16_eabi.lib</file>
         <name>ctype.obj</name>
      </input_file>
      <input_file id="fl-d6">
         <path>C:\ti\ccsv7\tools\compiler\ti-cgt-arm_17.9.0.STS\lib\</path>
         <kind>archive</kind>
         <file>rtsv7M4_T_le_v4SPD16_eabi.lib</file>
         <name>strchr.obj</name>
      </input_file>
      <input_file id="fl-d7">
         <path>C:\ti\ccsv7\tools\compiler\ti-cgt-arm_17.9.0.STS\lib\</path>
         <kind>archive</kind>
         <file>rtsv7M4_T_le_v4SPD16_eabi.lib</file>
         <name>strcpy.obj</name>
      </input_file>
      <input_file id="fl-d8">
         <path>C:\ti\ccsv7\tools\compiler\ti-cgt-arm_17.9.0.STS\lib\</path>
         <kind>archive</kind>
         <file>rtsv7M4_T_le_v4SPD16_eabi.lib</file>
         <name>strlen.obj</name>
      </input_file>
      <input_file id="fl-d9">
         <path>C:\ti\ccsv7\tools\compiler\ti-cgt-arm_17.9.0.STS\lib\</path>
         <kind>archive</kind>
         <file>rtsv7M4_T_le_v4SPD16_eabi.lib</file>
         <name>strrchr.obj</name>
      </input_file>
      <input_file id="fl-da">
         <path>C:\ti\ccsv7\tools\compiler\ti-cgt-arm_17.9.0.STS\lib\</path>
         <kind>archive</kind>
         <file>rtsv7M4_T_le_v4SPD16_eabi.lib</file>
         <name>strtod.obj</name>
      </input_file>
      <input_file id="fl-db">
         <path>C:\ti\ccsv7\tools\compiler\ti-cgt-arm_17.9.0.STS\lib\</path>
         <kind>archive</kind>
         <file>rtsv7M4_T_le_v4SPD16_eabi.lib</file>
         <name>strtol.obj</name>
      </input_file>
      <input_file id="fl-dc">
         <path>C:\ti\ccsv7\tools\compiler\ti-cgt-arm_17.9.0.STS\lib\</path>
         <kind>archive</kind>
         <file>rtsv7M4_T_le_v4SPD16_eabi.lib</file>
         <name>strtoll.obj</name>
      </input_file>
      <input_file id="fl-dd">
         <path>C:\ti\ccsv7\tools\compiler\ti-cgt-arm_17.9.0.STS\lib\</path>
         <kind>archive</kind>
         <file>rtsv7M4_T_le_v4SPD16_eabi.lib</file>
         <name>strtoul.obj</name>
      </input_file>
      <input_file id="fl-de">
         <path>C:\ti\ccsv7\tools\compiler\ti-cgt-arm_17.9.0.STS\lib\</path>
         <kind>archive</kind>
         <file>rtsv7M4_T_le_v4SPD16_eabi.lib</file>
         <name>strtoull.obj</name>
      </input_file>
      <input_file id="fl-df">
         <path>C:\ti\ccsv7\tools\compiler\ti-cgt-arm_17.9.0.STS\lib\</path>
         <kind>archive</kind>
         <file>rtsv7M4_T_le_v4SPD16_eabi.lib</file>
         <name>s_scalbn.obj</name>
      </input_file>
      <input_file id="fl-e0">
         <path>C:\ti\ccsv7\tools\compiler\ti-cgt-arm_17.9.0.STS\lib\</path>
         <kind>archive</kind>
         <file>rtsv7M4_T_le_v4SPD16_eabi.lib</file>
         <name>s_copysign.obj</name>
      </input_file>
      <input_file id="fl-e1">
         <path>C:\ti\ccsv7\tools\compiler\ti-cgt-arm_17.9.0.STS\lib\</path>
         <kind>archive</kind>
         <file>rtsv7M4_T_le_v4SPD16_eabi.lib</file>
         <name>fd_add_t2.obj</name>
      </input_file>
      <input_file id="fl-e2">
         <path>C:\ti\ccsv7\tools\compiler\ti-cgt-arm_17.9.0.STS\lib\</path>
         <kind>archive</kind>
         <file>rtsv7M4_T_le_v4SPD16_eabi.lib</file>
         <name>fd_cmp_t2.obj</name>
      </input_file>
      <input_file id="fl-e3">
         <path>C:\ti\ccsv7\tools\compiler\ti-cgt-arm_17.9.0.STS\lib\</path>
         <kind>archive</kind>
         <file>rtsv7M4_T_le_v4SPD16_eabi.lib</file>
         <name>fd_tos_t2.obj</name>
      </input_file>
      <input_file id="fl-e4">
         <path>C:\ti\ccsv7\tools\compiler\ti-cgt-arm_17.9.0.STS\lib\</path>
         <kind>archive</kind>
         <file>rtsv7M4_T_le_v4SPD16_eabi.lib</file>
         <name>ll_mul_t2.obj</name>
      </input_file>
      <input_file id="fl-e5">
         <path>C:\ti\ccsv7\tools\compiler\ti-cgt-arm_17.9.0.STS\lib\</path>
         <kind>archive</kind>
         <file>rtsv7M4_T_le_v4SPD16_eabi.lib</file>
         <name>ull_div_t2.obj</name>
      </input_file>
      <input_file id="fl-e6">
         <path>C:\ti\ccsv7\tools\compiler\ti-cgt-arm_17.9.0.STS\lib\</path>
         <kind>archive</kind>
         <file>rtsv7M4_T_le_v4SPD16_eabi.lib</file>
         <name>errno.obj</name>
      </input_file>
      <input_file id="fl-e7">
         <path>C:\ti\TivaWare_C_Series-2.1.3.156\driverlib\ccs\Debug\</path>
         <kind>archive</kind>
         <file>driverlib.lib</file>
         <name>can.obj</name>
      </input_file>
      <input_file id="fl-e8">
         <path>C:\ti\TivaWare_C_Series-2.1.3.156\driverlib\ccs\Debug\</path>
         <kind>archive</kind>
         <file>driverlib.lib</file>
         <name>fpu.obj</name>
      </input_file>
      <input_file id="fl-e9">
         <path>C:\ti\TivaWare_C_Series-2.1.3.156\driverlib\ccs\Debug\</path>
         <kind>archive</kind>
         <file>driverlib.lib</file>
         <name>gpio.obj</name>
      </input_file>
      <input_file id="fl-ea">
         <path>C:\ti\TivaWare_C_Series-2.1.3.156\driverlib\ccs\Debug\</path>
         <kind>archive</kind>
         <file>driverlib.lib</file>
         <name>interrupt.obj</name>
      </input_file>
      <input_file id="fl-eb">
         <path>C:\ti\TivaWare_C_Series-2.1.3.156\driverlib\ccs\Debug\</path>
         <kind>archive</kind>
         <file>driverlib.lib</file>
         <name>pwm.obj</name>
      </input_file>
      <input_file id="fl-ec">
         <path>C:\ti\TivaWare_C_Series-2.1.3.156\driverlib\ccs\Debug\</path>
         <kind>archive</kind>
         <file>driverlib.lib</file>
         <name>qei.obj</name>
      </input_file>
      <input_file id="fl-ed">
         <path>C:\ti\TivaWare_C_Series-2.1.3.156\driverlib\ccs\Debug\</path>
         <kind>archive</kind>
         <file>driverlib.lib</file>
         <name>sysctl.obj</name>
      </input_file>
      <input_file id="fl-ee">
         <path>C:\ti\TivaWare_C_Series-2.1.3.156\driverlib\ccs\Debug\</path>
         <kind>archive</kind>
         <file>driverlib.lib</file>
         <name>timer.obj</name>
      </input_file>
      <input_file id="fl-ef">
         <path>C:\ti\TivaWare_C_Series-2.1.3.156\driverlib\ccs\Debug\</path>
         <kind>archive</kind>
         <file>driverlib.lib</file>
         <name>uart.obj</name>
      </input_file>
      <input_file id="fl-f0">
         <path>C:\ti\TivaWare_C_Series-2.1.3.156\driverlib\ccs\Debug\</path>
         <kind>archive</kind>
         <file>driverlib.lib</file>
         <name>cpu.obj</name>
      </input_file>
   </input_file_list>
   <object_component_list>
      <object_component id="oc-f">
         <name>.intvecs</name>
         <load_address>0x0</load_address>
         <run_address>0x0</run_address>
         <size>0x26c</size>
         <input_file_ref idref="fl-3"/>
      </object_component>
      <object_component id="oc-2a">
         <name>.text</name>
         <load_address>0x26c</load_address>
         <run_address>0x26c</run_address>
         <size>0x16fc</size>
         <input_file_ref idref="fl-2"/>
      </object_component>
      <object_component id="oc-299">
         <name>.text</name>
         <load_address>0x1968</load_address>
         <run_address>0x1968</run_address>
         <size>0xa18</size>
         <input_file_ref idref="fl-d2"/>
      </object_component>
      <object_component id="oc-37d">
         <name>.text</name>
         <load_address>0x2380</load_address>
         <run_address>0x2380</run_address>
         <size>0x45c</size>
         <input_file_ref idref="fl-da"/>
      </object_component>
      <object_component id="oc-3fe">
         <name>.text</name>
         <load_address>0x27dc</load_address>
         <run_address>0x27dc</run_address>
         <size>0x1f4</size>
         <input_file_ref idref="fl-e5"/>
      </object_component>
      <object_component id="oc-38e">
         <name>.text</name>
         <load_address>0x29d0</load_address>
         <run_address>0x29d0</run_address>
         <size>0x1dc</size>
         <input_file_ref idref="fl-dc"/>
      </object_component>
      <object_component id="oc-40a">
         <name>.text</name>
         <load_address>0x2bac</load_address>
         <run_address>0x2bac</run_address>
         <size>0x1b6</size>
         <input_file_ref idref="fl-e1"/>
      </object_component>
      <object_component id="oc-280">
         <name>.text</name>
         <load_address>0x2d62</load_address>
         <run_address>0x2d62</run_address>
         <size>0x2</size>
         <input_file_ref idref="fl-c8"/>
      </object_component>
      <object_component id="oc-371">
         <name>.text</name>
         <load_address>0x2d64</load_address>
         <run_address>0x2d64</run_address>
         <size>0x15c</size>
         <input_file_ref idref="fl-de"/>
      </object_component>
      <object_component id="oc-1a5">
         <name>.text</name>
         <load_address>0x2ec0</load_address>
         <run_address>0x2ec0</run_address>
         <size>0x136</size>
         <input_file_ref idref="fl-be"/>
      </object_component>
      <object_component id="oc-388">
         <name>.text</name>
         <load_address>0x2ff8</load_address>
         <run_address>0x2ff8</run_address>
         <size>0x134</size>
         <input_file_ref idref="fl-db"/>
      </object_component>
      <object_component id="oc-119">
         <name>.text:GPIOPadConfigSet</name>
         <load_address>0x312c</load_address>
         <run_address>0x312c</run_address>
         <size>0x132</size>
         <input_file_ref idref="fl-e9"/>
      </object_component>
      <object_component id="oc-14d">
         <name>.text:CANMessageSet</name>
         <load_address>0x325e</load_address>
         <run_address>0x325e</run_address>
         <size>0x130</size>
         <input_file_ref idref="fl-e7"/>
      </object_component>
      <object_component id="oc-377">
         <name>.text</name>
         <load_address>0x3390</load_address>
         <run_address>0x3390</run_address>
         <size>0x114</size>
         <input_file_ref idref="fl-dd"/>
      </object_component>
      <object_component id="oc-10c">
         <name>.text:SysCtlClockGet</name>
         <load_address>0x34a4</load_address>
         <run_address>0x34a4</run_address>
         <size>0x110</size>
         <input_file_ref idref="fl-ed"/>
      </object_component>
      <object_component id="oc-144">
         <name>.text:CANMessageGet</name>
         <load_address>0x35b4</load_address>
         <run_address>0x35b4</run_address>
         <size>0x10e</size>
         <input_file_ref idref="fl-e7"/>
      </object_component>
      <object_component id="oc-1aa">
         <name>.text</name>
         <load_address>0x36c2</load_address>
         <run_address>0x36c2</run_address>
         <size>0xfc</size>
         <input_file_ref idref="fl-bf"/>
      </object_component>
      <object_component id="oc-e8">
         <name>.text:SysCtlClockSet</name>
         <load_address>0x37c0</load_address>
         <run_address>0x37c0</run_address>
         <size>0xf4</size>
         <input_file_ref idref="fl-ed"/>
      </object_component>
      <object_component id="oc-414">
         <name>.text</name>
         <load_address>0x38b4</load_address>
         <run_address>0x38b4</run_address>
         <size>0xf4</size>
         <input_file_ref idref="fl-df"/>
      </object_component>
      <object_component id="oc-df">
         <name>.text</name>
         <load_address>0x39a8</load_address>
         <run_address>0x39a8</run_address>
         <size>0xcc</size>
         <input_file_ref idref="fl-c9"/>
      </object_component>
      <object_component id="oc-3e">
         <name>.text</name>
         <load_address>0x3a74</load_address>
         <run_address>0x3a74</run_address>
         <size>0x9c</size>
         <input_file_ref idref="fl-cb"/>
      </object_component>
      <object_component id="oc-40f">
         <name>.text:__aeabi_cdcmple</name>
         <load_address>0x3b10</load_address>
         <run_address>0x3b10</run_address>
         <size>0x86</size>
         <input_file_ref idref="fl-e2"/>
      </object_component>
      <object_component id="oc-254">
         <name>.text</name>
         <load_address>0x3b96</load_address>
         <run_address>0x3b96</run_address>
         <size>0x7a</size>
         <input_file_ref idref="fl-cc"/>
      </object_component>
      <object_component id="oc-383">
         <name>.text</name>
         <load_address>0x3c10</load_address>
         <run_address>0x3c10</run_address>
         <size>0x6e</size>
         <input_file_ref idref="fl-e3"/>
      </object_component>
      <object_component id="oc-165">
         <name>.text:CANBitRateSet</name>
         <load_address>0x3c80</load_address>
         <run_address>0x3c80</run_address>
         <size>0x6c</size>
         <input_file_ref idref="fl-e7"/>
      </object_component>
      <object_component id="oc-100">
         <name>.text:IntEnable</name>
         <load_address>0x3cec</load_address>
         <run_address>0x3cec</run_address>
         <size>0x68</size>
         <input_file_ref idref="fl-ea"/>
      </object_component>
      <object_component id="oc-12">
         <name>.text:decompress:lzss</name>
         <load_address>0x3d54</load_address>
         <run_address>0x3d54</run_address>
         <size>0x68</size>
         <input_file_ref idref="fl-c7"/>
      </object_component>
      <object_component id="oc-182">
         <name>.text:TimerConfigure</name>
         <load_address>0x3dbc</load_address>
         <run_address>0x3dbc</run_address>
         <size>0x60</size>
         <input_file_ref idref="fl-ee"/>
      </object_component>
      <object_component id="oc-11f">
         <name>.text:GPIOIntTypeSet</name>
         <load_address>0x3e1c</load_address>
         <run_address>0x3e1c</run_address>
         <size>0x58</size>
         <input_file_ref idref="fl-e9"/>
      </object_component>
      <object_component id="oc-153">
         <name>.text:GPIOPinConfigure</name>
         <load_address>0x3e74</load_address>
         <run_address>0x3e74</run_address>
         <size>0x4c</size>
         <input_file_ref idref="fl-e9"/>
      </object_component>
      <object_component id="oc-3a0">
         <name>.text</name>
         <load_address>0x3ec0</load_address>
         <run_address>0x3ec0</run_address>
         <size>0x4c</size>
         <input_file_ref idref="fl-d4"/>
      </object_component>
      <object_component id="oc-1af">
         <name>.text</name>
         <load_address>0x3f0c</load_address>
         <run_address>0x3f0c</run_address>
         <size>0x48</size>
         <input_file_ref idref="fl-c0"/>
      </object_component>
      <object_component id="oc-7d">
         <name>.text:UARTConfigSetExpClk</name>
         <load_address>0x3f54</load_address>
         <run_address>0x3f54</run_address>
         <size>0x46</size>
         <input_file_ref idref="fl-ef"/>
      </object_component>
      <object_component id="oc-329">
         <name>.text:__TI_auto_init_nobinit_nopinit</name>
         <load_address>0x3f9c</load_address>
         <run_address>0x3f9c</run_address>
         <size>0x44</size>
         <input_file_ref idref="fl-cd"/>
      </object_component>
      <object_component id="oc-1e3">
         <name>.text</name>
         <load_address>0x3fe0</load_address>
         <run_address>0x3fe0</run_address>
         <size>0x44</size>
         <input_file_ref idref="fl-c1"/>
      </object_component>
      <object_component id="oc-b5">
         <name>.text:CANStatusGet</name>
         <load_address>0x4024</load_address>
         <run_address>0x4024</run_address>
         <size>0x40</size>
         <input_file_ref idref="fl-e7"/>
      </object_component>
      <object_component id="oc-2c4">
         <name>.text:_GPIOIntNumberGet</name>
         <load_address>0x4064</load_address>
         <run_address>0x4064</run_address>
         <size>0x40</size>
         <input_file_ref idref="fl-e9"/>
      </object_component>
      <object_component id="oc-9e">
         <name>.text</name>
         <load_address>0x40a4</load_address>
         <run_address>0x40a4</run_address>
         <size>0x40</size>
         <input_file_ref idref="fl-c4"/>
      </object_component>
      <object_component id="oc-15f">
         <name>.text:CANInit</name>
         <load_address>0x40e4</load_address>
         <run_address>0x40e4</run_address>
         <size>0x3a</size>
         <input_file_ref idref="fl-e7"/>
      </object_component>
      <object_component id="oc-71">
         <name>.text:SysCtlPeripheralPresent</name>
         <load_address>0x4120</load_address>
         <run_address>0x4120</run_address>
         <size>0x38</size>
         <input_file_ref idref="fl-ed"/>
      </object_component>
      <object_component id="oc-21b">
         <name>.text:SysCtlPeripheralReady</name>
         <load_address>0x4158</load_address>
         <run_address>0x4158</run_address>
         <size>0x38</size>
         <input_file_ref idref="fl-ed"/>
      </object_component>
      <object_component id="oc-5c">
         <name>.text:_c_int00_noargs</name>
         <load_address>0x4190</load_address>
         <run_address>0x4190</run_address>
         <size>0x38</size>
         <input_file_ref idref="fl-ca"/>
      </object_component>
      <object_component id="oc-1a0">
         <name>.text</name>
         <load_address>0x41c8</load_address>
         <run_address>0x41c8</run_address>
         <size>0x38</size>
         <input_file_ref idref="fl-c2"/>
      </object_component>
      <object_component id="oc-2ca">
         <name>.text:IntRegister</name>
         <load_address>0x4200</load_address>
         <run_address>0x4200</run_address>
         <size>0x34</size>
         <input_file_ref idref="fl-ea"/>
      </object_component>
      <object_component id="oc-77">
         <name>.text:SysCtlPeripheralEnable</name>
         <load_address>0x4234</load_address>
         <run_address>0x4234</run_address>
         <size>0x34</size>
         <input_file_ref idref="fl-ed"/>
      </object_component>
      <object_component id="oc-2bb">
         <name>.text:GPIODirModeSet</name>
         <load_address>0x4268</load_address>
         <run_address>0x4268</run_address>
         <size>0x2c</size>
         <input_file_ref idref="fl-e9"/>
      </object_component>
      <object_component id="oc-2d6">
         <name>.text:_CANDataRegRead</name>
         <load_address>0x4294</load_address>
         <run_address>0x4294</run_address>
         <size>0x2a</size>
         <input_file_ref idref="fl-e7"/>
      </object_component>
      <object_component id="oc-2dd">
         <name>.text:_CANDataRegWrite</name>
         <load_address>0x42be</load_address>
         <run_address>0x42be</run_address>
         <size>0x24</size>
         <input_file_ref idref="fl-e7"/>
      </object_component>
      <object_component id="oc-bb">
         <name>.text:CANIntClear</name>
         <load_address>0x42e2</load_address>
         <run_address>0x42e2</run_address>
         <size>0x22</size>
         <input_file_ref idref="fl-e7"/>
      </object_component>
      <object_component id="oc-203">
         <name>.text:PWMGenConfigure</name>
         <load_address>0x4304</load_address>
         <run_address>0x4304</run_address>
         <size>0x22</size>
         <input_file_ref idref="fl-eb"/>
      </object_component>
      <object_component id="oc-af">
         <name>.text:CANIntStatus</name>
         <load_address>0x4326</load_address>
         <run_address>0x4326</run_address>
         <size>0x20</size>
         <input_file_ref idref="fl-e7"/>
      </object_component>
      <object_component id="oc-26f">
         <name>.text:UARTDisable</name>
         <load_address>0x4348</load_address>
         <run_address>0x4348</run_address>
         <size>0x20</size>
         <input_file_ref idref="fl-ef"/>
      </object_component>
      <object_component id="oc-1de">
         <name>.text</name>
         <load_address>0x4368</load_address>
         <run_address>0x4368</run_address>
         <size>0x20</size>
         <input_file_ref idref="fl-c3"/>
      </object_component>
      <object_component id="oc-19a">
         <name>.text:PWMPulseWidthSet</name>
         <load_address>0x4388</load_address>
         <run_address>0x4388</run_address>
         <size>0x1e</size>
         <input_file_ref idref="fl-eb"/>
      </object_component>
      <object_component id="oc-125">
         <name>.text:GPIOIntRegister</name>
         <load_address>0x43a6</load_address>
         <run_address>0x43a6</run_address>
         <size>0x18</size>
         <input_file_ref idref="fl-e9"/>
      </object_component>
      <object_component id="oc-131">
         <name>.text:GPIOPinTypeGPIOOutput</name>
         <load_address>0x43be</load_address>
         <run_address>0x43be</run_address>
         <size>0x18</size>
         <input_file_ref idref="fl-e9"/>
      </object_component>
      <object_component id="oc-3f9">
         <name>.text</name>
         <load_address>0x43d6</load_address>
         <run_address>0x43d6</run_address>
         <size>0x18</size>
         <input_file_ref idref="fl-e4"/>
      </object_component>
      <object_component id="oc-36b">
         <name>.text</name>
         <load_address>0x43ee</load_address>
         <run_address>0x43ee</run_address>
         <size>0x18</size>
         <input_file_ref idref="fl-d9"/>
      </object_component>
      <object_component id="oc-159">
         <name>.text:GPIOPinTypeCAN</name>
         <load_address>0x4406</load_address>
         <run_address>0x4406</run_address>
         <size>0x16</size>
         <input_file_ref idref="fl-e9"/>
      </object_component>
      <object_component id="oc-113">
         <name>.text:GPIOPinTypeGPIOInput</name>
         <load_address>0x441c</load_address>
         <run_address>0x441c</run_address>
         <size>0x16</size>
         <input_file_ref idref="fl-e9"/>
      </object_component>
      <object_component id="oc-1fd">
         <name>.text:GPIOPinTypePWM</name>
         <load_address>0x4432</load_address>
         <run_address>0x4432</run_address>
         <size>0x16</size>
         <input_file_ref idref="fl-e9"/>
      </object_component>
      <object_component id="oc-1c0">
         <name>.text:GPIOPinTypeQEI</name>
         <load_address>0x4448</load_address>
         <run_address>0x4448</run_address>
         <size>0x16</size>
         <input_file_ref idref="fl-e9"/>
      </object_component>
      <object_component id="oc-227">
         <name>.text:GPIOPinTypeUART</name>
         <load_address>0x445e</load_address>
         <run_address>0x445e</run_address>
         <size>0x16</size>
         <input_file_ref idref="fl-e9"/>
      </object_component>
      <object_component id="oc-3a6">
         <name>.text</name>
         <load_address>0x4474</load_address>
         <run_address>0x4474</run_address>
         <size>0x16</size>
         <input_file_ref idref="fl-d6"/>
      </object_component>
      <object_component id="oc-1f7">
         <name>.text:SysCtlPWMClockSet</name>
         <load_address>0x448c</load_address>
         <run_address>0x448c</run_address>
         <size>0x14</size>
         <input_file_ref idref="fl-ed"/>
      </object_component>
      <object_component id="oc-83">
         <name>.text:UARTEnable</name>
         <load_address>0x44a0</load_address>
         <run_address>0x44a0</run_address>
         <size>0x14</size>
         <input_file_ref idref="fl-ef"/>
      </object_component>
      <object_component id="oc-469">
         <name>.text</name>
         <load_address>0x44b4</load_address>
         <run_address>0x44b4</run_address>
         <size>0x14</size>
         <input_file_ref idref="fl-e0"/>
      </object_component>
      <object_component id="oc-394">
         <name>.text</name>
         <load_address>0x44c8</load_address>
         <run_address>0x44c8</run_address>
         <size>0x14</size>
         <input_file_ref idref="fl-d7"/>
      </object_component>
      <object_component id="oc-39a">
         <name>.text</name>
         <load_address>0x44dc</load_address>
         <run_address>0x44dc</run_address>
         <size>0x14</size>
         <input_file_ref idref="fl-d8"/>
      </object_component>
      <object_component id="oc-215">
         <name>.text:PWMOutputState</name>
         <load_address>0x44f0</load_address>
         <run_address>0x44f0</run_address>
         <size>0x12</size>
         <input_file_ref idref="fl-eb"/>
      </object_component>
      <object_component id="oc-188">
         <name>.text:TimerLoadSet</name>
         <load_address>0x4502</load_address>
         <run_address>0x4502</run_address>
         <size>0x12</size>
         <input_file_ref idref="fl-ee"/>
      </object_component>
      <object_component id="oc-4a">
         <name>.text:decompress:ZI:__TI_zero_init_nomemset</name>
         <load_address>0x4514</load_address>
         <run_address>0x4514</run_address>
         <size>0x12</size>
         <input_file_ref idref="fl-c5"/>
      </object_component>
      <object_component id="oc-f4">
         <name>.text:FPUEnable</name>
         <load_address>0x4528</load_address>
         <run_address>0x4528</run_address>
         <size>0x10</size>
         <input_file_ref idref="fl-e8"/>
      </object_component>
      <object_component id="oc-ee">
         <name>.text:FPULazyStackingEnable</name>
         <load_address>0x4538</load_address>
         <run_address>0x4538</run_address>
         <size>0x10</size>
         <input_file_ref idref="fl-e8"/>
      </object_component>
      <object_component id="oc-fa">
         <name>.text:IntMasterEnable</name>
         <load_address>0x4548</load_address>
         <run_address>0x4548</run_address>
         <size>0x10</size>
         <input_file_ref idref="fl-ea"/>
      </object_component>
      <object_component id="oc-209">
         <name>.text:PWMGenPeriodSet</name>
         <load_address>0x4558</load_address>
         <run_address>0x4558</run_address>
         <size>0x10</size>
         <input_file_ref idref="fl-eb"/>
      </object_component>
      <object_component id="oc-1e8">
         <name>.text:QEIVelocityConfigure</name>
         <load_address>0x4568</load_address>
         <run_address>0x4568</run_address>
         <size>0x10</size>
         <input_file_ref idref="fl-ec"/>
      </object_component>
      <object_component id="oc-137">
         <name>.text:GPIOIntDisable</name>
         <load_address>0x4578</load_address>
         <run_address>0x4578</run_address>
         <size>0xe</size>
         <input_file_ref idref="fl-e9"/>
      </object_component>
      <object_component id="oc-a3">
         <name>.text:GPIOIntStatus</name>
         <load_address>0x4586</load_address>
         <run_address>0x4586</run_address>
         <size>0xe</size>
         <input_file_ref idref="fl-e9"/>
      </object_component>
      <object_component id="oc-1d2">
         <name>.text:QEIConfigure</name>
         <load_address>0x4594</load_address>
         <run_address>0x4594</run_address>
         <size>0xe</size>
         <input_file_ref idref="fl-ec"/>
      </object_component>
      <object_component id="oc-194">
         <name>.text:TimerEnable</name>
         <load_address>0x45a2</load_address>
         <run_address>0x45a2</run_address>
         <size>0xe</size>
         <input_file_ref idref="fl-ee"/>
      </object_component>
      <object_component id="oc-d9">
         <name>.text:UARTCharsAvail</name>
         <load_address>0x45b0</load_address>
         <run_address>0x45b0</run_address>
         <size>0xe</size>
         <input_file_ref idref="fl-ef"/>
      </object_component>
      <object_component id="oc-18">
         <name>.text:decompress:none</name>
         <load_address>0x45be</load_address>
         <run_address>0x45be</run_address>
         <size>0xe</size>
         <input_file_ref idref="fl-c6"/>
      </object_component>
      <object_component id="oc-2aa">
         <name>.text:CPUcpsie</name>
         <load_address>0x45cc</load_address>
         <run_address>0x45cc</run_address>
         <size>0xc</size>
         <input_file_ref idref="fl-f0"/>
      </object_component>
      <object_component id="oc-12b">
         <name>.text:GPIOIntEnable</name>
         <load_address>0x45d8</load_address>
         <run_address>0x45d8</run_address>
         <size>0xc</size>
         <input_file_ref idref="fl-e9"/>
      </object_component>
      <object_component id="oc-20f">
         <name>.text:PWMGenEnable</name>
         <load_address>0x45e4</load_address>
         <run_address>0x45e4</run_address>
         <size>0xc</size>
         <input_file_ref idref="fl-eb"/>
      </object_component>
      <object_component id="oc-24">
         <name>.text</name>
         <load_address>0x45f0</load_address>
         <run_address>0x45f0</run_address>
         <size>0xc</size>
         <input_file_ref idref="fl-3"/>
      </object_component>
      <object_component id="oc-171">
         <name>.text:CANEnable</name>
         <load_address>0x45fc</load_address>
         <run_address>0x45fc</run_address>
         <size>0xa</size>
         <input_file_ref idref="fl-e7"/>
      </object_component>
      <object_component id="oc-1c6">
         <name>.text:QEIDisable</name>
         <load_address>0x4606</load_address>
         <run_address>0x4606</run_address>
         <size>0xa</size>
         <input_file_ref idref="fl-ec"/>
      </object_component>
      <object_component id="oc-1d8">
         <name>.text:QEIEnable</name>
         <load_address>0x4610</load_address>
         <run_address>0x4610</run_address>
         <size>0xa</size>
         <input_file_ref idref="fl-ec"/>
      </object_component>
      <object_component id="oc-1cc">
         <name>.text:QEIIntDisable</name>
         <load_address>0x461a</load_address>
         <run_address>0x461a</run_address>
         <size>0xa</size>
         <input_file_ref idref="fl-ec"/>
      </object_component>
      <object_component id="oc-1ee">
         <name>.text:QEIVelocityEnable</name>
         <load_address>0x4624</load_address>
         <run_address>0x4624</run_address>
         <size>0xa</size>
         <input_file_ref idref="fl-ec"/>
      </object_component>
      <object_component id="oc-8f">
         <name>.text:UARTCharGet</name>
         <load_address>0x462e</load_address>
         <run_address>0x462e</run_address>
         <size>0xa</size>
         <input_file_ref idref="fl-ef"/>
      </object_component>
      <object_component id="oc-89">
         <name>.text:UARTCharPut</name>
         <load_address>0x4638</load_address>
         <run_address>0x4638</run_address>
         <size>0xa</size>
         <input_file_ref idref="fl-ef"/>
      </object_component>
      <object_component id="oc-cd">
         <name>.text:UARTIntStatus</name>
         <load_address>0x4642</load_address>
         <run_address>0x4642</run_address>
         <size>0xa</size>
         <input_file_ref idref="fl-ef"/>
      </object_component>
      <object_component id="oc-16b">
         <name>.text:CANIntEnable</name>
         <load_address>0x464c</load_address>
         <run_address>0x464c</run_address>
         <size>0x8</size>
         <input_file_ref idref="fl-e7"/>
      </object_component>
      <object_component id="oc-18e">
         <name>.text:TimerIntEnable</name>
         <load_address>0x4654</load_address>
         <run_address>0x4654</run_address>
         <size>0x8</size>
         <input_file_ref idref="fl-ee"/>
      </object_component>
      <object_component id="oc-106">
         <name>.text:UARTIntEnable</name>
         <load_address>0x465c</load_address>
         <run_address>0x465c</run_address>
         <size>0x8</size>
         <input_file_ref idref="fl-ef"/>
      </object_component>
      <object_component id="oc-a9">
         <name>.text:GPIOIntClear</name>
         <load_address>0x4664</load_address>
         <run_address>0x4664</run_address>
         <size>0x6</size>
         <input_file_ref idref="fl-e9"/>
      </object_component>
      <object_component id="oc-c7">
         <name>.text:GPIOPinWrite</name>
         <load_address>0x466a</load_address>
         <run_address>0x466a</run_address>
         <size>0x6</size>
         <input_file_ref idref="fl-e9"/>
      </object_component>
      <object_component id="oc-112">
         <name>.text:SysCtlDelay</name>
         <load_address>0x4670</load_address>
         <run_address>0x4670</run_address>
         <size>0x6</size>
         <input_file_ref idref="fl-ed"/>
      </object_component>
      <object_component id="oc-221">
         <name>.text:UARTClockSourceSet</name>
         <load_address>0x4676</load_address>
         <run_address>0x4676</run_address>
         <size>0x6</size>
         <input_file_ref idref="fl-ef"/>
      </object_component>
      <object_component id="oc-1b4">
         <name>.text:QEIPositionGet</name>
         <load_address>0x467c</load_address>
         <run_address>0x467c</run_address>
         <size>0x4</size>
         <input_file_ref idref="fl-ec"/>
      </object_component>
      <object_component id="oc-1ba">
         <name>.text:QEIPositionSet</name>
         <load_address>0x4680</load_address>
         <run_address>0x4680</run_address>
         <size>0x4</size>
         <input_file_ref idref="fl-ec"/>
      </object_component>
      <object_component id="oc-17a">
         <name>.text:QEIVelocityGet</name>
         <load_address>0x4684</load_address>
         <run_address>0x4684</run_address>
         <size>0x4</size>
         <input_file_ref idref="fl-ec"/>
      </object_component>
      <object_component id="oc-c1">
         <name>.text:TimerIntClear</name>
         <load_address>0x4688</load_address>
         <run_address>0x4688</run_address>
         <size>0x4</size>
         <input_file_ref idref="fl-ee"/>
      </object_component>
      <object_component id="oc-d3">
         <name>.text:UARTIntClear</name>
         <load_address>0x468c</load_address>
         <run_address>0x468c</run_address>
         <size>0x4</size>
         <input_file_ref idref="fl-ef"/>
      </object_component>
      <object_component id="oc-31d">
         <name>.text:abort</name>
         <load_address>0x4690</load_address>
         <run_address>0x4690</run_address>
         <size>0x4</size>
         <input_file_ref idref="fl-d0"/>
      </object_component>
      <object_component id="oc-25a">
         <name>.text</name>
         <load_address>0x4694</load_address>
         <run_address>0x4694</run_address>
         <size>0x4</size>
         <input_file_ref idref="fl-ce"/>
      </object_component>
      <object_component id="oc-29f">
         <name>.const:.string:_ctypes_</name>
         <load_address>0x4698</load_address>
         <run_address>0x4698</run_address>
         <size>0x101</size>
         <input_file_ref idref="fl-d5"/>
      </object_component>
      <object_component id="oc-e5">
         <name>.const</name>
         <load_address>0x479c</load_address>
         <run_address>0x479c</run_address>
         <size>0x4</size>
         <input_file_ref idref="fl-2"/>
      </object_component>
      <object_component id="oc-41a">
         <name>.const:$O1$$</name>
         <load_address>0x47a0</load_address>
         <run_address>0x47a0</run_address>
         <size>0xc8</size>
         <input_file_ref idref="fl-da"/>
      </object_component>
      <object_component id="oc-3c2">
         <name>.const:g_ppui32GPIOIntMapBlizzard</name>
         <load_address>0x4868</load_address>
         <run_address>0x4868</run_address>
         <size>0xc0</size>
         <input_file_ref idref="fl-e9"/>
      </object_component>
      <object_component id="oc-3c5">
         <name>.const:g_ppui32GPIOIntMapSnowflake</name>
         <load_address>0x4928</load_address>
         <run_address>0x4928</run_address>
         <size>0xc0</size>
         <input_file_ref idref="fl-e9"/>
      </object_component>
      <object_component id="oc-2e4">
         <name>.const:g_pui32GPIOBaseAddrs</name>
         <load_address>0x49e8</load_address>
         <run_address>0x49e8</run_address>
         <size>0x90</size>
         <input_file_ref idref="fl-e9"/>
      </object_component>
      <object_component id="oc-2b7">
         <name>.const:g_pui32Xtals</name>
         <load_address>0x4a78</load_address>
         <run_address>0x4a78</run_address>
         <size>0x6c</size>
         <input_file_ref idref="fl-ed"/>
      </object_component>
      <object_component id="oc-2ea">
         <name>.const:g_ui16CANBitValues</name>
         <load_address>0x4ae4</load_address>
         <run_address>0x4ae4</run_address>
         <size>0x20</size>
         <input_file_ref idref="fl-e7"/>
      </object_component>
      <object_component id="oc-2b1">
         <name>.const:g_pui32EnRegs</name>
         <load_address>0x4b04</load_address>
         <run_address>0x4b04</run_address>
         <size>0x14</size>
         <input_file_ref idref="fl-ea"/>
      </object_component>
      <object_component id="oc-2a4">
         <name>.const:.string</name>
         <load_address>0x4b18</load_address>
         <run_address>0x4b18</run_address>
         <size>0x12</size>
         <input_file_ref idref="fl-2"/>
      </object_component>
      <object_component id="oc-3ac">
         <name>.const:$O1$$</name>
         <load_address>0x4b2c</load_address>
         <run_address>0x4b2c</run_address>
         <size>0x10</size>
         <input_file_ref idref="fl-d2"/>
      </object_component>
      <object_component id="oc-9b">
         <name>.const:g_ui32UARTBase</name>
         <load_address>0x4b3c</load_address>
         <run_address>0x4b3c</run_address>
         <size>0xc</size>
         <input_file_ref idref="fl-2"/>
      </object_component>
      <object_component id="oc-95">
         <name>.const:g_ui32UARTPeriph</name>
         <load_address>0x4b48</load_address>
         <run_address>0x4b48</run_address>
         <size>0xc</size>
         <input_file_ref idref="fl-2"/>
      </object_component>
      <object_component id="oc-4bd">
         <name>.cinit..data.load</name>
         <load_address>0x4b58</load_address>
         <run_address>0x4b58</run_address>
         <size>0x31</size>
      </object_component>
      <object_component id="oc-4ba">
         <name>__TI_handler_table</name>
         <load_address>0x4b8c</load_address>
         <run_address>0x4b8c</run_address>
         <size>0xc</size>
      </object_component>
      <object_component id="oc-4be">
         <name>.cinit..bss.load</name>
         <load_address>0x4b98</load_address>
         <run_address>0x4b98</run_address>
         <size>0x8</size>
      </object_component>
      <object_component id="oc-4bc">
         <name>.cinit..vtable.load</name>
         <load_address>0x4ba0</load_address>
         <run_address>0x4ba0</run_address>
         <size>0x8</size>
      </object_component>
      <object_component id="oc-4bb">
         <name>__TI_cinit_table</name>
         <load_address>0x4ba8</load_address>
         <run_address>0x4ba8</run_address>
         <size>0x18</size>
      </object_component>
      <object_component id="oc-3c9">
         <name>.vtable</name>
         <uninitialized>true</uninitialized>
         <run_address>0x20000000</run_address>
         <size>0x26c</size>
         <input_file_ref idref="fl-ea"/>
      </object_component>
      <object_component id="oc-98">
         <name>.data</name>
         <load_address>0x20000870</load_address>
         <run_address>0x20000870</run_address>
         <size>0xd7</size>
         <input_file_ref idref="fl-2"/>
      </object_component>
      <object_component id="oc-1f4">
         <name>.data:stateTable</name>
         <load_address>0x2000094c</load_address>
         <run_address>0x2000094c</run_address>
         <size>0x4</size>
         <input_file_ref idref="fl-2"/>
      </object_component>
      <object_component id="oc-403">
         <name>.data</name>
         <load_address>0x20000948</load_address>
         <run_address>0x20000948</run_address>
         <size>0x4</size>
         <input_file_ref idref="fl-e6"/>
      </object_component>
      <object_component id="oc-143">
         <name>.common:currPosition0</name>
         <uninitialized>true</uninitialized>
         <run_address>0x2000098c</run_address>
         <size>0x4</size>
      </object_component>
      <object_component id="oc-142">
         <name>.common:currPosition1</name>
         <uninitialized>true</uninitialized>
         <run_address>0x20000990</run_address>
         <size>0x4</size>
      </object_component>
      <object_component id="oc-181">
         <name>.common:currVel0</name>
         <uninitialized>true</uninitialized>
         <run_address>0x20000994</run_address>
         <size>0x4</size>
      </object_component>
      <object_component id="oc-180">
         <name>.common:currVel1</name>
         <uninitialized>true</uninitialized>
         <run_address>0x20000998</run_address>
         <size>0x4</size>
      </object_component>
      <object_component id="oc-179">
         <name>.common:sCANMessageTX</name>
         <uninitialized>true</uninitialized>
         <run_address>0x20000964</run_address>
         <size>0x14</size>
      </object_component>
      <object_component id="oc-13d">
         <name>.common:pui8MsgDataTX</name>
         <uninitialized>true</uninitialized>
         <run_address>0x200009a8</run_address>
         <size>0x4</size>
      </object_component>
      <object_component id="oc-140">
         <name>.common:ui8MsgDataTX</name>
         <uninitialized>true</uninitialized>
         <run_address>0x20000980</run_address>
         <size>0x8</size>
      </object_component>
      <object_component id="oc-177">
         <name>.common:sCANMessageRX</name>
         <uninitialized>true</uninitialized>
         <run_address>0x20000950</run_address>
         <size>0x14</size>
      </object_component>
      <object_component id="oc-141">
         <name>.common:pui8MsgDataRX</name>
         <uninitialized>true</uninitialized>
         <run_address>0x200009a4</run_address>
         <size>0x4</size>
      </object_component>
      <object_component id="oc-14a">
         <name>.common:ui8MsgDataRX</name>
         <uninitialized>true</uninitialized>
         <run_address>0x20000978</run_address>
         <size>0x8</size>
      </object_component>
      <object_component id="oc-178">
         <name>.common:currMode</name>
         <uninitialized>true</uninitialized>
         <run_address>0x20000988</run_address>
         <size>0x4</size>
      </object_component>
      <object_component id="oc-14b">
         <name>.common:desiredAngle1</name>
         <uninitialized>true</uninitialized>
         <run_address>0x2000099c</run_address>
         <size>0x4</size>
      </object_component>
      <object_component id="oc-14c">
         <name>.common:desiredAngle2</name>
         <uninitialized>true</uninitialized>
         <run_address>0x200009a0</run_address>
         <size>0x4</size>
      </object_component>
      <object_component id="oc-21">
         <name>.stack</name>
         <uninitialized>true</uninitialized>
         <run_address>0x20000270</run_address>
         <size>0x4</size>
         <input_file_ref idref="fl-ca"/>
      </object_component>
      <object_component id="oc-4bf">
         <name>.stack</name>
         <uninitialized>true</uninitialized>
         <run_address>0x20000270</run_address>
         <size>0x0</size>
      </object_component>
      <object_component id="oc-13e">
         <name>.debug_info</name>
         <load_address>0x0</load_address>
         <run_address>0x0</run_address>
         <size>0x126f</size>
         <input_file_ref idref="fl-2"/>
      </object_component>
      <object_component id="oc-99">
         <name>.debug_info</name>
         <load_address>0x126f</load_address>
         <run_address>0x126f</run_address>
         <size>0x75c</size>
         <input_file_ref idref="fl-2"/>
      </object_component>
      <object_component id="oc-e6">
         <name>.debug_info</name>
         <load_address>0x19cb</load_address>
         <run_address>0x19cb</run_address>
         <size>0xc5</size>
         <input_file_ref idref="fl-2"/>
      </object_component>
      <object_component id="oc-9c">
         <name>.debug_info</name>
         <load_address>0x1a90</load_address>
         <run_address>0x1a90</run_address>
         <size>0xd3</size>
         <input_file_ref idref="fl-2"/>
      </object_component>
      <object_component id="oc-96">
         <name>.debug_info</name>
         <load_address>0x1b63</load_address>
         <run_address>0x1b63</run_address>
         <size>0xd7</size>
         <input_file_ref idref="fl-2"/>
      </object_component>
      <object_component id="oc-1f5">
         <name>.debug_info</name>
         <load_address>0x1c3a</load_address>
         <run_address>0x1c3a</run_address>
         <size>0xcc</size>
         <input_file_ref idref="fl-2"/>
      </object_component>
      <object_component id="oc-2b">
         <name>.debug_info</name>
         <load_address>0x1d06</load_address>
         <run_address>0x1d06</run_address>
         <size>0x265d</size>
         <input_file_ref idref="fl-2"/>
      </object_component>
      <object_component id="oc-28b">
         <name>.debug_info</name>
         <load_address>0x4363</load_address>
         <run_address>0x4363</run_address>
         <size>0x1b3</size>
         <input_file_ref idref="fl-2"/>
      </object_component>
      <object_component id="oc-233">
         <name>.debug_info</name>
         <load_address>0x4516</load_address>
         <run_address>0x4516</run_address>
         <size>0x8b</size>
         <input_file_ref idref="fl-2"/>
      </object_component>
      <object_component id="oc-22e">
         <name>.debug_info</name>
         <load_address>0x45a1</load_address>
         <run_address>0x45a1</run_address>
         <size>0x18b</size>
         <input_file_ref idref="fl-2"/>
      </object_component>
      <object_component id="oc-238">
         <name>.debug_info</name>
         <load_address>0x472c</load_address>
         <run_address>0x472c</run_address>
         <size>0x4e</size>
         <input_file_ref idref="fl-2"/>
      </object_component>
      <object_component id="oc-32">
         <name>.debug_info</name>
         <load_address>0x477a</load_address>
         <run_address>0x477a</run_address>
         <size>0x327</size>
         <input_file_ref idref="fl-3"/>
      </object_component>
      <object_component id="oc-10">
         <name>.debug_info</name>
         <load_address>0x4aa1</load_address>
         <run_address>0x4aa1</run_address>
         <size>0xe4</size>
         <input_file_ref idref="fl-3"/>
      </object_component>
      <object_component id="oc-26">
         <name>.debug_info</name>
         <load_address>0x4b85</load_address>
         <run_address>0x4b85</run_address>
         <size>0x260</size>
         <input_file_ref idref="fl-3"/>
      </object_component>
      <object_component id="oc-39">
         <name>.debug_info</name>
         <load_address>0x4de5</load_address>
         <run_address>0x4de5</run_address>
         <size>0x84</size>
         <input_file_ref idref="fl-3"/>
      </object_component>
      <object_component id="oc-1a7">
         <name>.debug_info</name>
         <load_address>0x4e69</load_address>
         <run_address>0x4e69</run_address>
         <size>0x132</size>
         <input_file_ref idref="fl-be"/>
      </object_component>
      <object_component id="oc-1ab">
         <name>.debug_info</name>
         <load_address>0x4f9b</load_address>
         <run_address>0x4f9b</run_address>
         <size>0x132</size>
         <input_file_ref idref="fl-bf"/>
      </object_component>
      <object_component id="oc-1b1">
         <name>.debug_info</name>
         <load_address>0x50cd</load_address>
         <run_address>0x50cd</run_address>
         <size>0x126</size>
         <input_file_ref idref="fl-c0"/>
      </object_component>
      <object_component id="oc-1e6">
         <name>.debug_info</name>
         <load_address>0x51f3</load_address>
         <run_address>0x51f3</run_address>
         <size>0x131</size>
         <input_file_ref idref="fl-c1"/>
      </object_component>
      <object_component id="oc-1a1">
         <name>.debug_info</name>
         <load_address>0x5324</load_address>
         <run_address>0x5324</run_address>
         <size>0x124</size>
         <input_file_ref idref="fl-c2"/>
      </object_component>
      <object_component id="oc-1e0">
         <name>.debug_info</name>
         <load_address>0x5448</load_address>
         <run_address>0x5448</run_address>
         <size>0x126</size>
         <input_file_ref idref="fl-c3"/>
      </object_component>
      <object_component id="oc-9f">
         <name>.debug_info</name>
         <load_address>0x556e</load_address>
         <run_address>0x556e</run_address>
         <size>0x13a</size>
         <input_file_ref idref="fl-c4"/>
      </object_component>
      <object_component id="oc-253">
         <name>.debug_info</name>
         <load_address>0x56a8</load_address>
         <run_address>0x56a8</run_address>
         <size>0x2c9</size>
         <input_file_ref idref="fl-c5"/>
      </object_component>
      <object_component id="oc-4b">
         <name>.debug_info</name>
         <load_address>0x5971</load_address>
         <run_address>0x5971</run_address>
         <size>0x1b4</size>
         <input_file_ref idref="fl-c5"/>
      </object_component>
      <object_component id="oc-24e">
         <name>.debug_info</name>
         <load_address>0x5b25</load_address>
         <run_address>0x5b25</run_address>
         <size>0x46</size>
         <input_file_ref idref="fl-c5"/>
      </object_component>
      <object_component id="oc-314">
         <name>.debug_info</name>
         <load_address>0x5b6b</load_address>
         <run_address>0x5b6b</run_address>
         <size>0x2c</size>
         <input_file_ref idref="fl-c5"/>
      </object_component>
      <object_component id="oc-49">
         <name>.debug_info</name>
         <load_address>0x5b97</load_address>
         <run_address>0x5b97</run_address>
         <size>0x2e4</size>
         <input_file_ref idref="fl-c6"/>
      </object_component>
      <object_component id="oc-19">
         <name>.debug_info</name>
         <load_address>0x5e7b</load_address>
         <run_address>0x5e7b</run_address>
         <size>0x1df</size>
         <input_file_ref idref="fl-c6"/>
      </object_component>
      <object_component id="oc-44">
         <name>.debug_info</name>
         <load_address>0x605a</load_address>
         <run_address>0x605a</run_address>
         <size>0x46</size>
         <input_file_ref idref="fl-c6"/>
      </object_component>
      <object_component id="oc-246">
         <name>.debug_info</name>
         <load_address>0x60a0</load_address>
         <run_address>0x60a0</run_address>
         <size>0x2c</size>
         <input_file_ref idref="fl-c6"/>
      </object_component>
      <object_component id="oc-244">
         <name>.debug_info</name>
         <load_address>0x60cc</load_address>
         <run_address>0x60cc</run_address>
         <size>0x293</size>
         <input_file_ref idref="fl-c7"/>
      </object_component>
      <object_component id="oc-13">
         <name>.debug_info</name>
         <load_address>0x635f</load_address>
         <run_address>0x635f</run_address>
         <size>0x245</size>
         <input_file_ref idref="fl-c7"/>
      </object_component>
      <object_component id="oc-34">
         <name>.debug_info</name>
         <load_address>0x65a4</load_address>
         <run_address>0x65a4</run_address>
         <size>0x60</size>
         <input_file_ref idref="fl-c7"/>
      </object_component>
      <object_component id="oc-23f">
         <name>.debug_info</name>
         <load_address>0x6604</load_address>
         <run_address>0x6604</run_address>
         <size>0x46</size>
         <input_file_ref idref="fl-c7"/>
      </object_component>
      <object_component id="oc-283">
         <name>.debug_info</name>
         <load_address>0x664a</load_address>
         <run_address>0x664a</run_address>
         <size>0x147</size>
         <input_file_ref idref="fl-c8"/>
      </object_component>
      <object_component id="oc-2a3">
         <name>.debug_info</name>
         <load_address>0x6791</load_address>
         <run_address>0x6791</run_address>
         <size>0x36f</size>
         <input_file_ref idref="fl-c9"/>
      </object_component>
      <object_component id="oc-e0">
         <name>.debug_info</name>
         <load_address>0x6b00</load_address>
         <run_address>0x6b00</run_address>
         <size>0x40a</size>
         <input_file_ref idref="fl-c9"/>
      </object_component>
      <object_component id="oc-22">
         <name>.debug_info</name>
         <load_address>0x6f0a</load_address>
         <run_address>0x6f0a</run_address>
         <size>0x100</size>
         <input_file_ref idref="fl-ca"/>
      </object_component>
      <object_component id="oc-5e">
         <name>.debug_info</name>
         <load_address>0x700a</load_address>
         <run_address>0x700a</run_address>
         <size>0x1a4</size>
         <input_file_ref idref="fl-ca"/>
      </object_component>
      <object_component id="oc-3f">
         <name>.debug_info</name>
         <load_address>0x71ae</load_address>
         <run_address>0x71ae</run_address>
         <size>0x111</size>
         <input_file_ref idref="fl-cb"/>
      </object_component>
      <object_component id="oc-257">
         <name>.debug_info</name>
         <load_address>0x72bf</load_address>
         <run_address>0x72bf</run_address>
         <size>0x13f</size>
         <input_file_ref idref="fl-cc"/>
      </object_component>
      <object_component id="oc-3e2">
         <name>.debug_info</name>
         <load_address>0x73fe</load_address>
         <run_address>0x73fe</run_address>
         <size>0x4a8</size>
         <input_file_ref idref="fl-cd"/>
      </object_component>
      <object_component id="oc-32d">
         <name>.debug_info</name>
         <load_address>0x78a6</load_address>
         <run_address>0x78a6</run_address>
         <size>0x19b</size>
         <input_file_ref idref="fl-cd"/>
      </object_component>
      <object_component id="oc-44c">
         <name>.debug_info</name>
         <load_address>0x7a41</load_address>
         <run_address>0x7a41</run_address>
         <size>0x39</size>
         <input_file_ref idref="fl-cd"/>
      </object_component>
      <object_component id="oc-451">
         <name>.debug_info</name>
         <load_address>0x7a7a</load_address>
         <run_address>0x7a7a</run_address>
         <size>0x39</size>
         <input_file_ref idref="fl-cd"/>
      </object_component>
      <object_component id="oc-456">
         <name>.debug_info</name>
         <load_address>0x7ab3</load_address>
         <run_address>0x7ab3</run_address>
         <size>0xcd</size>
         <input_file_ref idref="fl-cd"/>
      </object_component>
      <object_component id="oc-25e">
         <name>.debug_info</name>
         <load_address>0x7b80</load_address>
         <run_address>0x7b80</run_address>
         <size>0x148</size>
         <input_file_ref idref="fl-ce"/>
      </object_component>
      <object_component id="oc-320">
         <name>.debug_info</name>
         <load_address>0x7cc8</load_address>
         <run_address>0x7cc8</run_address>
         <size>0x117</size>
         <input_file_ref idref="fl-d0"/>
      </object_component>
      <object_component id="oc-3ae">
         <name>.debug_info</name>
         <load_address>0x7ddf</load_address>
         <run_address>0x7ddf</run_address>
         <size>0x5f0</size>
         <input_file_ref idref="fl-d2"/>
      </object_component>
      <object_component id="oc-29a">
         <name>.debug_info</name>
         <load_address>0x83cf</load_address>
         <run_address>0x83cf</run_address>
         <size>0x8b5</size>
         <input_file_ref idref="fl-d2"/>
      </object_component>
      <object_component id="oc-3b0">
         <name>.debug_info</name>
         <load_address>0x8c84</load_address>
         <run_address>0x8c84</run_address>
         <size>0x9a</size>
         <input_file_ref idref="fl-d2"/>
      </object_component>
      <object_component id="oc-42f">
         <name>.debug_info</name>
         <load_address>0x8d1e</load_address>
         <run_address>0x8d1e</run_address>
         <size>0x2c</size>
         <input_file_ref idref="fl-d2"/>
      </object_component>
      <object_component id="oc-42a">
         <name>.debug_info</name>
         <load_address>0x8d4a</load_address>
         <run_address>0x8d4a</run_address>
         <size>0x2ae</size>
         <input_file_ref idref="fl-d4"/>
      </object_component>
      <object_component id="oc-3a2">
         <name>.debug_info</name>
         <load_address>0x8ff8</load_address>
         <run_address>0x8ff8</run_address>
         <size>0x171</size>
         <input_file_ref idref="fl-d4"/>
      </object_component>
      <object_component id="oc-3b7">
         <name>.debug_info</name>
         <load_address>0x9169</load_address>
         <run_address>0x9169</run_address>
         <size>0xee</size>
         <input_file_ref idref="fl-d5"/>
      </object_component>
      <object_component id="oc-2a0">
         <name>.debug_info</name>
         <load_address>0x9257</load_address>
         <run_address>0x9257</run_address>
         <size>0xfa</size>
         <input_file_ref idref="fl-d5"/>
      </object_component>
      <object_component id="oc-42c">
         <name>.debug_info</name>
         <load_address>0x9351</load_address>
         <run_address>0x9351</run_address>
         <size>0x28f</size>
         <input_file_ref idref="fl-d6"/>
      </object_component>
      <object_component id="oc-3a7">
         <name>.debug_info</name>
         <load_address>0x95e0</load_address>
         <run_address>0x95e0</run_address>
         <size>0x245</size>
         <input_file_ref idref="fl-d6"/>
      </object_component>
      <object_component id="oc-426">
         <name>.debug_info</name>
         <load_address>0x9825</load_address>
         <run_address>0x9825</run_address>
         <size>0x299</size>
         <input_file_ref idref="fl-d7"/>
      </object_component>
      <object_component id="oc-395">
         <name>.debug_info</name>
         <load_address>0x9abe</load_address>
         <run_address>0x9abe</run_address>
         <size>0x231</size>
         <input_file_ref idref="fl-d7"/>
      </object_component>
      <object_component id="oc-428">
         <name>.debug_info</name>
         <load_address>0x9cef</load_address>
         <run_address>0x9cef</run_address>
         <size>0x284</size>
         <input_file_ref idref="fl-d8"/>
      </object_component>
      <object_component id="oc-39b">
         <name>.debug_info</name>
         <load_address>0x9f73</load_address>
         <run_address>0x9f73</run_address>
         <size>0x22a</size>
         <input_file_ref idref="fl-d8"/>
      </object_component>
      <object_component id="oc-3f8">
         <name>.debug_info</name>
         <load_address>0xa19d</load_address>
         <run_address>0xa19d</run_address>
         <size>0x28b</size>
         <input_file_ref idref="fl-d9"/>
      </object_component>
      <object_component id="oc-36c">
         <name>.debug_info</name>
         <load_address>0xa428</load_address>
         <run_address>0xa428</run_address>
         <size>0x24a</size>
         <input_file_ref idref="fl-d9"/>
      </object_component>
      <object_component id="oc-41e">
         <name>.debug_info</name>
         <load_address>0xa672</load_address>
         <run_address>0xa672</run_address>
         <size>0x41d</size>
         <input_file_ref idref="fl-da"/>
      </object_component>
      <object_component id="oc-41b">
         <name>.debug_info</name>
         <load_address>0xaa8f</load_address>
         <run_address>0xaa8f</run_address>
         <size>0x118</size>
         <input_file_ref idref="fl-da"/>
      </object_component>
      <object_component id="oc-37f">
         <name>.debug_info</name>
         <load_address>0xaba7</load_address>
         <run_address>0xaba7</run_address>
         <size>0x4a3</size>
         <input_file_ref idref="fl-da"/>
      </object_component>
      <object_component id="oc-422">
         <name>.debug_info</name>
         <load_address>0xb04a</load_address>
         <run_address>0xb04a</run_address>
         <size>0x2f0</size>
         <input_file_ref idref="fl-db"/>
      </object_component>
      <object_component id="oc-38b">
         <name>.debug_info</name>
         <load_address>0xb33a</load_address>
         <run_address>0xb33a</run_address>
         <size>0x267</size>
         <input_file_ref idref="fl-db"/>
      </object_component>
      <object_component id="oc-424">
         <name>.debug_info</name>
         <load_address>0xb5a1</load_address>
         <run_address>0xb5a1</run_address>
         <size>0x2f1</size>
         <input_file_ref idref="fl-dc"/>
      </object_component>
      <object_component id="oc-390">
         <name>.debug_info</name>
         <load_address>0xb892</load_address>
         <run_address>0xb892</run_address>
         <size>0x2ab</size>
         <input_file_ref idref="fl-dc"/>
      </object_component>
      <object_component id="oc-409">
         <name>.debug_info</name>
         <load_address>0xbb3d</load_address>
         <run_address>0xbb3d</run_address>
         <size>0x2f1</size>
         <input_file_ref idref="fl-dd"/>
      </object_component>
      <object_component id="oc-37a">
         <name>.debug_info</name>
         <load_address>0xbe2e</load_address>
         <run_address>0xbe2e</run_address>
         <size>0x20d</size>
         <input_file_ref idref="fl-dd"/>
      </object_component>
      <object_component id="oc-407">
         <name>.debug_info</name>
         <load_address>0xc03b</load_address>
         <run_address>0xc03b</run_address>
         <size>0x2f2</size>
         <input_file_ref idref="fl-de"/>
      </object_component>
      <object_component id="oc-372">
         <name>.debug_info</name>
         <load_address>0xc32d</load_address>
         <run_address>0xc32d</run_address>
         <size>0x230</size>
         <input_file_ref idref="fl-de"/>
      </object_component>
      <object_component id="oc-470">
         <name>.debug_info</name>
         <load_address>0xc55d</load_address>
         <run_address>0xc55d</run_address>
         <size>0x316</size>
         <input_file_ref idref="fl-df"/>
      </object_component>
      <object_component id="oc-417">
         <name>.debug_info</name>
         <load_address>0xc873</load_address>
         <run_address>0xc873</run_address>
         <size>0x1c6</size>
         <input_file_ref idref="fl-df"/>
      </object_component>
      <object_component id="oc-471">
         <name>.debug_info</name>
         <load_address>0xca39</load_address>
         <run_address>0xca39</run_address>
         <size>0x2c</size>
         <input_file_ref idref="fl-df"/>
      </object_component>
      <object_component id="oc-46c">
         <name>.debug_info</name>
         <load_address>0xca65</load_address>
         <run_address>0xca65</run_address>
         <size>0x156</size>
         <input_file_ref idref="fl-e0"/>
      </object_component>
      <object_component id="oc-40d">
         <name>.debug_info</name>
         <load_address>0xcbbb</load_address>
         <run_address>0xcbbb</run_address>
         <size>0x144</size>
         <input_file_ref idref="fl-e1"/>
      </object_component>
      <object_component id="oc-412">
         <name>.debug_info</name>
         <load_address>0xccff</load_address>
         <run_address>0xccff</run_address>
         <size>0x120</size>
         <input_file_ref idref="fl-e2"/>
      </object_component>
      <object_component id="oc-386">
         <name>.debug_info</name>
         <load_address>0xce1f</load_address>
         <run_address>0xce1f</run_address>
         <size>0x136</size>
         <input_file_ref idref="fl-e3"/>
      </object_component>
      <object_component id="oc-3fb">
         <name>.debug_info</name>
         <load_address>0xcf55</load_address>
         <run_address>0xcf55</run_address>
         <size>0x11a</size>
         <input_file_ref idref="fl-e4"/>
      </object_component>
      <object_component id="oc-401">
         <name>.debug_info</name>
         <load_address>0xd06f</load_address>
         <run_address>0xd06f</run_address>
         <size>0x17d</size>
         <input_file_ref idref="fl-e5"/>
      </object_component>
      <object_component id="oc-404">
         <name>.debug_info</name>
         <load_address>0xd1ec</load_address>
         <run_address>0xd1ec</run_address>
         <size>0xf3</size>
         <input_file_ref idref="fl-e6"/>
      </object_component>
      <object_component id="oc-290">
         <name>.debug_info</name>
         <load_address>0xd2df</load_address>
         <run_address>0xd2df</run_address>
         <size>0x36c</size>
         <input_file_ref idref="fl-e7"/>
      </object_component>
      <object_component id="oc-2eb">
         <name>.debug_info</name>
         <load_address>0xd64b</load_address>
         <run_address>0xd64b</run_address>
         <size>0x10d</size>
         <input_file_ref idref="fl-e7"/>
      </object_component>
      <object_component id="oc-b6">
         <name>.debug_info</name>
         <load_address>0xd758</load_address>
         <run_address>0xd758</run_address>
         <size>0x1ef</size>
         <input_file_ref idref="fl-e7"/>
      </object_component>
      <object_component id="oc-2de">
         <name>.debug_info</name>
         <load_address>0xd947</load_address>
         <run_address>0xd947</run_address>
         <size>0x246</size>
         <input_file_ref idref="fl-e7"/>
      </object_component>
      <object_component id="oc-14e">
         <name>.debug_info</name>
         <load_address>0xdb8d</load_address>
         <run_address>0xdb8d</run_address>
         <size>0x37c</size>
         <input_file_ref idref="fl-e7"/>
      </object_component>
      <object_component id="oc-2d7">
         <name>.debug_info</name>
         <load_address>0xdf09</load_address>
         <run_address>0xdf09</run_address>
         <size>0x247</size>
         <input_file_ref idref="fl-e7"/>
      </object_component>
      <object_component id="oc-145">
         <name>.debug_info</name>
         <load_address>0xe150</load_address>
         <run_address>0xe150</run_address>
         <size>0x351</size>
         <input_file_ref idref="fl-e7"/>
      </object_component>
      <object_component id="oc-b0">
         <name>.debug_info</name>
         <load_address>0xe4a1</load_address>
         <run_address>0xe4a1</run_address>
         <size>0x1f5</size>
         <input_file_ref idref="fl-e7"/>
      </object_component>
      <object_component id="oc-16c">
         <name>.debug_info</name>
         <load_address>0xe696</load_address>
         <run_address>0xe696</run_address>
         <size>0x1f3</size>
         <input_file_ref idref="fl-e7"/>
      </object_component>
      <object_component id="oc-bc">
         <name>.debug_info</name>
         <load_address>0xe889</load_address>
         <run_address>0xe889</run_address>
         <size>0x1ef</size>
         <input_file_ref idref="fl-e7"/>
      </object_component>
      <object_component id="oc-160">
         <name>.debug_info</name>
         <load_address>0xea78</load_address>
         <run_address>0xea78</run_address>
         <size>0x1d5</size>
         <input_file_ref idref="fl-e7"/>
      </object_component>
      <object_component id="oc-172">
         <name>.debug_info</name>
         <load_address>0xec4d</load_address>
         <run_address>0xec4d</run_address>
         <size>0x1ab</size>
         <input_file_ref idref="fl-e7"/>
      </object_component>
      <object_component id="oc-166">
         <name>.debug_info</name>
         <load_address>0xedf8</load_address>
         <run_address>0xedf8</run_address>
         <size>0x2c9</size>
         <input_file_ref idref="fl-e7"/>
      </object_component>
      <object_component id="oc-f0">
         <name>.debug_info</name>
         <load_address>0xf0c1</load_address>
         <run_address>0xf0c1</run_address>
         <size>0x18e</size>
         <input_file_ref idref="fl-e8"/>
      </object_component>
      <object_component id="oc-f6">
         <name>.debug_info</name>
         <load_address>0xf24f</load_address>
         <run_address>0xf24f</run_address>
         <size>0x176</size>
         <input_file_ref idref="fl-e8"/>
      </object_component>
      <object_component id="oc-288">
         <name>.debug_info</name>
         <load_address>0xf3c5</load_address>
         <run_address>0xf3c5</run_address>
         <size>0x375</size>
         <input_file_ref idref="fl-e9"/>
      </object_component>
      <object_component id="oc-3c3">
         <name>.debug_info</name>
         <load_address>0xf73a</load_address>
         <run_address>0xf73a</run_address>
         <size>0x11e</size>
         <input_file_ref idref="fl-e9"/>
      </object_component>
      <object_component id="oc-3c6">
         <name>.debug_info</name>
         <load_address>0xf858</load_address>
         <run_address>0xf858</run_address>
         <size>0x120</size>
         <input_file_ref idref="fl-e9"/>
      </object_component>
      <object_component id="oc-2e5">
         <name>.debug_info</name>
         <load_address>0xf978</load_address>
         <run_address>0xf978</run_address>
         <size>0x112</size>
         <input_file_ref idref="fl-e9"/>
      </object_component>
      <object_component id="oc-c9">
         <name>.debug_info</name>
         <load_address>0xfa8a</load_address>
         <run_address>0xfa8a</run_address>
         <size>0x20c</size>
         <input_file_ref idref="fl-e9"/>
      </object_component>
      <object_component id="oc-2bd">
         <name>.debug_info</name>
         <load_address>0xfc96</load_address>
         <run_address>0xfc96</run_address>
         <size>0x21c</size>
         <input_file_ref idref="fl-e9"/>
      </object_component>
      <object_component id="oc-11b">
         <name>.debug_info</name>
         <load_address>0xfeb2</load_address>
         <run_address>0xfeb2</run_address>
         <size>0x27f</size>
         <input_file_ref idref="fl-e9"/>
      </object_component>
      <object_component id="oc-229">
         <name>.debug_info</name>
         <load_address>0x10131</load_address>
         <run_address>0x10131</run_address>
         <size>0x1fb</size>
         <input_file_ref idref="fl-e9"/>
      </object_component>
      <object_component id="oc-1c2">
         <name>.debug_info</name>
         <load_address>0x1032c</load_address>
         <run_address>0x1032c</run_address>
         <size>0x1f9</size>
         <input_file_ref idref="fl-e9"/>
      </object_component>
      <object_component id="oc-1ff">
         <name>.debug_info</name>
         <load_address>0x10525</load_address>
         <run_address>0x10525</run_address>
         <size>0x1f9</size>
         <input_file_ref idref="fl-e9"/>
      </object_component>
      <object_component id="oc-133">
         <name>.debug_info</name>
         <load_address>0x1071e</load_address>
         <run_address>0x1071e</run_address>
         <size>0x220</size>
         <input_file_ref idref="fl-e9"/>
      </object_component>
      <object_component id="oc-115">
         <name>.debug_info</name>
         <load_address>0x1093e</load_address>
         <run_address>0x1093e</run_address>
         <size>0x205</size>
         <input_file_ref idref="fl-e9"/>
      </object_component>
      <object_component id="oc-15b">
         <name>.debug_info</name>
         <load_address>0x10b43</load_address>
         <run_address>0x10b43</run_address>
         <size>0x1f9</size>
         <input_file_ref idref="fl-e9"/>
      </object_component>
      <object_component id="oc-155">
         <name>.debug_info</name>
         <load_address>0x10d3c</load_address>
         <run_address>0x10d3c</run_address>
         <size>0x1e9</size>
         <input_file_ref idref="fl-e9"/>
      </object_component>
      <object_component id="oc-2c6">
         <name>.debug_info</name>
         <load_address>0x10f25</load_address>
         <run_address>0x10f25</run_address>
         <size>0x1e7</size>
         <input_file_ref idref="fl-e9"/>
      </object_component>
      <object_component id="oc-121">
         <name>.debug_info</name>
         <load_address>0x1110c</load_address>
         <run_address>0x1110c</run_address>
         <size>0x224</size>
         <input_file_ref idref="fl-e9"/>
      </object_component>
      <object_component id="oc-a5">
         <name>.debug_info</name>
         <load_address>0x11330</load_address>
         <run_address>0x11330</run_address>
         <size>0x1e8</size>
         <input_file_ref idref="fl-e9"/>
      </object_component>
      <object_component id="oc-127">
         <name>.debug_info</name>
         <load_address>0x11518</load_address>
         <run_address>0x11518</run_address>
         <size>0x238</size>
[...]
         <object_component_ref idref="oc-1aa"/>
      </symbol>
      <symbol id="sm-2d3">
         <name>__aeabi_d2iz</name>
         <value>0x3f0d</value>
         <object_component_ref idref="oc-1af"/>
      </symbol>
      <symbol id="sm-2dd">
         <name>__aeabi_d2uiz</name>
         <value>0x3fe1</value>
         <object_component_ref idref="oc-1e3"/>
      </symbol>
      <symbol id="sm-2e8">
         <name>__aeabi_f2d</name>
         <value>0x41c9</value>
         <object_component_ref idref="oc-1a0"/>
      </symbol>
      <symbol id="sm-2f2">
         <name>__aeabi_ui2d</name>
         <value>0x4369</value>
         <object_component_ref idref="oc-1de"/>
      </symbol>
      <symbol id="sm-301">
         <name>__aeabi_uidivmod</name>
         <value>0x40a5</value>
         <object_component_ref idref="oc-9e"/>
      </symbol>
      <symbol id="sm-302">
         <name>__aeabi_uidiv</name>
         <value>0x40a5</value>
         <object_component_ref idref="oc-9e"/>
      </symbol>
      <symbol id="sm-31b">
         <name>__TI_zero_init_nomemset</name>
         <value>0x4515</value>
         <object_component_ref idref="oc-4a"/>
      </symbol>
      <symbol id="sm-332">
         <name>__TI_decompress_none</name>
         <value>0x45bf</value>
         <object_component_ref idref="oc-18"/>
      </symbol>
      <symbol id="sm-350">
         <name>__TI_decompress_lzss</name>
         <value>0x3d55</value>
         <object_component_ref idref="oc-12"/>
      </symbol>
      <symbol id="sm-35a">
         <name>__aeabi_idiv0</name>
         <value>0x2d63</value>
         <object_component_ref idref="oc-280"/>
      </symbol>
      <symbol id="sm-37c">
         <name>sscanf</name>
         <value>0x39bb</value>
         <object_component_ref idref="oc-df"/>
      </symbol>
      <symbol id="sm-37d">
         <name>vsscanf</name>
         <value>0x39a9</value>
         <object_component_ref idref="oc-df"/>
      </symbol>
      <symbol id="sm-390">
         <name>__stack</name>
         <value>0x20000270</value>
         <object_component_ref idref="oc-21"/>
      </symbol>
      <symbol id="sm-391">
         <name>_c_int00_noargs</name>
         <value>0x4191</value>
         <object_component_ref idref="oc-5c"/>
      </symbol>
      <symbol id="sm-3ac">
         <name>memcpy</name>
         <value>0x3a75</value>
         <object_component_ref idref="oc-3e"/>
      </symbol>
      <symbol id="sm-3ad">
         <name>__aeabi_memcpy</name>
         <value>0x3a75</value>
         <object_component_ref idref="oc-3e"/>
      </symbol>
      <symbol id="sm-3ae">
         <name>__aeabi_memcpy8</name>
         <value>0x3a75</value>
         <object_component_ref idref="oc-3e"/>
      </symbol>
      <symbol id="sm-3af">
         <name>__aeabi_memcpy4</name>
         <value>0x3a75</value>
         <object_component_ref idref="oc-3e"/>
      </symbol>
      <symbol id="sm-3be">
         <name>__aeabi_memset</name>
         <value>0x3b99</value>
         <object_component_ref idref="oc-254"/>
      </symbol>
      <symbol id="sm-3bf">
         <name>memset</name>
         <value>0x3b9f</value>
         <object_component_ref idref="oc-254"/>
      </symbol>
      <symbol id="sm-3c0">
         <name>__aeabi_memset8</name>
         <value>0x3b99</value>
         <object_component_ref idref="oc-254"/>
      </symbol>
      <symbol id="sm-3c1">
         <name>__aeabi_memset4</name>
         <value>0x3b99</value>
         <object_component_ref idref="oc-254"/>
      </symbol>
      <symbol id="sm-3c2">
         <name>__aeabi_memclr8</name>
         <value>0x3b97</value>
         <object_component_ref idref="oc-254"/>
      </symbol>
      <symbol id="sm-3c3">
         <name>__aeabi_memclr4</name>
         <value>0x3b97</value>
         <object_component_ref idref="oc-254"/>
      </symbol>
      <symbol id="sm-3c4">
         <name>__aeabi_memclr</name>
         <value>0x3b97</value>
         <object_component_ref idref="oc-254"/>
      </symbol>
      <symbol id="sm-3e7">
         <name>__TI_auto_init_nobinit_nopinit</name>
         <value>0x3f9d</value>
         <object_component_ref idref="oc-329"/>
      </symbol>
      <symbol id="sm-3f1">
         <name>_system_pre_init</name>
         <value>0x4695</value>
         <object_component_ref idref="oc-25a"/>
      </symbol>
      <symbol id="sm-3fd">
         <name>C$$EXIT</name>
         <value>0x4691</value>
         <object_component_ref idref="oc-31d"/>
      </symbol>
      <symbol id="sm-3fe">
         <name>abort</name>
         <value>0x4691</value>
         <object_component_ref idref="oc-31d"/>
      </symbol>
      <symbol id="sm-4a3">
         <name>__TI_scanfi</name>
         <value>0x1969</value>
         <object_component_ref idref="oc-299"/>
      </symbol>
      <symbol id="sm-4ba">
         <name>atoi</name>
         <value>0x3ec1</value>
         <object_component_ref idref="oc-3a0"/>
      </symbol>
      <symbol id="sm-4c5">
         <name>_ctypes_</name>
         <value>0x4698</value>
         <object_component_ref idref="oc-29f"/>
      </symbol>
      <symbol id="sm-4d5">
         <name>strchr</name>
         <value>0x4475</value>
         <object_component_ref idref="oc-3a6"/>
      </symbol>
      <symbol id="sm-4e3">
         <name>strcpy</name>
         <value>0x44c9</value>
         <object_component_ref idref="oc-394"/>
      </symbol>
      <symbol id="sm-4f1">
         <name>strlen</name>
         <value>0x44dd</value>
         <object_component_ref idref="oc-39a"/>
      </symbol>
      <symbol id="sm-500">
         <name>strrchr</name>
         <value>0x43ef</value>
         <object_component_ref idref="oc-36b"/>
      </symbol>
      <symbol id="sm-560">
         <name>strtold</name>
         <value>0x2381</value>
         <object_component_ref idref="oc-37d"/>
      </symbol>
      <symbol id="sm-561">
         <name>strtod</name>
         <value>0x2381</value>
         <object_component_ref idref="oc-37d"/>
      </symbol>
      <symbol id="sm-586">
         <name>strtol</name>
         <value>0x2ff9</value>
         <object_component_ref idref="oc-388"/>
      </symbol>
      <symbol id="sm-5ad">
         <name>strtoll</name>
         <value>0x29d1</value>
         <object_component_ref idref="oc-38e"/>
      </symbol>
      <symbol id="sm-5ce">
         <name>strtoul</name>
         <value>0x3391</value>
         <object_component_ref idref="oc-377"/>
      </symbol>
      <symbol id="sm-5f2">
         <name>strtoull</name>
         <value>0x2d65</value>
         <object_component_ref idref="oc-371"/>
      </symbol>
      <symbol id="sm-614">
         <name>scalbn</name>
         <value>0x38b5</value>
         <object_component_ref idref="oc-414"/>
      </symbol>
      <symbol id="sm-615">
         <name>scalbnl</name>
         <value>0x38b5</value>
         <object_component_ref idref="oc-414"/>
      </symbol>
      <symbol id="sm-616">
         <name>ldexpl</name>
         <value>0x38b5</value>
         <object_component_ref idref="oc-414"/>
      </symbol>
      <symbol id="sm-617">
         <name>ldexp</name>
         <value>0x38b5</value>
         <object_component_ref idref="oc-414"/>
      </symbol>
      <symbol id="sm-621">
         <name>copysign</name>
         <value>0x44b5</value>
         <object_component_ref idref="oc-469"/>
      </symbol>
      <symbol id="sm-622">
         <name>copysignl</name>
         <value>0x44b5</value>
         <object_component_ref idref="oc-469"/>
      </symbol>
      <symbol id="sm-639">
         <name>__aeabi_dsub</name>
         <value>0x2bad</value>
         <object_component_ref idref="oc-40a"/>
      </symbol>
      <symbol id="sm-63a">
         <name>__aeabi_dadd</name>
         <value>0x2bb7</value>
         <object_component_ref idref="oc-40a"/>
      </symbol>
      <symbol id="sm-64c">
         <name>__aeabi_cdcmpeq</name>
         <value>0x3b11</value>
         <object_component_ref idref="oc-40f"/>
      </symbol>
      <symbol id="sm-64d">
         <name>__aeabi_cdcmple</name>
         <value>0x3b11</value>
         <object_component_ref idref="oc-40f"/>
      </symbol>
      <symbol id="sm-659">
         <name>__aeabi_d2f</name>
         <value>0x3c11</value>
         <object_component_ref idref="oc-383"/>
      </symbol>
      <symbol id="sm-662">
         <name>__aeabi_lmul</name>
         <value>0x43d7</value>
         <object_component_ref idref="oc-3f9"/>
      </symbol>
      <symbol id="sm-67e">
         <name>__aeabi_uldivmod</name>
         <value>0x27dd</value>
         <object_component_ref idref="oc-3fe"/>
      </symbol>
      <symbol id="sm-686">
         <name>errno</name>
         <value>0x20000948</value>
         <object_component_ref idref="oc-403"/>
      </symbol>
      <symbol id="sm-723">
         <name>CANMessageGet</name>
         <value>0x35b5</value>
         <object_component_ref idref="oc-144"/>
      </symbol>
      <symbol id="sm-724">
         <name>CANBitRateSet</name>
         <value>0x3c81</value>
         <object_component_ref idref="oc-165"/>
      </symbol>
      <symbol id="sm-725">
         <name>CANEnable</name>
         <value>0x45fd</value>
         <object_component_ref idref="oc-171"/>
      </symbol>
      <symbol id="sm-726">
         <name>CANStatusGet</name>
         <value>0x4025</value>
         <object_component_ref idref="oc-b5"/>
      </symbol>
      <symbol id="sm-727">
         <name>CANMessageSet</name>
         <value>0x325f</value>
         <object_component_ref idref="oc-14d"/>
      </symbol>
      <symbol id="sm-728">
         <name>CANIntClear</name>
         <value>0x42e3</value>
         <object_component_ref idref="oc-bb"/>
      </symbol>
      <symbol id="sm-729">
         <name>CANIntStatus</name>
         <value>0x4327</value>
         <object_component_ref idref="oc-af"/>
      </symbol>
      <symbol id="sm-72a">
         <name>CANInit</name>
         <value>0x40e5</value>
         <object_component_ref idref="oc-15f"/>
      </symbol>
      <symbol id="sm-72b">
         <name>CANIntEnable</name>
         <value>0x464d</value>
         <object_component_ref idref="oc-16b"/>
      </symbol>
      <symbol id="sm-741">
         <name>FPULazyStackingEnable</name>
         <value>0x4539</value>
         <object_component_ref idref="oc-ee"/>
      </symbol>
      <symbol id="sm-742">
         <name>FPUEnable</name>
         <value>0x4529</value>
         <object_component_ref idref="oc-f4"/>
      </symbol>
      <symbol id="sm-7f4">
         <name>GPIOPinTypePWM</name>
         <value>0x4433</value>
         <object_component_ref idref="oc-1fd"/>
      </symbol>
      <symbol id="sm-7f5">
         <name>GPIOIntRegister</name>
         <value>0x43a7</value>
         <object_component_ref idref="oc-125"/>
      </symbol>
      <symbol id="sm-7f6">
         <name>GPIOPinConfigure</name>
         <value>0x3e75</value>
         <object_component_ref idref="oc-153"/>
      </symbol>
      <symbol id="sm-7f7">
         <name>GPIOIntDisable</name>
         <value>0x4579</value>
         <object_component_ref idref="oc-137"/>
      </symbol>
      <symbol id="sm-7f8">
         <name>GPIOIntEnable</name>
         <value>0x45d9</value>
         <object_component_ref idref="oc-12b"/>
      </symbol>
      <symbol id="sm-7f9">
         <name>GPIOIntTypeSet</name>
         <value>0x3e1d</value>
         <object_component_ref idref="oc-11f"/>
      </symbol>
      <symbol id="sm-7fa">
         <name>GPIOPinTypeGPIOInput</name>
         <value>0x441d</value>
         <object_component_ref idref="oc-113"/>
      </symbol>
      <symbol id="sm-7fb">
         <name>GPIOIntClear</name>
         <value>0x4665</value>
         <object_component_ref idref="oc-a9"/>
      </symbol>
      <symbol id="sm-7fc">
         <name>GPIOPinTypeUART</name>
         <value>0x445f</value>
         <object_component_ref idref="oc-227"/>
      </symbol>
      <symbol id="sm-7fd">
         <name>GPIOIntStatus</name>
         <value>0x4587</value>
         <object_component_ref idref="oc-a3"/>
      </symbol>
      <symbol id="sm-7fe">
         <name>GPIOPinTypeGPIOOutput</name>
         <value>0x43bf</value>
         <object_component_ref idref="oc-131"/>
      </symbol>
      <symbol id="sm-7ff">
         <name>GPIODirModeSet</name>
         <value>0x4269</value>
         <object_component_ref idref="oc-2bb"/>
      </symbol>
      <symbol id="sm-800">
         <name>GPIOPinTypeQEI</name>
         <value>0x4449</value>
         <object_component_ref idref="oc-1c0"/>
      </symbol>
      <symbol id="sm-801">
         <name>GPIOPinWrite</name>
         <value>0x466b</value>
         <object_component_ref idref="oc-c7"/>
      </symbol>
      <symbol id="sm-802">
         <name>GPIOPadConfigSet</name>
         <value>0x312d</value>
         <object_component_ref idref="oc-119"/>
      </symbol>
      <symbol id="sm-803">
         <name>GPIOPinTypeCAN</name>
         <value>0x4407</value>
         <object_component_ref idref="oc-159"/>
      </symbol>
      <symbol id="sm-83d">
         <name>IntEnable</name>
         <value>0x3ced</value>
         <object_component_ref idref="oc-100"/>
      </symbol>
      <symbol id="sm-83e">
         <name>IntRegister</name>
         <value>0x4201</value>
         <object_component_ref idref="oc-2ca"/>
      </symbol>
      <symbol id="sm-83f">
         <name>g_pfnRAMVectors</name>
         <value>0x20000000</value>
         <object_component_ref idref="oc-3c9"/>
      </symbol>
      <symbol id="sm-840">
         <name>IntMasterEnable</name>
         <value>0x4549</value>
         <object_component_ref idref="oc-fa"/>
      </symbol>
      <symbol id="sm-86d">
         <name>PWMGenPeriodSet</name>
         <value>0x4559</value>
         <object_component_ref idref="oc-209"/>
      </symbol>
      <symbol id="sm-86e">
         <name>PWMPulseWidthSet</name>
         <value>0x4389</value>
         <object_component_ref idref="oc-19a"/>
      </symbol>
      <symbol id="sm-86f">
         <name>PWMOutputState</name>
         <value>0x44f1</value>
         <object_component_ref idref="oc-215"/>
      </symbol>
      <symbol id="sm-870">
         <name>PWMGenEnable</name>
         <value>0x45e5</value>
         <object_component_ref idref="oc-20f"/>
      </symbol>
      <symbol id="sm-871">
         <name>PWMGenConfigure</name>
         <value>0x4305</value>
         <object_component_ref idref="oc-203"/>
      </symbol>
      <symbol id="sm-8be">
         <name>QEIPositionGet</name>
         <value>0x467d</value>
         <object_component_ref idref="oc-1b4"/>
      </symbol>
      <symbol id="sm-8bf">
         <name>QEIVelocityGet</name>
         <value>0x4685</value>
         <object_component_ref idref="oc-17a"/>
      </symbol>
      <symbol id="sm-8c0">
         <name>QEIVelocityConfigure</name>
         <value>0x4569</value>
         <object_component_ref idref="oc-1e8"/>
      </symbol>
      <symbol id="sm-8c1">
         <name>QEIIntDisable</name>
         <value>0x461b</value>
         <object_component_ref idref="oc-1cc"/>
      </symbol>
      <symbol id="sm-8c2">
         <name>QEIDisable</name>
         <value>0x4607</value>
         <object_component_ref idref="oc-1c6"/>
      </symbol>
      <symbol id="sm-8c3">
         <name>QEIEnable</name>
         <value>0x4611</value>
         <object_component_ref idref="oc-1d8"/>
      </symbol>
      <symbol id="sm-8c4">
         <name>QEIPositionSet</name>
         <value>0x4681</value>
         <object_component_ref idref="oc-1ba"/>
      </symbol>
      <symbol id="sm-8c5">
         <name>QEIVelocityEnable</name>
         <value>0x4625</value>
         <object_component_ref idref="oc-1ee"/>
      </symbol>
      <symbol id="sm-8c6">
         <name>QEIConfigure</name>
         <value>0x4595</value>
         <object_component_ref idref="oc-1d2"/>
      </symbol>
      <symbol id="sm-937">
         <name>SysCtlPeripheralPresent</name>
         <value>0x4121</value>
         <object_component_ref idref="oc-71"/>
      </symbol>
      <symbol id="sm-938">
         <name>SysCtlClockSet</name>
         <value>0x37c1</value>
         <object_component_ref idref="oc-e8"/>
      </symbol>
      <symbol id="sm-939">
         <name>SysCtlDelay</name>
         <value>0x4671</value>
         <object_component_ref idref="oc-112"/>
      </symbol>
      <symbol id="sm-93a">
         <name>SysCtlPeripheralEnable</name>
         <value>0x4235</value>
         <object_component_ref idref="oc-77"/>
      </symbol>
      <symbol id="sm-93b">
         <name>SysCtlClockGet</name>
         <value>0x34a5</value>
         <object_component_ref idref="oc-10c"/>
      </symbol>
      <symbol id="sm-93c">
         <name>SysCtlPWMClockSet</name>
         <value>0x448d</value>
         <object_component_ref idref="oc-1f7"/>
      </symbol>
      <symbol id="sm-93d">
         <name>SysCtlPeripheralReady</name>
         <value>0x4159</value>
         <object_component_ref idref="oc-21b"/>
      </symbol>
      <symbol id="sm-971">
         <name>TimerLoadSet</name>
         <value>0x4503</value>
         <object_component_ref idref="oc-188"/>
      </symbol>
      <symbol id="sm-972">
         <name>TimerEnable</name>
         <value>0x45a3</value>
         <object_component_ref idref="oc-194"/>
      </symbol>
      <symbol id="sm-973">
         <name>TimerIntEnable</name>
         <value>0x4655</value>
         <object_component_ref idref="oc-18e"/>
      </symbol>
      <symbol id="sm-974">
         <name>TimerConfigure</name>
         <value>0x3dbd</value>
         <object_component_ref idref="oc-182"/>
      </symbol>
      <symbol id="sm-975">
         <name>TimerIntClear</name>
         <value>0x4689</value>
         <object_component_ref idref="oc-c1"/>
      </symbol>
      <symbol id="sm-9d0">
         <name>UARTConfigSetExpClk</name>
         <value>0x3f55</value>
         <object_component_ref idref="oc-7d"/>
      </symbol>
      <symbol id="sm-9d1">
         <name>UARTDisable</name>
         <value>0x4349</value>
         <object_component_ref idref="oc-26f"/>
      </symbol>
      <symbol id="sm-9d2">
         <name>UARTIntEnable</name>
         <value>0x465d</value>
         <object_component_ref idref="oc-106"/>
      </symbol>
      <symbol id="sm-9d3">
         <name>UARTCharsAvail</name>
         <value>0x45b1</value>
         <object_component_ref idref="oc-d9"/>
      </symbol>
      <symbol id="sm-9d4">
         <name>UARTClockSourceSet</name>
         <value>0x4677</value>
         <object_component_ref idref="oc-221"/>
      </symbol>
      <symbol id="sm-9d5">
         <name>UARTCharPut</name>
         <value>0x4639</value>
         <object_component_ref idref="oc-89"/>
      </symbol>
      <symbol id="sm-9d6">
         <name>UARTEnable</name>
         <value>0x44a1</value>
         <object_component_ref idref="oc-83"/>
      </symbol>
      <symbol id="sm-9d7">
         <name>UARTIntClear</name>
         <value>0x468d</value>
         <object_component_ref idref="oc-d3"/>
      </symbol>
      <symbol id="sm-9d8">
         <name>UARTIntStatus</name>
         <value>0x4643</value>
         <object_component_ref idref="oc-cd"/>
      </symbol>
      <symbol id="sm-9d9">
         <name>UARTCharGet</name>
         <value>0x462f</value>
         <object_component_ref idref="oc-8f"/>
      </symbol>
      <symbol id="sm-9e3">
         <name>CPUcpsie</name>
         <value>0x45cd</value>
         <object_component_ref idref="oc-2aa"/>
      </symbol>
      <symbol id="sm-9e4">
         <name>__TI_static_base__</name>
         <value>0x0</value>
      </symbol>
      <symbol id="sm-9e7">
         <name>__mpu_init</name>
         <value>0x0</value>
      </symbol>
      <symbol id="sm-9e8">
         <name>_system_post_cinit</name>
         <value>0x0</value>
      </symbol>
   </symbol_table>
   <title>Link successful</title>
</link_info>
