******************************************************************************
                  TI ARM Linker PC v17.9.0                     
******************************************************************************
>> Linked Wed May 16 11:43:14 2018

OUTPUT FILE NAME:   <single-board-controller.out>
ENTRY POINT SYMBOL: "_c_int00_noargs"  address: 0000567d


MEMORY CONFIGURATION

         name            origin    length      used     unused   attr    fill
----------------------  --------  ---------  --------  --------  ----  --------
  FLASH                 00000000   00040000  000060d6  00039f2a  R  X
  SRAM                  20000000   00008000  00000958  000076a8  RW X


SEGMENT ALLOCATION MAP

run origin  load origin   length   init length attrs members
----------  ----------- ---------- ----------- ----- -------
00000000    00000000    000060d8   000060d8    r-x
  00000000    00000000    0000026c   0000026c    r-- .intvecs
  0000026c    0000026c    0000595a   0000595a    r-x .text
  00005bc8    00005bc8    000004c0   000004c0    r-- .const
  00006088    00006088    00000050   00000050    r-- .cinit
20000000    20000000    0000095c   00000000    rw-
  20000000    20000000    0000026c   00000000    rw- .vtable
  20000270    20000270    00000600   00000000    rw- .stack
  20000870    20000870    000000c8   00000000    rw- .bss
  20000938    20000938    00000024   00000000    rw- .data


SECTION ALLOCATION MAP

 output                                  attributes/
section   page    origin      length       input sections
--------  ----  ----------  ----------   ----------------
.intvecs   0    00000000    0000026c     
                  00000000    0000026c     tm4c123gh6pm_startup_ccs.obj (.intvecs)

.text      0    0000026c    0000595a     
                  0000026c    000011de     rtsv7M4_T_le_v4SPD16_eabi.lib : _printfi.obj (.text)
                  0000144a    00000002     --HOLE-- [fill = 0]
                  0000144c    00000a4c     gen_algo.obj (.text)
                  00001e98    00000a18     rtsv7M4_T_le_v4SPD16_eabi.lib : _scanfi.obj (.text)
                  000028b0    0000045c                                   : strtod.obj (.text)
                  00002d0c    00000458     motor.obj (.text)
                  00003164    000003cc     CAN.obj (.text)
                  00003530    00000330     menu.obj (.text)
                  00003860    000001f4     rtsv7M4_T_le_v4SPD16_eabi.lib : ull_div_t2.obj (.text)
                  00003a54    000001dc                                   : strtoll.obj (.text)
                  00003c30    000001b6                                   : fd_add_t2.obj (.text)
                  00003de6    00000002     --HOLE-- [fill = 0]
                  00003de8    0000015c                                   : strtoull.obj (.text)
                  00003f44    00000136                                   : fd_div_t2.obj (.text)
                  0000407a    00000002     --HOLE-- [fill = 0]
                  0000407c    00000134                                   : strtol.obj (.text)
                  000041b0    00000132     driverlib.lib : gpio.obj (.text:GPIOPadConfigSet)
                  000042e2    00000130                   : can.obj (.text:CANMessageSet)
                  00004412    00000002     --HOLE-- [fill = 0]
                  00004414    00000128     uart.obj (.text)
                  0000453c    00000114     rtsv7M4_T_le_v4SPD16_eabi.lib : strtoul.obj (.text)
                  00004650    00000110     driverlib.lib : sysctl.obj (.text:SysCtlClockGet)
                  00004760    0000010e                   : can.obj (.text:CANMessageGet)
                  0000486e    000000fc     rtsv7M4_T_le_v4SPD16_eabi.lib : fd_mul_t2.obj (.text)
                  0000496a    00000002     --HOLE-- [fill = 0]
                  0000496c    000000f4     driverlib.lib : sysctl.obj (.text:SysCtlClockSet)
                  00004a60    000000f4     rtsv7M4_T_le_v4SPD16_eabi.lib : s_scalbn.obj (.text)
                  00004b54    000000cc                                   : sscanf.obj (.text)
                  00004c20    000000cc     system.obj (.text)
                  00004cec    000000c0     main.obj (.text)
                  00004dac    0000009c     rtsv7M4_T_le_v4SPD16_eabi.lib : memcpy_t2.obj (.text)
                  00004e48    00000090     timer.obj (.text)
                  00004ed8    00000086     rtsv7M4_T_le_v4SPD16_eabi.lib : fd_cmp_t2.obj (.text:__aeabi_cdcmple)
                  00004f5e    00000086                                   : fd_cmp_t2.obj (.text:__aeabi_cdrcmple)
                  00004fe4    0000007a                                   : memset_t2.obj (.text)
                  0000505e    0000006e                                   : fd_tos_t2.obj (.text)
                  000050cc    0000006c     driverlib.lib : can.obj (.text:CANBitRateSet)
                  00005138    00000068                   : interrupt.obj (.text:IntEnable)
                  000051a0    00000068     rtsv7M4_T_le_v4SPD16_eabi.lib : copy_decompress_lzss.obj (.text:decompress:lzss)
                  00005208    00000064                                   : s_frexp.obj (.text)
                  0000526c    00000060     driverlib.lib : timer.obj (.text:TimerConfigure)
                  000052cc    00000060     rtsv7M4_T_le_v4SPD16_eabi.lib : sprintf.obj (.text)
                  0000532c    00000058     driverlib.lib : gpio.obj (.text:GPIOIntTypeSet)
                  00005384    00000054     rtsv7M4_T_le_v4SPD16_eabi.lib : ltoa.obj (.text)
                  000053d8    0000004c     driverlib.lib : gpio.obj (.text:GPIOPinConfigure)
                  00005424    0000004c     rtsv7M4_T_le_v4SPD16_eabi.lib : atoi.obj (.text)
                  00005470    00000048                                   : fd_toi_t2.obj (.text)
                  000054b8    00000046     driverlib.lib : uart.obj (.text:UARTConfigSetExpClk)
                  000054fe    00000002     --HOLE-- [fill = 0]
                  00005500    00000044     rtsv7M4_T_le_v4SPD16_eabi.lib : autoinit.obj (.text:__TI_auto_init_nobinit_nopinit)
                  00005544    00000044                                   : fd_tou_t2.obj (.text)
                  00005588    00000040     driverlib.lib : can.obj (.text:CANStatusGet)
                  000055c8    00000040                   : gpio.obj (.text:_GPIOIntNumberGet)
                  00005608    0000003a                   : can.obj (.text:CANInit)
                  00005642    00000002     --HOLE-- [fill = 0]
                  00005644    00000038                   : sysctl.obj (.text:SysCtlPeripheralReady)
                  0000567c    00000038     rtsv7M4_T_le_v4SPD16_eabi.lib : boot_cortex_m.obj (.text:_c_int00_noargs)
                  000056b4    00000038                                   : fs_tod_t2.obj (.text)
                  000056ec    00000034     driverlib.lib : interrupt.obj (.text:IntRegister)
                  00005720    00000034                   : sysctl.obj (.text:SysCtlPeripheralEnable)
                  00005754    0000002e     rtsv7M4_T_le_v4SPD16_eabi.lib : i_tofd_t2.obj (.text)
                  00005782    0000002c     driverlib.lib : gpio.obj (.text:GPIODirModeSet)
                  000057ae    0000002a                   : can.obj (.text:_CANDataRegRead)
                  000057d8    00000024                   : can.obj (.text:_CANDataRegWrite)
                  000057fc    00000022                   : can.obj (.text:CANIntClear)
                  0000581e    00000022                   : pwm.obj (.text:PWMGenConfigure)
                  00005840    00000020                   : can.obj (.text:CANIntStatus)
                  00005860    00000020                   : uart.obj (.text:UARTDisable)
                  00005880    00000020     rtsv7M4_T_le_v4SPD16_eabi.lib : u_tofd_t2.obj (.text)
                  000058a0    0000001e     driverlib.lib : pwm.obj (.text:PWMPulseWidthSet)
                  000058be    0000001c     rtsv7M4_T_le_v4SPD16_eabi.lib : memccpy.obj (.text)
                  000058da    00000018     driverlib.lib : gpio.obj (.text:GPIOIntRegister)
                  000058f2    00000018                   : gpio.obj (.text:GPIOPinTypeGPIOOutput)
                  0000590a    00000018     rtsv7M4_T_le_v4SPD16_eabi.lib : ll_mul_t2.obj (.text)
                  00005922    00000018                                   : strrchr.obj (.text)
                  0000593a    00000016     driverlib.lib : gpio.obj (.text:GPIOPinTypeCAN)
                  00005950    00000016                   : gpio.obj (.text:GPIOPinTypeGPIOInput)
                  00005966    00000016                   : gpio.obj (.text:GPIOPinTypePWM)
                  0000597c    00000016                   : gpio.obj (.text:GPIOPinTypeQEI)
                  00005992    00000016                   : gpio.obj (.text:GPIOPinTypeUART)
                  000059a8    00000016     rtsv7M4_T_le_v4SPD16_eabi.lib : strchr.obj (.text)
                  000059be    00000002     --HOLE-- [fill = 0]
                  000059c0    00000014     driverlib.lib : sysctl.obj (.text:SysCtlPWMClockSet)
                  000059d4    00000014                   : uart.obj (.text:UARTEnable)
                  000059e8    00000014     rtsv7M4_T_le_v4SPD16_eabi.lib : s_copysign.obj (.text)
                  000059fc    00000014                                   : strcpy.obj (.text)
                  00005a10    00000014                                   : strlen.obj (.text)
                  00005a24    00000012     driverlib.lib : pwm.obj (.text:PWMOutputState)
                  00005a36    00000012                   : timer.obj (.text:TimerLoadSet)
                  00005a48    00000012     rtsv7M4_T_le_v4SPD16_eabi.lib : copy_zero_init.obj (.text:decompress:ZI:__TI_zero_init_nomemset)
                  00005a5a    00000002     --HOLE-- [fill = 0]
                  00005a5c    00000010     driverlib.lib : fpu.obj (.text:FPUEnable)
                  00005a6c    00000010                   : fpu.obj (.text:FPULazyStackingEnable)
                  00005a7c    00000010                   : interrupt.obj (.text:IntMasterEnable)
                  00005a8c    00000010                   : pwm.obj (.text:PWMGenPeriodSet)
                  00005a9c    00000010                   : qei.obj (.text:QEIVelocityConfigure)
                  00005aac    0000000e                   : gpio.obj (.text:GPIOIntDisable)
                  00005aba    0000000e                   : gpio.obj (.text:GPIOIntStatus)
                  00005ac8    0000000e                   : qei.obj (.text:QEIConfigure)
                  00005ad6    0000000e                   : timer.obj (.text:TimerEnable)
                  00005ae4    0000000e                   : uart.obj (.text:UARTCharsAvail)
                  00005af2    0000000e     rtsv7M4_T_le_v4SPD16_eabi.lib : copy_decompress_none.obj (.text:decompress:none)
                  00005b00    0000000c     driverlib.lib : cpu.obj (.text:CPUcpsie)
                  00005b0c    0000000c                   : gpio.obj (.text:GPIOIntEnable)
                  00005b18    0000000c                   : pwm.obj (.text:PWMGenEnable)
                  00005b24    0000000c     tm4c123gh6pm_startup_ccs.obj (.text)
                  00005b30    0000000a     driverlib.lib : can.obj (.text:CANEnable)
                  00005b3a    0000000a                   : qei.obj (.text:QEIDisable)
                  00005b44    0000000a                   : qei.obj (.text:QEIEnable)
                  00005b4e    0000000a                   : qei.obj (.text:QEIIntDisable)
                  00005b58    0000000a                   : qei.obj (.text:QEIVelocityEnable)
                  00005b62    0000000a                   : uart.obj (.text:UARTCharGet)
                  00005b6c    0000000a                   : uart.obj (.text:UARTCharPut)
                  00005b76    0000000a                   : uart.obj (.text:UARTIntStatus)
                  00005b80    00000008                   : can.obj (.text:CANIntEnable)
                  00005b88    00000008                   : timer.obj (.text:TimerIntEnable)
                  00005b90    00000008                   : uart.obj (.text:UARTIntEnable)
                  00005b98    00000006                   : gpio.obj (.text:GPIOIntClear)
                  00005b9e    00000006                   : gpio.obj (.text:GPIOPinWrite)
                  00005ba4    00000006                   : sysctl.obj (.text:SysCtlDelay)
                  00005baa    00000004                   : qei.obj (.text:QEIPositionGet)
                  00005bae    00000004                   : qei.obj (.text:QEIPositionSet)
                  00005bb2    00000004                   : qei.obj (.text:QEIVelocityGet)
                  00005bb6    00000004                   : timer.obj (.text:TimerIntClear)
                  00005bba    00000004                   : uart.obj (.text:UARTIntClear)
                  00005bbe    00000004     rtsv7M4_T_le_v4SPD16_eabi.lib : exit.obj (.text:abort)
                  00005bc2    00000004                                   : pre_init.obj (.text)

.const     0    00005bc8    000004c0     
                  00005bc8    00000101     rtsv7M4_T_le_v4SPD16_eabi.lib : ctype.obj (.const:.string:_ctypes_)
                  00005cc9    00000007     --HOLE-- [fill = 0]
                  00005cd0    000000c8                                   : strtod.obj (.const:$O1$$)
                  00005d98    000000c0     driverlib.lib : gpio.obj (.const:g_ppui32GPIOIntMapBlizzard)
                  00005e58    000000c0                   : gpio.obj (.const:g_ppui32GPIOIntMapSnowflake)
                  00005f18    00000090                   : gpio.obj (.const:g_pui32GPIOBaseAddrs)
                  00005fa8    0000006c                   : sysctl.obj (.const:g_pui32Xtals)
                  00006014    00000030     gen_algo.obj (.const:$P$T0$1)
                  00006044    00000020     driverlib.lib : can.obj (.const:g_ui16CANBitValues)
                  00006064    00000014                   : interrupt.obj (.const:g_pui32EnRegs)
                  00006078    00000010     rtsv7M4_T_le_v4SPD16_eabi.lib : _scanfi.obj (.const:$O1$$)

.cinit     0    00006088    00000050     
                  00006088    00000016     (.cinit..data.load) [load image, compression = lzss]
                  0000609e    00000002     --HOLE-- [fill = 0]
                  000060a0    0000000c     (__TI_handler_table)
                  000060ac    00000004     --HOLE-- [fill = 0]
                  000060b0    00000008     (.cinit..bss.load) [load image, compression = zero_init]
                  000060b8    00000008     (.cinit..vtable.load) [load image, compression = zero_init]
                  000060c0    00000018     (__TI_cinit_table)

.init_array 
*          0    00000000    00000000     UNINITIALIZED

.vtable    0    20000000    0000026c     UNINITIALIZED
                  20000000    0000026c     driverlib.lib : interrupt.obj (.vtable)

.bss       0    20000870    000000c8     UNINITIALIZED
                  20000870    0000001c     (.common:motor_pid1)
                  2000088c    0000001c     (.common:motor_pid2)
                  200008a8    0000001c     (.common:motor_vel_pid1)
                  200008c4    00000014     (.common:sCANMessageRX)
                  200008d8    00000014     (.common:sCANMessageTX)
                  200008ec    00000010     (.common:counts1)
                  200008fc    00000010     (.common:counts2)
                  2000090c    00000008     (.common:ui8MsgDataRX)
                  20000914    00000008     (.common:ui8MsgDataTX)
                  2000091c    00000004     (.common:currMode)
                  20000920    00000004     (.common:desiredAngle1)
                  20000924    00000004     (.common:desiredAngle2)
                  20000928    00000004     (.common:desiredPos1)
                  2000092c    00000004     (.common:desiredPos2)
                  20000930    00000004     (.common:pui8MsgDataRX)
                  20000934    00000004     (.common:pui8MsgDataTX)

.data      0    20000938    00000024     UNINITIALIZED
                  20000938    00000016     CAN.obj (.data)
                  2000094e    00000002     --HOLE--
                  20000950    00000004     rtsv7M4_T_le_v4SPD16_eabi.lib : errno.obj (.data)
                  20000954    00000004     motor.obj (.data:stateTable)
                  20000958    00000004     timer.obj (.data)

.stack     0    20000270    00000600     UNINITIALIZED
                  20000270    00000004     rtsv7M4_T_le_v4SPD16_eabi.lib : boot_cortex_m.obj (.stack)
                  20000274    000005fc     --HOLE--

MODULE SUMMARY

       Module                         code    ro data   rw data
       ------                         ----    -------   -------
    .\
       gen_algo.obj                   2636    48        0      
       motor.obj                      1112    0         4      
       CAN.obj                        972     0         98     
       menu.obj                       816     0         0      
       tm4c123gh6pm_startup_ccs.obj   12      620       0      
       main.obj                       192     0         116    
       uart.obj                       296     0         0      
       system.obj                     204     0         0      
       timer.obj                      144     0         4      
       control.obj                    0       0         8      
    +--+------------------------------+-------+---------+---------+
       Total:                         6384    668       230    
                                                               
    C:/ti/TivaWare_C_Series-2.1.3.156/driverlib/ccs/Debug/driverlib.lib
       gpio.obj                       788     528       0      
       can.obj                        966     32        0      
       interrupt.obj                  172     20        620    
       sysctl.obj                     650     108       0      
       uart.obj                       178     0         0      
       timer.obj                      140     0         0      
       pwm.obj                        110     0         0      
       qei.obj                        82      0         0      
       fpu.obj                        32      0         0      
       cpu.obj                        12      0         0      
    +--+------------------------------+-------+---------+---------+
       Total:                         3130    688       620    
                                                               
    C:\ti\ccsv7\tools\compiler\ti-cgt-arm_17.9.0.STS\lib\rtsv7M4_T_le_v4SPD16_eabi.lib
       _printfi.obj                   4574    0         0      
       _scanfi.obj                    2584    16        0      
       strtod.obj                     1116    200       0      
       ull_div_t2.obj                 500     0         0      
       strtoll.obj                    476     0         0      
       fd_add_t2.obj                  438     0         0      
       strtoull.obj                   348     0         0      
       fd_div_t2.obj                  310     0         0      
       strtol.obj                     308     0         0      
       strtoul.obj                    276     0         0      
       fd_cmp_t2.obj                  268     0         0      
       ctype.obj                      0       257       0      
       fd_mul_t2.obj                  252     0         0      
       s_scalbn.obj                   244     0         0      
       sscanf.obj                     204     0         0      
       memcpy_t2.obj                  156     0         0      
       memset_t2.obj                  122     0         0      
       fd_tos_t2.obj                  110     0         0      
       copy_decompress_lzss.obj       104     0         0      
       s_frexp.obj                    100     0         0      
       sprintf.obj                    96      0         0      
       ltoa.obj                       84      0         0      
       atoi.obj                       76      0         0      
       fd_toi_t2.obj                  72      0         0      
       autoinit.obj                   68      0         0      
       fd_tou_t2.obj                  68      0         0      
       boot_cortex_m.obj              56      0         0      
       fs_tod_t2.obj                  56      0         0      
       i_tofd_t2.obj                  46      0         0      
       u_tofd_t2.obj                  32      0         0      
       memccpy.obj                    28      0         0      
       ll_mul_t2.obj                  24      0         0      
       strrchr.obj                    24      0         0      
       strchr.obj                     22      0         0      
       s_copysign.obj                 20      0         0      
       strcpy.obj                     20      0         0      
       strlen.obj                     20      0         0      
       copy_zero_init.obj             18      0         0      
       copy_decompress_none.obj       14      0         0      
       errno.obj                      0       0         4      
       exit.obj                       4       0         0      
       pre_init.obj                   4       0         0      
    +--+------------------------------+-------+---------+---------+
       Total:                         13342   473       4      
                                                               
       Stack:                         0       0         1536   
       Linker Generated:              0       74        0      
    +--+------------------------------+-------+---------+---------+
       Grand Total:                   22856   1903      2390   


LINKER GENERATED COPY TABLES

__TI_cinit_table @ 000060c0 records: 3, size/record: 8, table size: 24
	.data: load addr=00006088, load size=00000016 bytes, run addr=20000938, run size=00000024 bytes, compression=lzss
	.bss: load addr=000060b0, load size=00000008 bytes, run addr=20000870, run size=000000c8 bytes, compression=zero_init
	.vtable: load addr=000060b8, load size=00000008 bytes, run addr=20000000, run size=0000026c bytes, compression=zero_init


LINKER GENERATED HANDLER TABLE

__TI_handler_table @ 000060a0 records: 3, size/record: 4, table size: 12
	index: 0, handler: __TI_zero_init
	index: 1, handler: __TI_decompress_lzss
	index: 2, handler: __TI_decompress_none


GLOBAL SYMBOLS: SORTED ALPHABETICALLY BY Name 

address   name                          
-------   ----                          
00005bbf  C$$EXIT                       
000050cd  CANBitRateSet                 
00005b31  CANEnable                     
00005609  CANInit                       
000057fd  CANIntClear                   
00005b81  CANIntEnable                  
00003195  CANIntHandler                 
00005841  CANIntStatus                  
00004761  CANMessageGet                 
000042e3  CANMessageSet                 
00003365  CANRXmsgconfig                
00005589  CANStatusGet                  
0000339d  CANTXmsgconfig                
000033c7  CANconfig                     
000032c9  CANget                        
00003345  CANsend                       
00005b01  CPUcpsie                      
00005a5d  FPUEnable                     
00005a6d  FPULazyStackingEnable         
00005783  GPIODirModeSet                
00005b99  GPIOIntClear                  
00005aad  GPIOIntDisable                
00005b0d  GPIOIntEnable                 
000058db  GPIOIntRegister               
00005abb  GPIOIntStatus                 
0000532d  GPIOIntTypeSet                
000041b1  GPIOPadConfigSet              
000053d9  GPIOPinConfigure              
0000593b  GPIOPinTypeCAN                
00005951  GPIOPinTypeGPIOInput          
000058f3  GPIOPinTypeGPIOOutput         
00005967  GPIOPinTypePWM                
0000597d  GPIOPinTypeQEI                
00005993  GPIOPinTypeUART               
00005b9f  GPIOPinWrite                  
00004c85  GPIOconfig                    
00005139  IntEnable                     
00005a7d  IntMasterEnable               
000056ed  IntRegister                   
00003225  PULSEconfig                   
000031f7  PULSEorderconfig              
0000325d  PULSEsend                     
0000581f  PWMGenConfigure               
00005b19  PWMGenEnable                  
00005a8d  PWMGenPeriodSet               
00005a25  PWMOutputState                
000058a1  PWMPulseWidthSet              
00002ddd  PWMconfig                     
00003165  PortDIntHandler               
00005ac9  QEIConfigure                  
00005b3b  QEIDisable                    
00005b45  QEIEnable                     
00005b4f  QEIIntDisable                 
00005bab  QEIPositionGet                
00005baf  QEIPositionSet                
00005a9d  QEIVelocityConfigure          
00005b59  QEIVelocityEnable             
00005bb3  QEIVelocityGet                
00002fe9  QEIconfig                     
00003097  QEIvelocityConfig             
00005b25  ResetISR                      
00004651  SysCtlClockGet                
0000496d  SysCtlClockSet                
00005ba5  SysCtlDelay                   
000059c1  SysCtlPWMClockSet             
00005721  SysCtlPeripheralEnable        
00005645  SysCtlPeripheralReady         
00004e49  TIMERconfig                   
00004e83  Timer2IntHandler              
0000526d  TimerConfigure                
00005ad7  TimerEnable                   
00005bb7  TimerIntClear                 
00005b89  TimerIntEnable                
00005a37  TimerLoadSet                  
00005b63  UARTCharGet                   
00005b6d  UARTCharPut                   
00005ae5  UARTCharsAvail                
000054b9  UARTConfigSetExpClk           
00005861  UARTDisable                   
000059d5  UARTEnable                    
00005bbb  UARTIntClear                  
00005b91  UARTIntEnable                 
0000444f  UARTIntHandler                
00005b77  UARTIntStatus                 
20000870  __STACK_END                   
00000600  __STACK_SIZE                  
20000470  __STACK_TOP                   
000060c0  __TI_CINIT_Base               
000060d8  __TI_CINIT_Limit              
000060a0  __TI_Handler_Table_Base       
000060ac  __TI_Handler_Table_Limit      
00005501  __TI_auto_init_nobinit_nopinit
000051a1  __TI_decompress_lzss          
00005af3  __TI_decompress_none          
ffffffff  __TI_pprof_out_hndl           
00000ab9  __TI_printfi                  
ffffffff  __TI_prof_data_size           
ffffffff  __TI_prof_data_start          
00001e99  __TI_scanfi                   
00000000  __TI_static_base__            
00005a49  __TI_zero_init_nomemset       
00004ed9  __aeabi_cdcmpeq               
00004ed9  __aeabi_cdcmple               
00004f5f  __aeabi_cdrcmple              
0000505f  __aeabi_d2f                   
00005471  __aeabi_d2iz                  
00005545  __aeabi_d2uiz                 
00003c3b  __aeabi_dadd                  
00003f45  __aeabi_ddiv                  
0000486f  __aeabi_dmul                  
00003c31  __aeabi_dsub                  
000056b5  __aeabi_f2d                   
00005755  __aeabi_i2d                   
0000590b  __aeabi_lmul                  
00004fe5  __aeabi_memclr                
00004fe5  __aeabi_memclr4               
00004fe5  __aeabi_memclr8               
00004dad  __aeabi_memcpy                
00004dad  __aeabi_memcpy4               
00004dad  __aeabi_memcpy8               
00004fe7  __aeabi_memset                
00004fe7  __aeabi_memset4               
00004fe7  __aeabi_memset8               
00005881  __aeabi_ui2d                  
00003861  __aeabi_uldivmod              
ffffffff  __binit__                     
ffffffff  __c_args__                    
UNDEFED   __mpu_init                    
20000270  __stack                       
0000567d  _c_int00_noargs               
00005bc8  _ctypes_                      
UNDEFED   _system_post_cinit            
00005bc3  _system_pre_init              
00005bbf  abort                         
00001475  absolute_to_relative          
0000144d  absolute_to_relative_config   
00002e85  angleToPosition               
00005425  atoi                          
ffffffff  binit                         
20000940  config_flag                   
000059e9  copysign                      
000059e9  copysignl                     
200008ec  counts1                       
200008fc  counts2                       
00002e69  counttoRPM                    
2000091c  currMode                      
00004c21  delayMS                       
20000920  desiredAngle1                 
20000924  desiredAngle2                 
20000928  desiredPos1                   
2000092c  desiredPos2                   
20000950  errno                         
20000938  first_node_flag               
00005209  frexp                         
00005209  frexpl                        
2000094d  g_bErrFlag                    
2000094c  g_bRXFlag                     
20000000  g_pfnRAMVectors               
00000000  g_pfnVectors                  
20000948  g_ui32MsgCount                
00002eef  getMotor1Angle                
00002f2d  getMotor1Counts               
00002ee1  getMotor1Velocity             
00002f6b  getMotor2Angle                
00002fad  getMotor2Counts               
00002f5d  getMotor2Velocity             
00004c45  initAll                       
2000093c  interrupt_counter             
00004a61  ldexp                         
00004a61  ldexpl                        
20000958  ledFlag                       
00005385  ltoa                          
00004ced  main                          
000058bf  memccpy                       
00004dad  memcpy                        
00004fed  memset                        
20000870  motor_pid1                    
2000088c  motor_pid2                    
200008a8  motor_vel_pid1                
000015db  pid_auto_tune                 
000014cb  pid_config                    
0000150f  pid_controller                
00001e03  pid_test                      
00002eb1  positionToAngle               
00003531  processUART                   
20000930  pui8MsgDataRX                 
20000934  pui8MsgDataTX                 
200008c4  sCANMessageRX                 
200008d8  sCANMessageTX                 
00004a61  scalbn                        
00004a61  scalbnl                       
00002d0d  setSpeed                      
000052cd  sprintf                       
00004b67  sscanf                        
20000954  stateTable                    
000059a9  strchr                        
000059fd  strcpy                        
00005a11  strlen                        
00005923  strrchr                       
000028b1  strtod                        
0000407d  strtol                        
000028b1  strtold                       
00003a55  strtoll                       
0000453d  strtoul                       
00003de9  strtoull                      
00004c3b  sysInit                       
0000343d  tellAngle                     
20000944  txID                          
00004415  uartInit                      
000044a3  uartRead                      
00004509  uartWrite                     
2000090c  ui8MsgDataRX                  
20000914  ui8MsgDataTX                  
00004b55  vsscanf                       
00002f4f  zeroMotor1                    
00002fc5  zeroMotor2                    


GLOBAL SYMBOLS: SORTED BY Symbol Address 

address   name                          
-------   ----                          
00000000  __TI_static_base__            
00000000  g_pfnVectors                  
00000600  __STACK_SIZE                  
00000ab9  __TI_printfi                  
0000144d  absolute_to_relative_config   
00001475  absolute_to_relative          
000014cb  pid_config                    
0000150f  pid_controller                
000015db  pid_auto_tune                 
00001e03  pid_test                      
00001e99  __TI_scanfi                   
000028b1  strtod                        
000028b1  strtold                       
00002d0d  setSpeed                      
00002ddd  PWMconfig                     
00002e69  counttoRPM                    
00002e85  angleToPosition               
00002eb1  positionToAngle               
00002ee1  getMotor1Velocity             
00002eef  getMotor1Angle                
00002f2d  getMotor1Counts               
00002f4f  zeroMotor1                    
00002f5d  getMotor2Velocity             
00002f6b  getMotor2Angle                
00002fad  getMotor2Counts               
00002fc5  zeroMotor2                    
00002fe9  QEIconfig                     
00003097  QEIvelocityConfig             
00003165  PortDIntHandler               
00003195  CANIntHandler                 
000031f7  PULSEorderconfig              
00003225  PULSEconfig                   
0000325d  PULSEsend                     
000032c9  CANget                        
00003345  CANsend                       
00003365  CANRXmsgconfig                
0000339d  CANTXmsgconfig                
000033c7  CANconfig                     
0000343d  tellAngle                     
00003531  processUART                   
00003861  __aeabi_uldivmod              
00003a55  strtoll                       
00003c31  __aeabi_dsub                  
00003c3b  __aeabi_dadd                  
00003de9  strtoull                      
00003f45  __aeabi_ddiv                  
0000407d  strtol                        
000041b1  GPIOPadConfigSet              
000042e3  CANMessageSet                 
00004415  uartInit                      
0000444f  UARTIntHandler                
000044a3  uartRead                      
00004509  uartWrite                     
0000453d  strtoul                       
00004651  SysCtlClockGet                
00004761  CANMessageGet                 
0000486f  __aeabi_dmul                  
0000496d  SysCtlClockSet                
00004a61  ldexp                         
00004a61  ldexpl                        
00004a61  scalbn                        
00004a61  scalbnl                       
00004b55  vsscanf                       
00004b67  sscanf                        
00004c21  delayMS                       
00004c3b  sysInit                       
00004c45  initAll                       
00004c85  GPIOconfig                    
00004ced  main                          
00004dad  __aeabi_memcpy                
00004dad  __aeabi_memcpy4               
00004dad  __aeabi_memcpy8               
00004dad  memcpy                        
00004e49  TIMERconfig                   
00004e83  Timer2IntHandler              
00004ed9  __aeabi_cdcmpeq               
00004ed9  __aeabi_cdcmple               
00004f5f  __aeabi_cdrcmple              
00004fe5  __aeabi_memclr                
00004fe5  __aeabi_memclr4               
00004fe5  __aeabi_memclr8               
00004fe7  __aeabi_memset                
00004fe7  __aeabi_memset4               
00004fe7  __aeabi_memset8               
00004fed  memset                        
0000505f  __aeabi_d2f                   
000050cd  CANBitRateSet                 
00005139  IntEnable                     
000051a1  __TI_decompress_lzss          
00005209  frexp                         
00005209  frexpl                        
0000526d  TimerConfigure                
000052cd  sprintf                       
0000532d  GPIOIntTypeSet                
00005385  ltoa                          
000053d9  GPIOPinConfigure              
00005425  atoi                          
00005471  __aeabi_d2iz                  
000054b9  UARTConfigSetExpClk           
00005501  __TI_auto_init_nobinit_nopinit
00005545  __aeabi_d2uiz                 
00005589  CANStatusGet                  
00005609  CANInit                       
00005645  SysCtlPeripheralReady         
0000567d  _c_int00_noargs               
000056b5  __aeabi_f2d                   
000056ed  IntRegister                   
00005721  SysCtlPeripheralEnable        
00005755  __aeabi_i2d                   
00005783  GPIODirModeSet                
000057fd  CANIntClear                   
0000581f  PWMGenConfigure               
00005841  CANIntStatus                  
00005861  UARTDisable                   
00005881  __aeabi_ui2d                  
000058a1  PWMPulseWidthSet              
000058bf  memccpy                       
000058db  GPIOIntRegister               
000058f3  GPIOPinTypeGPIOOutput         
0000590b  __aeabi_lmul                  
00005923  strrchr                       
0000593b  GPIOPinTypeCAN                
00005951  GPIOPinTypeGPIOInput          
00005967  GPIOPinTypePWM                
0000597d  GPIOPinTypeQEI                
00005993  GPIOPinTypeUART               
000059a9  strchr                        
000059c1  SysCtlPWMClockSet             
000059d5  UARTEnable                    
000059e9  copysign                      
000059e9  copysignl                     
000059fd  strcpy                        
00005a11  strlen                        
00005a25  PWMOutputState                
00005a37  TimerLoadSet                  
00005a49  __TI_zero_init_nomemset       
00005a5d  FPUEnable                     
00005a6d  FPULazyStackingEnable         
00005a7d  IntMasterEnable               
00005a8d  PWMGenPeriodSet               
00005a9d  QEIVelocityConfigure          
00005aad  GPIOIntDisable                
00005abb  GPIOIntStatus                 
00005ac9  QEIConfigure                  
00005ad7  TimerEnable                   
00005ae5  UARTCharsAvail                
00005af3  __TI_decompress_none          
00005b01  CPUcpsie                      
00005b0d  GPIOIntEnable                 
00005b19  PWMGenEnable                  
00005b25  ResetISR                      
00005b31  CANEnable                     
00005b3b  QEIDisable                    
00005b45  QEIEnable                     
00005b4f  QEIIntDisable                 
00005b59  QEIVelocityEnable             
00005b63  UARTCharGet                   
00005b6d  UARTCharPut                   
00005b77  UARTIntStatus                 
00005b81  CANIntEnable                  
00005b89  TimerIntEnable                
00005b91  UARTIntEnable                 
00005b99  GPIOIntClear                  
00005b9f  GPIOPinWrite                  
00005ba5  SysCtlDelay                   
00005bab  QEIPositionGet                
00005baf  QEIPositionSet                
00005bb3  QEIVelocityGet                
00005bb7  TimerIntClear                 
00005bbb  UARTIntClear                  
00005bbf  C$$EXIT                       
00005bbf  abort                         
00005bc3  _system_pre_init              
00005bc8  _ctypes_                      
000060a0  __TI_Handler_Table_Base       
000060ac  __TI_Handler_Table_Limit      
000060c0  __TI_CINIT_Base               
000060d8  __TI_CINIT_Limit              
20000000  g_pfnRAMVectors               
20000270  __stack                       
20000470  __STACK_TOP                   
20000870  __STACK_END                   
20000870  motor_pid1                    
2000088c  motor_pid2                    
200008a8  motor_vel_pid1                
200008c4  sCANMessageRX                 
200008d8  sCANMessageTX                 
200008ec  counts1                       
200008fc  counts2                       
2000090c  ui8MsgDataRX                  
20000914  ui8MsgDataTX                  
2000091c  currMode                      
20000920  desiredAngle1                 
20000924  desiredAngle2                 
20000928  desiredPos1                   
2000092c  desiredPos2                   
20000930  pui8MsgDataRX                 
20000934  pui8MsgDataTX                 
20000938  first_node_flag               
2000093c  interrupt_counter             
20000940  config_flag                   
20000944  txID                          
20000948  g_ui32MsgCount                
2000094c  g_bRXFlag                     
2000094d  g_bErrFlag                    
20000950  errno                         
20000954  stateTable                    
20000958  ledFlag                       
ffffffff  __TI_pprof_out_hndl           
ffffffff  __TI_prof_data_size           
ffffffff  __TI_prof_data_start          
ffffffff  __binit__                     
ffffffff  __c_args__                    
ffffffff  binit                         
UNDEFED   __mpu_init                    
UNDEFED   _system_post_cinit            

[216 symbols]
