<?xml version="1.0"?>
<link_info>
   <banner>TI ARM Linker PC v17.9.0.STS</banner>
   <copyright>Copyright (c) 1996-2017 Texas Instruments Incorporated</copyright>
   <link_time>0x5afc5fa2</link_time>
   <link_errors>0x0</link_errors>
   <output_file>single-board-controller.out</output_file>
   <entry_point>
      <name>_c_int00_noargs</name>
      <address>0x567d</address>
   </entry_point>
   <input_file_list>
      <input_file id="fl-2">
         <path>.\</path>
         <kind>object</kind>
         <file>CAN.obj</file>
         <name>CAN.obj</name>
      </input_file>
      <input_file id="fl-3">
         <path>.\</path>
         <kind>object</kind>
         <file>control.obj</file>
         <name>control.obj</name>
      </input_file>
      <input_file id="fl-4">
         <path>.\</path>
         <kind>object</kind>
         <file>gen_algo.obj</file>
         <name>gen_algo.obj</name>
      </input_file>
      <input_file id="fl-5">
         <path>.\</path>
         <kind>object</kind>
         <file>main.obj</file>
         <name>main.obj</name>
      </input_file>
      <input_file id="fl-6">
         <path>.\</path>
         <kind>object</kind>
         <file>menu.obj</file>
         <name>menu.obj</name>
      </input_file>
      <input_file id="fl-7">
         <path>.\</path>
         <kind>object</kind>
         <file>motor.obj</file>
         <name>motor.obj</name>
      </input_file>
      <input_file id="fl-8">
         <path>.\</path>
         <kind>object</kind>
         <file>system.obj</file>
         <name>system.obj</name>
      </input_file>
      <input_file id="fl-9">
         <path>.\</path>
         <kind>object</kind>
         <file>timer.obj</file>
         <name>timer.obj</name>
      </input_file>
      <input_file id="fl-a">
         <path>.\</path>
         <kind>object</kind>
         <file>tm4c123gh6pm_startup_ccs.obj</file>
         <name>tm4c123gh6pm_startup_ccs.obj</name>
      </input_file>
      <input_file id="fl-b">
         <path>.\</path>
         <kind>object</kind>
         <file>uart.obj</file>
         <name>uart.obj</name>
      </input_file>
      <input_file id="fl-10">
         <kind>object</kind>
         <file>&lt;internal&gt;</file>
         <name>&lt;internal&gt;</name>
      </input_file>
      <input_file id="fl-c6">
         <path>C:\ti\ccsv7\tools\compiler\ti-cgt-arm_17.9.0.STS\lib\</path>
         <kind>archive</kind>
         <file>rtsv7M4_T_le_v4SPD16_eabi.lib</file>
         <name>fd_div_t2.obj</name>
      </input_file>
      <input_file id="fl-c7">
         <path>C:\ti\ccsv7\tools\compiler\ti-cgt-arm_17.9.0.STS\lib\</path>
         <kind>archive</kind>
         <file>rtsv7M4_T_le_v4SPD16_eabi.lib</file>
         <name>fd_mul_t2.obj</name>
      </input_file>
      <input_file id="fl-c8">
         <path>C:\ti\ccsv7\tools\compiler\ti-cgt-arm_17.9.0.STS\lib\</path>
         <kind>archive</kind>
         <file>rtsv7M4_T_le_v4SPD16_eabi.lib</file>
         <name>fd_toi_t2.obj</name>
      </input_file>
      <input_file id="fl-c9">
         <path>C:\ti\ccsv7\tools\compiler\ti-cgt-arm_17.9.0.STS\lib\</path>
         <kind>archive</kind>
         <file>rtsv7M4_T_le_v4SPD16_eabi.lib</file>
         <name>fd_tou_t2.obj</name>
      </input_file>
      <input_file id="fl-ca">
         <path>C:\ti\ccsv7\tools\compiler\ti-cgt-arm_17.9.0.STS\lib\</path>
         <kind>archive</kind>
         <file>rtsv7M4_T_le_v4SPD16_eabi.lib</file>
         <name>fs_tod_t2.obj</name>
      </input_file>
      <input_file id="fl-cb">
         <path>C:\ti\ccsv7\tools\compiler\ti-cgt-arm_17.9.0.STS\lib\</path>
         <kind>archive</kind>
         <file>rtsv7M4_T_le_v4SPD16_eabi.lib</file>
         <name>u_tofd_t2.obj</name>
      </input_file>
      <input_file id="fl-cc">
         <path>C:\ti\ccsv7\tools\compiler\ti-cgt-arm_17.9.0.STS\lib\</path>
         <kind>archive</kind>
         <file>rtsv7M4_T_le_v4SPD16_eabi.lib</file>
         <name>copy_zero_init.obj</name>
      </input_file>
      <input_file id="fl-cd">
         <path>C:\ti\ccsv7\tools\compiler\ti-cgt-arm_17.9.0.STS\lib\</path>
         <kind>archive</kind>
         <file>rtsv7M4_T_le_v4SPD16_eabi.lib</file>
         <name>copy_decompress_none.obj</name>
      </input_file>
      <input_file id="fl-ce">
         <path>C:\ti\ccsv7\tools\compiler\ti-cgt-arm_17.9.0.STS\lib\</path>
         <kind>archive</kind>
         <file>rtsv7M4_T_le_v4SPD16_eabi.lib</file>
         <name>copy_decompress_lzss.obj</name>
      </input_file>
      <input_file id="fl-cf">
         <path>C:\ti\ccsv7\tools\compiler\ti-cgt-arm_17.9.0.STS\lib\</path>
         <kind>archive</kind>
         <file>rtsv7M4_T_le_v4SPD16_eabi.lib</file>
         <name>sprintf.obj</name>
      </input_file>
      <input_file id="fl-d0">
         <path>C:\ti\ccsv7\tools\compiler\ti-cgt-arm_17.9.0.STS\lib\</path>
         <kind>archive</kind>
         <file>rtsv7M4_T_le_v4SPD16_eabi.lib</file>
         <name>sscanf.obj</name>
      </input_file>
      <input_file id="fl-d1">
         <path>C:\ti\ccsv7\tools\compiler\ti-cgt-arm_17.9.0.STS\lib\</path>
         <kind>archive</kind>
         <file>rtsv7M4_T_le_v4SPD16_eabi.lib</file>
         <name>boot_cortex_m.obj</name>
      </input_file>
      <input_file id="fl-d2">
         <path>C:\ti\ccsv7\tools\compiler\ti-cgt-arm_17.9.0.STS\lib\</path>
         <kind>archive</kind>
         <file>rtsv7M4_T_le_v4SPD16_eabi.lib</file>
         <name>memcpy_t2.obj</name>
      </input_file>
      <input_file id="fl-d3">
         <path>C:\ti\ccsv7\tools\compiler\ti-cgt-arm_17.9.0.STS\lib\</path>
         <kind>archive</kind>
         <file>rtsv7M4_T_le_v4SPD16_eabi.lib</file>
         <name>memset_t2.obj</name>
      </input_file>
      <input_file id="fl-d4">
         <path>C:\ti\ccsv7\tools\compiler\ti-cgt-arm_17.9.0.STS\lib\</path>
         <kind>archive</kind>
         <file>rtsv7M4_T_le_v4SPD16_eabi.lib</file>
         <name>autoinit.obj</name>
      </input_file>
      <input_file id="fl-d5">
         <path>C:\ti\ccsv7\tools\compiler\ti-cgt-arm_17.9.0.STS\lib\</path>
         <kind>archive</kind>
         <file>rtsv7M4_T_le_v4SPD16_eabi.lib</file>
         <name>pre_init.obj</name>
      </input_file>
      <input_file id="fl-d6">
         <path>C:\ti\ccsv7\tools\compiler\ti-cgt-arm_17.9.0.STS\lib\</path>
         <kind>archive</kind>
         <file>rtsv7M4_T_le_v4SPD16_eabi.lib</file>
         <name>cpy_tbl.obj</name>
      </input_file>
      <input_file id="fl-d7">
         <path>C:\ti\ccsv7\tools\compiler\ti-cgt-arm_17.9.0.STS\lib\</path>
         <kind>archive</kind>
         <file>rtsv7M4_T_le_v4SPD16_eabi.lib</file>
         <name>exit.obj</name>
      </input_file>
      <input_file id="fl-d8">
         <path>C:\ti\ccsv7\tools\compiler\ti-cgt-arm_17.9.0.STS\lib\</path>
         <kind>archive</kind>
         <file>rtsv7M4_T_le_v4SPD16_eabi.lib</file>
         <name>_lock.obj</name>
      </input_file>
      <input_file id="fl-d9">
         <path>C:\ti\ccsv7\tools\compiler\ti-cgt-arm_17.9.0.STS\lib\</path>
         <kind>archive</kind>
         <file>rtsv7M4_T_le_v4SPD16_eabi.lib</file>
         <name>_printfi.obj</name>
      </input_file>
      <input_file id="fl-da">
         <path>C:\ti\ccsv7\tools\compiler\ti-cgt-arm_17.9.0.STS\lib\</path>
         <kind>archive</kind>
         <file>rtsv7M4_T_le_v4SPD16_eabi.lib</file>
         <name>_scanfi.obj</name>
      </input_file>
      <input_file id="fl-db">
         <path>C:\ti\ccsv7\tools\compiler\ti-cgt-arm_17.9.0.STS\lib\</path>
         <kind>archive</kind>
         <file>rtsv7M4_T_le_v4SPD16_eabi.lib</file>
         <name>args_main.obj</name>
      </input_file>
      <input_file id="fl-dc">
         <path>C:\ti\ccsv7\tools\compiler\ti-cgt-arm_17.9.0.STS\lib\</path>
         <kind>archive</kind>
         <file>rtsv7M4_T_le_v4SPD16_eabi.lib</file>
         <name>atoi.obj</name>
      </input_file>
      <input_file id="fl-dd">
         <path>C:\ti\ccsv7\tools\compiler\ti-cgt-arm_17.9.0.STS\lib\</path>
         <kind>archive</kind>
         <file>rtsv7M4_T_le_v4SPD16_eabi.lib</file>
         <name>ctype.obj</name>
      </input_file>
      <input_file id="fl-de">
         <path>C:\ti\ccsv7\tools\compiler\ti-cgt-arm_17.9.0.STS\lib\</path>
         <kind>archive</kind>
         <file>rtsv7M4_T_le_v4SPD16_eabi.lib</file>
         <name>ltoa.obj</name>
      </input_file>
      <input_file id="fl-df">
         <path>C:\ti\ccsv7\tools\compiler\ti-cgt-arm_17.9.0.STS\lib\</path>
         <kind>archive</kind>
         <file>rtsv7M4_T_le_v4SPD16_eabi.lib</file>
         <name>memccpy.obj</name>
      </input_file>
      <input_file id="fl-e0">
         <path>C:\ti\ccsv7\tools\compiler\ti-cgt-arm_17.9.0.STS\lib\</path>
         <kind>archive</kind>
         <file>rtsv7M4_T_le_v4SPD16_eabi.lib</file>
         <name>strchr.obj</name>
      </input_file>
      <input_file id="fl-e1">
         <path>C:\ti\ccsv7\tools\compiler\ti-cgt-arm_17.9.0.STS\lib\</path>
         <kind>archive</kind>
         <file>rtsv7M4_T_le_v4SPD16_eabi.lib</file>
         <name>strcpy.obj</name>
      </input_file>
      <input_file id="fl-e2">
         <path>C:\ti\ccsv7\tools\compiler\ti-cgt-arm_17.9.0.STS\lib\</path>
         <kind>archive</kind>
         <file>rtsv7M4_T_le_v4SPD16_eabi.lib</file>
         <name>strlen.obj</name>
      </input_file>
      <input_file id="fl-e3">
         <path>C:\ti\ccsv7\tools\compiler\ti-cgt-arm_17.9.0.STS\lib\</path>
         <kind>archive</kind>
         <file>rtsv7M4_T_le_v4SPD16_eabi.lib</file>
         <name>strrchr.obj</name>
      </input_file>
      <input_file id="fl-e4">
         <path>C:\ti\ccsv7\tools\compiler\ti-cgt-arm_17.9.0.STS\lib\</path>
         <kind>archive</kind>
         <file>rtsv7M4_T_le_v4SPD16_eabi.lib</file>
         <name>strtod.obj</name>
      </input_file>
      <input_file id="fl-e5">
         <path>C:\ti\ccsv7\tools\compiler\ti-cgt-arm_17.9.0.STS\lib\</path>
         <kind>archive</kind>
         <file>rtsv7M4_T_le_v4SPD16_eabi.lib</file>
         <name>strtol.obj</name>
      </input_file>
      <input_file id="fl-e6">
         <path>C:\ti\ccsv7\tools\compiler\ti-cgt-arm_17.9.0.STS\lib\</path>
         <kind>archive</kind>
         <file>rtsv7M4_T_le_v4SPD16_eabi.lib</file>
         <name>strtoll.obj</name>
      </input_file>
      <input_file id="fl-e7">
         <path>C:\ti\ccsv7\tools\compiler\ti-cgt-arm_17.9.0.STS\lib\</path>
         <kind>archive</kind>
         <file>rtsv7M4_T_le_v4SPD16_eabi.lib</file>
         <name>strtoul.obj</name>
      </input_file>
      <input_file id="fl-e8">
         <path>C:\ti\ccsv7\tools\compiler\ti-cgt-arm_17.9.0.STS\lib\</path>
         <kind>archive</kind>
         <file>rtsv7M4_T_le_v4SPD16_eabi.lib</file>
         <name>strtoull.obj</name>
      </input_file>
      <input_file id="fl-e9">
         <path>C:\ti\ccsv7\tools\compiler\ti-cgt-arm_17.9.0.STS\lib\</path>
         <kind>archive</kind>
         <file>rtsv7M4_T_le_v4SPD16_eabi.lib</file>
         <name>s_frexp.obj</name>
      </input_file>
      <input_file id="fl-ea">
         <path>C:\ti\ccsv7\tools\compiler\ti-cgt-arm_17.9.0.STS\lib\</path>
         <kind>archive</kind>
         <file>rtsv7M4_T_le_v4SPD16_eabi.lib</file>
         <name>s_scalbn.obj</name>
      </input_file>
      <input_file id="fl-eb">
         <path>C:\ti\ccsv7\tools\compiler\ti-cgt-arm_17.9.0.STS\lib\</path>
         <kind>archive</kind>
         <file>rtsv7M4_T_le_v4SPD16_eabi.lib</file>
         <name>s_copysign.obj</name>
      </input_file>
      <input_file id="fl-ec">
         <path>C:\ti\ccsv7\tools\compiler\ti-cgt-arm_17.9.0.STS\lib\</path>
         <kind>archive</kind>
         <file>rtsv7M4_T_le_v4SPD16_eabi.lib</file>
         <name>fd_add_t2.obj</name>
      </input_file>
      <input_file id="fl-ed">
         <path>C:\ti\ccsv7\tools\compiler\ti-cgt-arm_17.9.0.STS\lib\</path>
         <kind>archive</kind>
         <file>rtsv7M4_T_le_v4SPD16_eabi.lib</file>
         <name>fd_cmp_t2.obj</name>
      </input_file>
      <input_file id="fl-ee">
         <path>C:\ti\ccsv7\tools\compiler\ti-cgt-arm_17.9.0.STS\lib\</path>
         <kind>archive</kind>
         <file>rtsv7M4_T_le_v4SPD16_eabi.lib</file>
         <name>fd_tos_t2.obj</name>
      </input_file>
      <input_file id="fl-ef">
         <path>C:\ti\ccsv7\tools\compiler\ti-cgt-arm_17.9.0.STS\lib\</path>
         <kind>archive</kind>
         <file>rtsv7M4_T_le_v4SPD16_eabi.lib</file>
         <name>i_tofd_t2.obj</name>
      </input_file>
      <input_file id="fl-f0">
         <path>C:\ti\ccsv7\tools\compiler\ti-cgt-arm_17.9.0.STS\lib\</path>
         <kind>archive</kind>
         <file>rtsv7M4_T_le_v4SPD16_eabi.lib</file>
         <name>ll_mul_t2.obj</name>
      </input_file>
      <input_file id="fl-f1">
         <path>C:\ti\ccsv7\tools\compiler\ti-cgt-arm_17.9.0.STS\lib\</path>
         <kind>archive</kind>
         <file>rtsv7M4_T_le_v4SPD16_eabi.lib</file>
         <name>ull_div_t2.obj</name>
      </input_file>
      <input_file id="fl-f2">
         <path>C:\ti\ccsv7\tools\compiler\ti-cgt-arm_17.9.0.STS\lib\</path>
         <kind>archive</kind>
         <file>rtsv7M4_T_le_v4SPD16_eabi.lib</file>
         <name>errno.obj</name>
      </input_file>
      <input_file id="fl-f3">
         <path>C:\ti\TivaWare_C_Series-2.1.3.156\driverlib\ccs\Debug\</path>
         <kind>archive</kind>
         <file>driverlib.lib</file>
         <name>can.obj</name>
      </input_file>
      <input_file id="fl-f4">
         <path>C:\ti\TivaWare_C_Series-2.1.3.156\driverlib\ccs\Debug\</path>
         <kind>archive</kind>
         <file>driverlib.lib</file>
         <name>fpu.obj</name>
      </input_file>
      <input_file id="fl-f5">
         <path>C:\ti\TivaWare_C_Series-2.1.3.156\driverlib\ccs\Debug\</path>
         <kind>archive</kind>
         <file>driverlib.lib</file>
         <name>gpio.obj</name>
      </input_file>
      <input_file id="fl-f6">
         <path>C:\ti\TivaWare_C_Series-2.1.3.156\driverlib\ccs\Debug\</path>
         <kind>archive</kind>
         <file>driverlib.lib</file>
         <name>interrupt.obj</name>
      </input_file>
      <input_file id="fl-f7">
         <path>C:\ti\TivaWare_C_Series-2.1.3.156\driverlib\ccs\Debug\</path>
         <kind>archive</kind>
         <file>driverlib.lib</file>
         <name>pwm.obj</name>
      </input_file>
      <input_file id="fl-f8">
         <path>C:\ti\TivaWare_C_Series-2.1.3.156\driverlib\ccs\Debug\</path>
         <kind>archive</kind>
         <file>driverlib.lib</file>
         <name>qei.obj</name>
      </input_file>
      <input_file id="fl-f9">
         <path>C:\ti\TivaWare_C_Series-2.1.3.156\driverlib\ccs\Debug\</path>
         <kind>archive</kind>
         <file>driverlib.lib</file>
         <name>sysctl.obj</name>
      </input_file>
      <input_file id="fl-fa">
         <path>C:\ti\TivaWare_C_Series-2.1.3.156\driverlib\ccs\Debug\</path>
         <kind>archive</kind>
         <file>driverlib.lib</file>
         <name>timer.obj</name>
      </input_file>
      <input_file id="fl-fb">
         <path>C:\ti\TivaWare_C_Series-2.1.3.156\driverlib\ccs\Debug\</path>
         <kind>archive</kind>
         <file>driverlib.lib</file>
         <name>uart.obj</name>
      </input_file>
      <input_file id="fl-fc">
         <path>C:\ti\TivaWare_C_Series-2.1.3.156\driverlib\ccs\Debug\</path>
         <kind>archive</kind>
         <file>driverlib.lib</file>
         <name>cpu.obj</name>
      </input_file>
   </input_file_list>
   <object_component_list>
      <object_component id="oc-f">
         <name>.intvecs</name>
         <load_address>0x0</load_address>
         <run_address>0x0</run_address>
         <size>0x26c</size>
         <input_file_ref idref="fl-a"/>
      </object_component>
      <object_component id="oc-375">
         <name>.text</name>
         <load_address>0x26c</load_address>
         <run_address>0x26c</run_address>
         <size>0x11de</size>
         <input_file_ref idref="fl-d9"/>
      </object_component>
      <object_component id="oc-17f">
         <name>.text</name>
         <load_address>0x144c</load_address>
         <run_address>0x144c</run_address>
         <size>0xa4c</size>
         <input_file_ref idref="fl-4"/>
      </object_component>
      <object_component id="oc-43e">
         <name>.text</name>
         <load_address>0x1e98</load_address>
         <run_address>0x1e98</run_address>
         <size>0xa18</size>
         <input_file_ref idref="fl-da"/>
      </object_component>
      <object_component id="oc-4a5">
         <name>.text</name>
         <load_address>0x28b0</load_address>
         <run_address>0x28b0</run_address>
         <size>0x45c</size>
         <input_file_ref idref="fl-e4"/>
      </object_component>
      <object_component id="oc-179">
         <name>.text</name>
         <load_address>0x2d0c</load_address>
         <run_address>0x2d0c</run_address>
         <size>0x458</size>
         <input_file_ref idref="fl-7"/>
      </object_component>
      <object_component id="oc-2a">
         <name>.text</name>
         <load_address>0x3164</load_address>
         <run_address>0x3164</run_address>
         <size>0x3cc</size>
         <input_file_ref idref="fl-2"/>
      </object_component>
      <object_component id="oc-2e7">
         <name>.text</name>
         <load_address>0x3530</load_address>
         <run_address>0x3530</run_address>
         <size>0x330</size>
         <input_file_ref idref="fl-6"/>
      </object_component>
      <object_component id="oc-3dc">
         <name>.text</name>
         <load_address>0x3860</load_address>
         <run_address>0x3860</run_address>
         <size>0x1f4</size>
         <input_file_ref idref="fl-f1"/>
      </object_component>
      <object_component id="oc-4b6">
         <name>.text</name>
         <load_address>0x3a54</load_address>
         <run_address>0x3a54</run_address>
         <size>0x1dc</size>
         <input_file_ref idref="fl-e6"/>
      </object_component>
      <object_component id="oc-3fc">
         <name>.text</name>
         <load_address>0x3c30</load_address>
         <run_address>0x3c30</run_address>
         <size>0x1b6</size>
         <input_file_ref idref="fl-ec"/>
      </object_component>
      <object_component id="oc-499">
         <name>.text</name>
         <load_address>0x3de8</load_address>
         <run_address>0x3de8</run_address>
         <size>0x15c</size>
         <input_file_ref idref="fl-e8"/>
      </object_component>
      <object_component id="oc-26e">
         <name>.text</name>
         <load_address>0x3f44</load_address>
         <run_address>0x3f44</run_address>
         <size>0x136</size>
         <input_file_ref idref="fl-c6"/>
      </object_component>
      <object_component id="oc-4b0">
         <name>.text</name>
         <load_address>0x407c</load_address>
         <run_address>0x407c</run_address>
         <size>0x134</size>
         <input_file_ref idref="fl-e5"/>
      </object_component>
      <object_component id="oc-a8">
         <name>.text:GPIOPadConfigSet</name>
         <load_address>0x41b0</load_address>
         <run_address>0x41b0</run_address>
         <size>0x132</size>
         <input_file_ref idref="fl-f5"/>
      </object_component>
      <object_component id="oc-d8">
         <name>.text:CANMessageSet</name>
         <load_address>0x42e2</load_address>
         <run_address>0x42e2</run_address>
         <size>0x130</size>
         <input_file_ref idref="fl-f3"/>
      </object_component>
      <object_component id="oc-30">
         <name>.text</name>
         <load_address>0x4414</load_address>
         <run_address>0x4414</run_address>
         <size>0x128</size>
         <input_file_ref idref="fl-b"/>
      </object_component>
      <object_component id="oc-49f">
         <name>.text</name>
         <load_address>0x453c</load_address>
         <run_address>0x453c</run_address>
         <size>0x114</size>
         <input_file_ref idref="fl-e7"/>
      </object_component>
      <object_component id="oc-f0">
         <name>.text:SysCtlClockGet</name>
         <load_address>0x4650</load_address>
         <run_address>0x4650</run_address>
         <size>0x110</size>
         <input_file_ref idref="fl-f9"/>
      </object_component>
      <object_component id="oc-d2">
         <name>.text:CANMessageGet</name>
         <load_address>0x4760</load_address>
         <run_address>0x4760</run_address>
         <size>0x10e</size>
         <input_file_ref idref="fl-f3"/>
      </object_component>
      <object_component id="oc-273">
         <name>.text</name>
         <load_address>0x486e</load_address>
         <run_address>0x486e</run_address>
         <size>0xfc</size>
         <input_file_ref idref="fl-c7"/>
      </object_component>
      <object_component id="oc-382">
         <name>.text:SysCtlClockSet</name>
         <load_address>0x496c</load_address>
         <run_address>0x496c</run_address>
         <size>0xf4</size>
         <input_file_ref idref="fl-f9"/>
      </object_component>
      <object_component id="oc-407">
         <name>.text</name>
         <load_address>0x4a60</load_address>
         <run_address>0x4a60</run_address>
         <size>0xf4</size>
         <input_file_ref idref="fl-ea"/>
      </object_component>
      <object_component id="oc-3a7">
         <name>.text</name>
         <load_address>0x4b54</load_address>
         <run_address>0x4b54</run_address>
         <size>0xcc</size>
         <input_file_ref idref="fl-d0"/>
      </object_component>
      <object_component id="oc-2d1">
         <name>.text</name>
         <load_address>0x4c20</load_address>
         <run_address>0x4c20</run_address>
         <size>0xcc</size>
         <input_file_ref idref="fl-8"/>
      </object_component>
      <object_component id="oc-1b0">
         <name>.text</name>
         <load_address>0x4cec</load_address>
         <run_address>0x4cec</run_address>
         <size>0xc0</size>
         <input_file_ref idref="fl-5"/>
      </object_component>
      <object_component id="oc-4a">
         <name>.text</name>
         <load_address>0x4dac</load_address>
         <run_address>0x4dac</run_address>
         <size>0x9c</size>
         <input_file_ref idref="fl-d2"/>
      </object_component>
      <object_component id="oc-36">
         <name>.text</name>
         <load_address>0x4e48</load_address>
         <run_address>0x4e48</run_address>
         <size>0x90</size>
         <input_file_ref idref="fl-9"/>
      </object_component>
      <object_component id="oc-3e7">
         <name>.text:__aeabi_cdcmple</name>
         <load_address>0x4ed8</load_address>
         <run_address>0x4ed8</run_address>
         <size>0x86</size>
         <input_file_ref idref="fl-ed"/>
      </object_component>
      <object_component id="oc-3ec">
         <name>.text:__aeabi_cdrcmple</name>
         <load_address>0x4f5e</load_address>
         <run_address>0x4f5e</run_address>
         <size>0x86</size>
         <input_file_ref idref="fl-ed"/>
      </object_component>
      <object_component id="oc-1a4">
         <name>.text</name>
         <load_address>0x4fe4</load_address>
         <run_address>0x4fe4</run_address>
         <size>0x7a</size>
         <input_file_ref idref="fl-d3"/>
      </object_component>
      <object_component id="oc-4ab">
         <name>.text</name>
         <load_address>0x505e</load_address>
         <run_address>0x505e</run_address>
         <size>0x6e</size>
         <input_file_ref idref="fl-ee"/>
      </object_component>
      <object_component id="oc-f6">
         <name>.text:CANBitRateSet</name>
         <load_address>0x50cc</load_address>
         <run_address>0x50cc</run_address>
         <size>0x6c</size>
         <input_file_ref idref="fl-f3"/>
      </object_component>
      <object_component id="oc-102">
         <name>.text:IntEnable</name>
         <load_address>0x5138</load_address>
         <run_address>0x5138</run_address>
         <size>0x68</size>
         <input_file_ref idref="fl-f6"/>
      </object_component>
      <object_component id="oc-12">
         <name>.text:decompress:lzss</name>
         <load_address>0x51a0</load_address>
         <run_address>0x51a0</run_address>
         <size>0x68</size>
         <input_file_ref idref="fl-ce"/>
      </object_component>
      <object_component id="oc-401">
         <name>.text</name>
         <load_address>0x5208</load_address>
         <run_address>0x5208</run_address>
         <size>0x64</size>
         <input_file_ref idref="fl-e9"/>
      </object_component>
      <object_component id="oc-15b">
         <name>.text:TimerConfigure</name>
         <load_address>0x526c</load_address>
         <run_address>0x526c</run_address>
         <size>0x60</size>
         <input_file_ref idref="fl-fa"/>
      </object_component>
      <object_component id="oc-2cb">
         <name>.text</name>
         <load_address>0x52cc</load_address>
         <run_address>0x52cc</run_address>
         <size>0x60</size>
         <input_file_ref idref="fl-cf"/>
      </object_component>
      <object_component id="oc-ae">
         <name>.text:GPIOIntTypeSet</name>
         <load_address>0x532c</load_address>
         <run_address>0x532c</run_address>
         <size>0x58</size>
         <input_file_ref idref="fl-f5"/>
      </object_component>
      <object_component id="oc-3f1">
         <name>.text</name>
         <load_address>0x5384</load_address>
         <run_address>0x5384</run_address>
         <size>0x54</size>
         <input_file_ref idref="fl-de"/>
      </object_component>
      <object_component id="oc-de">
         <name>.text:GPIOPinConfigure</name>
         <load_address>0x53d8</load_address>
         <run_address>0x53d8</run_address>
         <size>0x4c</size>
         <input_file_ref idref="fl-f5"/>
      </object_component>
      <object_component id="oc-413">
         <name>.text</name>
         <load_address>0x5424</load_address>
         <run_address>0x5424</run_address>
         <size>0x4c</size>
         <input_file_ref idref="fl-dc"/>
      </object_component>
      <object_component id="oc-278">
         <name>.text</name>
         <load_address>0x5470</load_address>
         <run_address>0x5470</run_address>
         <size>0x48</size>
         <input_file_ref idref="fl-c8"/>
      </object_component>
      <object_component id="oc-135">
         <name>.text:UARTConfigSetExpClk</name>
         <load_address>0x54b8</load_address>
         <run_address>0x54b8</run_address>
         <size>0x46</size>
         <input_file_ref idref="fl-fb"/>
      </object_component>
      <object_component id="oc-2fc">
         <name>.text:__TI_auto_init_nobinit_nopinit</name>
         <load_address>0x5500</load_address>
         <run_address>0x5500</run_address>
         <size>0x44</size>
         <input_file_ref idref="fl-d4"/>
      </object_component>
      <object_component id="oc-2b5">
         <name>.text</name>
         <load_address>0x5544</load_address>
         <run_address>0x5544</run_address>
         <size>0x44</size>
         <input_file_ref idref="fl-c9"/>
      </object_component>
      <object_component id="oc-8f">
         <name>.text:CANStatusGet</name>
         <load_address>0x5588</load_address>
         <run_address>0x5588</run_address>
         <size>0x40</size>
         <input_file_ref idref="fl-f3"/>
      </object_component>
      <object_component id="oc-1d9">
         <name>.text:_GPIOIntNumberGet</name>
         <load_address>0x55c8</load_address>
         <run_address>0x55c8</run_address>
         <size>0x40</size>
         <input_file_ref idref="fl-f5"/>
      </object_component>
      <object_component id="oc-ea">
         <name>.text:CANInit</name>
         <load_address>0x5608</load_address>
         <run_address>0x5608</run_address>
         <size>0x3a</size>
         <input_file_ref idref="fl-f3"/>
      </object_component>
      <object_component id="oc-3a0">
         <name>.text:SysCtlPeripheralReady</name>
         <load_address>0x5644</load_address>
         <run_address>0x5644</run_address>
         <size>0x38</size>
         <input_file_ref idref="fl-f9"/>
      </object_component>
      <object_component id="oc-68">
         <name>.text:_c_int00_noargs</name>
         <load_address>0x567c</load_address>
         <run_address>0x567c</run_address>
         <size>0x38</size>
         <input_file_ref idref="fl-d1"/>
      </object_component>
      <object_component id="oc-269">
         <name>.text</name>
         <load_address>0x56b4</load_address>
         <run_address>0x56b4</run_address>
         <size>0x38</size>
         <input_file_ref idref="fl-ca"/>
      </object_component>
      <object_component id="oc-1df">
         <name>.text:IntRegister</name>
         <load_address>0x56ec</load_address>
         <run_address>0x56ec</run_address>
         <size>0x34</size>
         <input_file_ref idref="fl-f6"/>
      </object_component>
      <object_component id="oc-9c">
         <name>.text:SysCtlPeripheralEnable</name>
         <load_address>0x5720</load_address>
         <run_address>0x5720</run_address>
         <size>0x34</size>
         <input_file_ref idref="fl-f9"/>
      </object_component>
      <object_component id="oc-3f7">
         <name>.text</name>
         <load_address>0x5754</load_address>
         <run_address>0x5754</run_address>
         <size>0x2e</size>
         <input_file_ref idref="fl-ef"/>
      </object_component>
      <object_component id="oc-1d0">
         <name>.text:GPIODirModeSet</name>
         <load_address>0x5782</load_address>
         <run_address>0x5782</run_address>
         <size>0x2c</size>
         <input_file_ref idref="fl-f5"/>
      </object_component>
      <object_component id="oc-1ea">
         <name>.text:_CANDataRegRead</name>
         <load_address>0x57ae</load_address>
         <run_address>0x57ae</run_address>
         <size>0x2a</size>
         <input_file_ref idref="fl-f3"/>
      </object_component>
      <object_component id="oc-1f1">
         <name>.text:_CANDataRegWrite</name>
         <load_address>0x57d8</load_address>
         <run_address>0x57d8</run_address>
         <size>0x24</size>
         <input_file_ref idref="fl-f3"/>
      </object_component>
      <object_component id="oc-95">
         <name>.text:CANIntClear</name>
         <load_address>0x57fc</load_address>
         <run_address>0x57fc</run_address>
         <size>0x22</size>
         <input_file_ref idref="fl-f3"/>
      </object_component>
      <object_component id="oc-251">
         <name>.text:PWMGenConfigure</name>
         <load_address>0x581e</load_address>
         <run_address>0x581e</run_address>
         <size>0x22</size>
         <input_file_ref idref="fl-f7"/>
      </object_component>
      <object_component id="oc-89">
         <name>.text:CANIntStatus</name>
         <load_address>0x5840</load_address>
         <run_address>0x5840</run_address>
         <size>0x20</size>
         <input_file_ref idref="fl-f3"/>
      </object_component>
      <object_component id="oc-224">
         <name>.text:UARTDisable</name>
         <load_address>0x5860</load_address>
         <run_address>0x5860</run_address>
         <size>0x20</size>
         <input_file_ref idref="fl-fb"/>
      </object_component>
      <object_component id="oc-2b0">
         <name>.text</name>
         <load_address>0x5880</load_address>
         <run_address>0x5880</run_address>
         <size>0x20</size>
         <input_file_ref idref="fl-cb"/>
      </object_component>
      <object_component id="oc-23f">
         <name>.text:PWMPulseWidthSet</name>
         <load_address>0x58a0</load_address>
         <run_address>0x58a0</run_address>
         <size>0x1e</size>
         <input_file_ref idref="fl-f7"/>
      </object_component>
      <object_component id="oc-419">
         <name>.text</name>
         <load_address>0x58be</load_address>
         <run_address>0x58be</run_address>
         <size>0x1c</size>
         <input_file_ref idref="fl-df"/>
      </object_component>
      <object_component id="oc-b4">
         <name>.text:GPIOIntRegister</name>
         <load_address>0x58da</load_address>
         <run_address>0x58da</run_address>
         <size>0x18</size>
         <input_file_ref idref="fl-f5"/>
      </object_component>
      <object_component id="oc-c0">
         <name>.text:GPIOPinTypeGPIOOutput</name>
         <load_address>0x58f2</load_address>
         <run_address>0x58f2</run_address>
         <size>0x18</size>
         <input_file_ref idref="fl-f5"/>
      </object_component>
      <object_component id="oc-4ed">
         <name>.text</name>
         <load_address>0x590a</load_address>
         <run_address>0x590a</run_address>
         <size>0x18</size>
         <input_file_ref idref="fl-f0"/>
      </object_component>
      <object_component id="oc-493">
         <name>.text</name>
         <load_address>0x5922</load_address>
         <run_address>0x5922</run_address>
         <size>0x18</size>
         <input_file_ref idref="fl-e3"/>
      </object_component>
      <object_component id="oc-e4">
         <name>.text:GPIOPinTypeCAN</name>
         <load_address>0x593a</load_address>
         <run_address>0x593a</run_address>
         <size>0x16</size>
         <input_file_ref idref="fl-f5"/>
      </object_component>
      <object_component id="oc-a2">
         <name>.text:GPIOPinTypeGPIOInput</name>
         <load_address>0x5950</load_address>
         <run_address>0x5950</run_address>
         <size>0x16</size>
         <input_file_ref idref="fl-f5"/>
      </object_component>
      <object_component id="oc-24b">
         <name>.text:GPIOPinTypePWM</name>
         <load_address>0x5966</load_address>
         <run_address>0x5966</run_address>
         <size>0x16</size>
         <input_file_ref idref="fl-f5"/>
      </object_component>
      <object_component id="oc-292">
         <name>.text:GPIOPinTypeQEI</name>
         <load_address>0x597c</load_address>
         <run_address>0x597c</run_address>
         <size>0x16</size>
         <input_file_ref idref="fl-f5"/>
      </object_component>
      <object_component id="oc-12f">
         <name>.text:GPIOPinTypeUART</name>
         <load_address>0x5992</load_address>
         <run_address>0x5992</run_address>
         <size>0x16</size>
         <input_file_ref idref="fl-f5"/>
      </object_component>
      <object_component id="oc-40d">
         <name>.text</name>
         <load_address>0x59a8</load_address>
         <run_address>0x59a8</run_address>
         <size>0x16</size>
         <input_file_ref idref="fl-e0"/>
      </object_component>
      <object_component id="oc-245">
         <name>.text:SysCtlPWMClockSet</name>
         <load_address>0x59c0</load_address>
         <run_address>0x59c0</run_address>
         <size>0x14</size>
         <input_file_ref idref="fl-f9"/>
      </object_component>
      <object_component id="oc-22a">
         <name>.text:UARTEnable</name>
         <load_address>0x59d4</load_address>
         <run_address>0x59d4</run_address>
         <size>0x14</size>
         <input_file_ref idref="fl-fb"/>
      </object_component>
      <object_component id="oc-47a">
         <name>.text</name>
         <load_address>0x59e8</load_address>
         <run_address>0x59e8</run_address>
         <size>0x14</size>
         <input_file_ref idref="fl-eb"/>
      </object_component>
      <object_component id="oc-4bc">
         <name>.text</name>
         <load_address>0x59fc</load_address>
         <run_address>0x59fc</run_address>
         <size>0x14</size>
         <input_file_ref idref="fl-e1"/>
      </object_component>
      <object_component id="oc-3e1">
         <name>.text</name>
         <load_address>0x5a10</load_address>
         <run_address>0x5a10</run_address>
         <size>0x14</size>
         <input_file_ref idref="fl-e2"/>
      </object_component>
      <object_component id="oc-263">
         <name>.text:PWMOutputState</name>
         <load_address>0x5a24</load_address>
         <run_address>0x5a24</run_address>
         <size>0x12</size>
         <input_file_ref idref="fl-f7"/>
      </object_component>
      <object_component id="oc-161">
         <name>.text:TimerLoadSet</name>
         <load_address>0x5a36</load_address>
         <run_address>0x5a36</run_address>
         <size>0x12</size>
         <input_file_ref idref="fl-fa"/>
      </object_component>
      <object_component id="oc-56">
         <name>.text:decompress:ZI:__TI_zero_init_nomemset</name>
         <load_address>0x5a48</load_address>
         <run_address>0x5a48</run_address>
         <size>0x12</size>
         <input_file_ref idref="fl-cc"/>
      </object_component>
      <object_component id="oc-38e">
         <name>.text:FPUEnable</name>
         <load_address>0x5a5c</load_address>
         <run_address>0x5a5c</run_address>
         <size>0x10</size>
         <input_file_ref idref="fl-f4"/>
      </object_component>
      <object_component id="oc-388">
         <name>.text:FPULazyStackingEnable</name>
         <load_address>0x5a6c</load_address>
         <run_address>0x5a6c</run_address>
         <size>0x10</size>
         <input_file_ref idref="fl-f4"/>
      </object_component>
      <object_component id="oc-394">
         <name>.text:IntMasterEnable</name>
         <load_address>0x5a7c</load_address>
         <run_address>0x5a7c</run_address>
         <size>0x10</size>
         <input_file_ref idref="fl-f6"/>
      </object_component>
      <object_component id="oc-257">
         <name>.text:PWMGenPeriodSet</name>
         <load_address>0x5a8c</load_address>
         <run_address>0x5a8c</run_address>
         <size>0x10</size>
         <input_file_ref idref="fl-f7"/>
      </object_component>
      <object_component id="oc-2ba">
         <name>.text:QEIVelocityConfigure</name>
         <load_address>0x5a9c</load_address>
         <run_address>0x5a9c</run_address>
         <size>0x10</size>
         <input_file_ref idref="fl-f8"/>
      </object_component>
      <object_component id="oc-cc">
         <name>.text:GPIOIntDisable</name>
         <load_address>0x5aac</load_address>
         <run_address>0x5aac</run_address>
         <size>0xe</size>
         <input_file_ref idref="fl-f5"/>
      </object_component>
      <object_component id="oc-7d">
         <name>.text:GPIOIntStatus</name>
         <load_address>0x5aba</load_address>
         <run_address>0x5aba</run_address>
         <size>0xe</size>
         <input_file_ref idref="fl-f5"/>
      </object_component>
      <object_component id="oc-2a4">
         <name>.text:QEIConfigure</name>
         <load_address>0x5ac8</load_address>
         <run_address>0x5ac8</run_address>
         <size>0xe</size>
         <input_file_ref idref="fl-f8"/>
      </object_component>
      <object_component id="oc-16d">
         <name>.text:TimerEnable</name>
         <load_address>0x5ad6</load_address>
         <run_address>0x5ad6</run_address>
         <size>0xe</size>
         <input_file_ref idref="fl-fa"/>
      </object_component>
      <object_component id="oc-14d">
         <name>.text:UARTCharsAvail</name>
         <load_address>0x5ae4</load_address>
         <run_address>0x5ae4</run_address>
         <size>0xe</size>
         <input_file_ref idref="fl-fb"/>
      </object_component>
      <object_component id="oc-18">
         <name>.text:decompress:none</name>
         <load_address>0x5af2</load_address>
         <run_address>0x5af2</run_address>
         <size>0xe</size>
         <input_file_ref idref="fl-cd"/>
      </object_component>
      <object_component id="oc-435">
         <name>.text:CPUcpsie</name>
         <load_address>0x5b00</load_address>
         <run_address>0x5b00</run_address>
         <size>0xc</size>
         <input_file_ref idref="fl-fc"/>
      </object_component>
      <object_component id="oc-ba">
         <name>.text:GPIOIntEnable</name>
         <load_address>0x5b0c</load_address>
         <run_address>0x5b0c</run_address>
         <size>0xc</size>
         <input_file_ref idref="fl-f5"/>
      </object_component>
      <object_component id="oc-25d">
         <name>.text:PWMGenEnable</name>
         <load_address>0x5b18</load_address>
         <run_address>0x5b18</run_address>
         <size>0xc</size>
         <input_file_ref idref="fl-f7"/>
      </object_component>
      <object_component id="oc-24">
         <name>.text</name>
         <load_address>0x5b24</load_address>
         <run_address>0x5b24</run_address>
         <size>0xc</size>
         <input_file_ref idref="fl-a"/>
      </object_component>
      <object_component id="oc-108">
         <name>.text:CANEnable</name>
         <load_address>0x5b30</load_address>
         <run_address>0x5b30</run_address>
         <size>0xa</size>
         <input_file_ref idref="fl-f3"/>
      </object_component>
      <object_component id="oc-298">
         <name>.text:QEIDisable</name>
         <load_address>0x5b3a</load_address>
         <run_address>0x5b3a</run_address>
         <size>0xa</size>
         <input_file_ref idref="fl-f8"/>
      </object_component>
      <object_component id="oc-2aa">
         <name>.text:QEIEnable</name>
         <load_address>0x5b44</load_address>
         <run_address>0x5b44</run_address>
         <size>0xa</size>
         <input_file_ref idref="fl-f8"/>
      </object_component>
      <object_component id="oc-29e">
         <name>.text:QEIIntDisable</name>
         <load_address>0x5b4e</load_address>
         <run_address>0x5b4e</run_address>
         <size>0xa</size>
         <input_file_ref idref="fl-f8"/>
      </object_component>
      <object_component id="oc-2c0">
         <name>.text:QEIVelocityEnable</name>
         <load_address>0x5b58</load_address>
         <run_address>0x5b58</run_address>
         <size>0xa</size>
         <input_file_ref idref="fl-f8"/>
      </object_component>
      <object_component id="oc-147">
         <name>.text:UARTCharGet</name>
         <load_address>0x5b62</load_address>
         <run_address>0x5b62</run_address>
         <size>0xa</size>
         <input_file_ref idref="fl-fb"/>
      </object_component>
      <object_component id="oc-153">
         <name>.text:UARTCharPut</name>
         <load_address>0x5b6c</load_address>
         <run_address>0x5b6c</run_address>
         <size>0xa</size>
         <input_file_ref idref="fl-fb"/>
      </object_component>
      <object_component id="oc-13b">
         <name>.text:UARTIntStatus</name>
         <load_address>0x5b76</load_address>
         <run_address>0x5b76</run_address>
         <size>0xa</size>
         <input_file_ref idref="fl-fb"/>
      </object_component>
      <object_component id="oc-fc">
         <name>.text:CANIntEnable</name>
         <load_address>0x5b80</load_address>
         <run_address>0x5b80</run_address>
         <size>0x8</size>
         <input_file_ref idref="fl-f3"/>
      </object_component>
      <object_component id="oc-167">
         <name>.text:TimerIntEnable</name>
         <load_address>0x5b88</load_address>
         <run_address>0x5b88</run_address>
         <size>0x8</size>
         <input_file_ref idref="fl-fa"/>
      </object_component>
      <object_component id="oc-39a">
         <name>.text:UARTIntEnable</name>
         <load_address>0x5b90</load_address>
         <run_address>0x5b90</run_address>
         <size>0x8</size>
         <input_file_ref idref="fl-fb"/>
      </object_component>
      <object_component id="oc-83">
         <name>.text:GPIOIntClear</name>
         <load_address>0x5b98</load_address>
         <run_address>0x5b98</run_address>
         <size>0x6</size>
         <input_file_ref idref="fl-f5"/>
      </object_component>
      <object_component id="oc-c6">
         <name>.text:GPIOPinWrite</name>
         <load_address>0x5b9e</load_address>
         <run_address>0x5b9e</run_address>
         <size>0x6</size>
         <input_file_ref idref="fl-f5"/>
      </object_component>
      <object_component id="oc-9b">
         <name>.text:SysCtlDelay</name>
         <load_address>0x5ba4</load_address>
         <run_address>0x5ba4</run_address>
         <size>0x6</size>
         <input_file_ref idref="fl-f9"/>
      </object_component>
      <object_component id="oc-283">
         <name>.text:QEIPositionGet</name>
         <load_address>0x5baa</load_address>
         <run_address>0x5baa</run_address>
         <size>0x4</size>
         <input_file_ref idref="fl-f8"/>
      </object_component>
      <object_component id="oc-289">
         <name>.text:QEIPositionSet</name>
         <load_address>0x5bae</load_address>
         <run_address>0x5bae</run_address>
         <size>0x4</size>
         <input_file_ref idref="fl-f8"/>
      </object_component>
      <object_component id="oc-27d">
         <name>.text:QEIVelocityGet</name>
         <load_address>0x5bb2</load_address>
         <run_address>0x5bb2</run_address>
         <size>0x4</size>
         <input_file_ref idref="fl-f8"/>
      </object_component>
      <object_component id="oc-173">
         <name>.text:TimerIntClear</name>
         <load_address>0x5bb6</load_address>
         <run_address>0x5bb6</run_address>
         <size>0x4</size>
         <input_file_ref idref="fl-fa"/>
      </object_component>
      <object_component id="oc-141">
         <name>.text:UARTIntClear</name>
         <load_address>0x5bba</load_address>
         <run_address>0x5bba</run_address>
         <size>0x4</size>
         <input_file_ref idref="fl-fb"/>
      </object_component>
      <object_component id="oc-2f0">
         <name>.text:abort</name>
         <load_address>0x5bbe</load_address>
         <run_address>0x5bbe</run_address>
         <size>0x4</size>
         <input_file_ref idref="fl-d7"/>
      </object_component>
      <object_component id="oc-1aa">
         <name>.text</name>
         <load_address>0x5bc2</load_address>
         <run_address>0x5bc2</run_address>
         <size>0x4</size>
         <input_file_ref idref="fl-d5"/>
      </object_component>
      <object_component id="oc-444">
         <name>.const:.string:_ctypes_</name>
         <load_address>0x5bc8</load_address>
         <run_address>0x5bc8</run_address>
         <size>0x101</size>
         <input_file_ref idref="fl-dd"/>
      </object_component>
      <object_component id="oc-4f6">
         <name>.const:$O1$$</name>
         <load_address>0x5cd0</load_address>
         <run_address>0x5cd0</run_address>
         <size>0xc8</size>
         <input_file_ref idref="fl-e4"/>
      </object_component>
      <object_component id="oc-339">
         <name>.const:g_ppui32GPIOIntMapBlizzard</name>
         <load_address>0x5d98</load_address>
         <run_address>0x5d98</run_address>
         <size>0xc0</size>
         <input_file_ref idref="fl-f5"/>
      </object_component>
      <object_component id="oc-33c">
         <name>.const:g_ppui32GPIOIntMapSnowflake</name>
         <load_address>0x5e58</load_address>
         <run_address>0x5e58</run_address>
         <size>0xc0</size>
         <input_file_ref idref="fl-f5"/>
      </object_component>
      <object_component id="oc-1f8">
         <name>.const:g_pui32GPIOBaseAddrs</name>
         <load_address>0x5f18</load_address>
         <run_address>0x5f18</run_address>
         <size>0x90</size>
         <input_file_ref idref="fl-f5"/>
      </object_component>
      <object_component id="oc-1fe">
         <name>.const:g_pui32Xtals</name>
         <load_address>0x5fa8</load_address>
         <run_address>0x5fa8</run_address>
         <size>0x6c</size>
         <input_file_ref idref="fl-f9"/>
      </object_component>
      <object_component id="oc-2c8">
         <name>.const:$P$T0$1</name>
         <load_address>0x6014</load_address>
         <run_address>0x6014</run_address>
         <size>0x30</size>
         <input_file_ref idref="fl-4"/>
      </object_component>
      <object_component id="oc-202">
         <name>.const:g_ui16CANBitValues</name>
         <load_address>0x6044</load_address>
         <run_address>0x6044</run_address>
         <size>0x20</size>
         <input_file_ref idref="fl-f3"/>
      </object_component>
      <object_component id="oc-207">
         <name>.const:g_pui32EnRegs</name>
         <load_address>0x6064</load_address>
         <run_address>0x6064</run_address>
         <size>0x14</size>
         <input_file_ref idref="fl-f6"/>
      </object_component>
      <object_component id="oc-4c2">
         <name>.const:$O1$$</name>
         <load_address>0x6078</load_address>
         <run_address>0x6078</run_address>
         <size>0x10</size>
         <input_file_ref idref="fl-da"/>
      </object_component>
      <object_component id="oc-542">
         <name>.cinit..data.load</name>
         <load_address>0x6088</load_address>
         <run_address>0x6088</run_address>
         <size>0x16</size>
      </object_component>
      <object_component id="oc-53f">
         <name>__TI_handler_table</name>
         <load_address>0x60a0</load_address>
         <run_address>0x60a0</run_address>
         <size>0xc</size>
      </object_component>
      <object_component id="oc-543">
         <name>.cinit..bss.load</name>
         <load_address>0x60b0</load_address>
         <run_address>0x60b0</run_address>
         <size>0x8</size>
      </object_component>
      <object_component id="oc-541">
         <name>.cinit..vtable.load</name>
         <load_address>0x60b8</load_address>
         <run_address>0x60b8</run_address>
         <size>0x8</size>
      </object_component>
      <object_component id="oc-540">
         <name>__TI_cinit_table</name>
         <load_address>0x60c0</load_address>
         <run_address>0x60c0</run_address>
         <size>0x18</size>
      </object_component>
      <object_component id="oc-340">
         <name>.vtable</name>
         <uninitialized>true</uninitialized>
         <run_address>0x20000000</run_address>
         <size>0x26c</size>
         <input_file_ref idref="fl-f6"/>
      </object_component>
      <object_component id="oc-10e">
         <name>.data</name>
         <load_address>0x20000938</load_address>
         <run_address>0x20000938</run_address>
         <size>0x16</size>
         <input_file_ref idref="fl-2"/>
      </object_component>
      <object_component id="oc-28f">
         <name>.data:stateTable</name>
         <load_address>0x20000954</load_address>
         <run_address>0x20000954</run_address>
         <size>0x4</size>
         <input_file_ref idref="fl-7"/>
      </object_component>
      <object_component id="oc-185">
         <name>.data</name>
         <load_address>0x20000958</load_address>
         <run_address>0x20000958</run_address>
         <size>0x4</size>
         <input_file_ref idref="fl-9"/>
      </object_component>
      <object_component id="oc-480">
         <name>.data</name>
         <load_address>0x20000950</load_address>
         <run_address>0x20000950</run_address>
         <size>0x4</size>
         <input_file_ref idref="fl-f2"/>
      </object_component>
      <object_component id="oc-120">
         <name>.common:sCANMessageTX</name>
         <uninitialized>true</uninitialized>
         <run_address>0x200008d8</run_address>
         <size>0x14</size>
      </object_component>
      <object_component id="oc-122">
         <name>.common:pui8MsgDataTX</name>
         <uninitialized>true</uninitialized>
         <run_address>0x20000934</run_address>
         <size>0x4</size>
      </object_component>
      <object_component id="oc-121">
         <name>.common:ui8MsgDataTX</name>
         <uninitialized>true</uninitialized>
         <run_address>0x20000914</run_address>
         <size>0x8</size>
      </object_component>
      <object_component id="oc-111">
         <name>.common:sCANMessageRX</name>
         <uninitialized>true</uninitialized>
         <run_address>0x200008c4</run_address>
         <size>0x14</size>
      </object_component>
      <object_component id="oc-123">
         <name>.common:pui8MsgDataRX</name>
         <uninitialized>true</uninitialized>
         <run_address>0x20000930</run_address>
         <size>0x4</size>
      </object_component>
      <object_component id="oc-11c">
         <name>.common:ui8MsgDataRX</name>
         <uninitialized>true</uninitialized>
         <run_address>0x2000090c</run_address>
         <size>0x8</size>
      </object_component>
      <object_component id="oc-11d">
         <name>.common:currMode</name>
         <uninitialized>true</uninitialized>
         <run_address>0x2000091c</run_address>
         <size>0x4</size>
      </object_component>
      <object_component id="oc-11e">
         <name>.common:desiredAngle1</name>
         <uninitialized>true</uninitialized>
         <run_address>0x20000920</run_address>
         <size>0x4</size>
      </object_component>
      <object_component id="oc-11f">
         <name>.common:desiredAngle2</name>
         <uninitialized>true</uninitialized>
         <run_address>0x20000924</run_address>
         <size>0x4</size>
      </object_component>
      <object_component id="oc-188">
         <name>.common:desiredPos1</name>
         <uninitialized>true</uninitialized>
         <run_address>0x20000928</run_address>
         <size>0x4</size>
      </object_component>
      <object_component id="oc-3ae">
         <name>.common:desiredPos2</name>
         <uninitialized>true</uninitialized>
         <run_address>0x2000092c</run_address>
         <size>0x4</size>
      </object_component>
      <object_component id="oc-18b">
         <name>.common:motor_pid1</name>
         <uninitialized>true</uninitialized>
         <run_address>0x20000870</run_address>
         <size>0x1c</size>
      </object_component>
      <object_component id="oc-2ed">
         <name>.common:motor_pid2</name>
         <uninitialized>true</uninitialized>
         <run_address>0x2000088c</run_address>
         <size>0x1c</size>
      </object_component>
      <object_component id="oc-2ee">
         <name>.common:motor_vel_pid1</name>
         <uninitialized>true</uninitialized>
         <run_address>0x200008a8</run_address>
         <size>0x1c</size>
      </object_component>
      <object_component id="oc-2c6">
         <name>.common:counts1</name>
         <uninitialized>true</uninitialized>
         <run_address>0x200008ec</run_address>
         <size>0x10</size>
      </object_component>
      <object_component id="oc-3ad">
         <name>.common:counts2</name>
         <uninitialized>true</uninitialized>
         <run_address>0x200008fc</run_address>
         <size>0x10</size>
      </object_component>
      <object_component id="oc-21">
         <name>.stack</name>
         <uninitialized>true</uninitialized>
         <run_address>0x20000270</run_address>
         <size>0x4</size>
         <input_file_ref idref="fl-d1"/>
      </object_component>
      <object_component id="oc-544">
         <name>.stack</name>
         <uninitialized>true</uninitialized>
         <run_address>0x20000270</run_address>
         <size>0x0</size>
      </object_component>
      <object_component id="oc-112">
         <name>.debug_info</name>
         <load_address>0x0</load_address>
         <run_address>0x0</run_address>
         <size>0x97d</size>
         <input_file_ref idref="fl-2"/>
      </object_component>
      <object_component id="oc-10f">
         <name>.debug_info</name>
         <load_address>0x97d</load_address>
         <run_address>0x97d</run_address>
         <size>0x1c9</size>
         <input_file_ref idref="fl-2"/>
      </object_component>
      <object_component id="oc-2b">
         <name>.debug_info</name>
         <load_address>0xb46</load_address>
         <run_address>0xb46</run_address>
         <size>0x870</size>
         <input_file_ref idref="fl-2"/>
      </object_component>
      <object_component id="oc-1c6">
         <name>.debug_info</name>
         <load_address>0x13b6</load_address>
         <run_address>0x13b6</run_address>
         <size>0x1b3</size>
         <input_file_ref idref="fl-2"/>
      </object_component>
      <object_component id="oc-21a">
         <name>.debug_info</name>
         <load_address>0x1569</load_address>
         <run_address>0x1569</run_address>
         <size>0x129</size>
         <input_file_ref idref="fl-2"/>
      </object_component>
      <object_component id="oc-12a">
         <name>.debug_info</name>
         <load_address>0x1692</load_address>
         <run_address>0x1692</run_address>
         <size>0x8b</size>
         <input_file_ref idref="fl-2"/>
      </object_component>
      <object_component id="oc-125">
         <name>.debug_info</name>
         <load_address>0x171d</load_address>
         <run_address>0x171d</run_address>
         <size>0x18b</size>
         <input_file_ref idref="fl-2"/>
      </object_component>
      <object_component id="oc-37d">
         <name>.debug_info</name>
         <load_address>0x18a8</load_address>
         <run_address>0x18a8</run_address>
         <size>0x4e</size>
         <input_file_ref idref="fl-2"/>
      </object_component>
      <object_component id="oc-114">
         <name>.debug_info</name>
         <load_address>0x18f6</load_address>
         <run_address>0x18f6</run_address>
         <size>0x613</size>
         <input_file_ref idref="fl-3"/>
      </object_component>
      <object_component id="oc-213">
         <name>.debug_info</name>
         <load_address>0x1f09</load_address>
         <run_address>0x1f09</run_address>
         <size>0x19f</size>
         <input_file_ref idref="fl-3"/>
      </object_component>
      <object_component id="oc-116">
         <name>.debug_info</name>
         <load_address>0x20a8</load_address>
         <run_address>0x20a8</run_address>
         <size>0x5c8</size>
         <input_file_ref idref="fl-4"/>
      </object_component>
      <object_component id="oc-2c9">
         <name>.debug_info</name>
         <load_address>0x2670</load_address>
         <run_address>0x2670</run_address>
         <size>0xd5</size>
         <input_file_ref idref="fl-4"/>
      </object_component>
      <object_component id="oc-182">
         <name>.debug_info</name>
         <load_address>0x2745</load_address>
         <run_address>0x2745</run_address>
         <size>0xeb1</size>
         <input_file_ref idref="fl-4"/>
      </object_component>
      <object_component id="oc-45">
         <name>.debug_info</name>
         <load_address>0x35f6</load_address>
         <run_address>0x35f6</run_address>
         <size>0x84</size>
         <input_file_ref idref="fl-4"/>
      </object_component>
      <object_component id="oc-118">
         <name>.debug_info</name>
         <load_address>0x367a</load_address>
         <run_address>0x367a</run_address>
         <size>0x6d0</size>
         <input_file_ref idref="fl-5"/>
      </object_component>
      <object_component id="oc-1b4">
         <name>.debug_info</name>
         <load_address>0x3d4a</load_address>
         <run_address>0x3d4a</run_address>
         <size>0x1a2</size>
         <input_file_ref idref="fl-5"/>
      </object_component>
      <object_component id="oc-189">
         <name>.debug_info</name>
         <load_address>0x3eec</load_address>
         <run_address>0x3eec</run_address>
         <size>0x507</size>
         <input_file_ref idref="fl-6"/>
      </object_component>
      <object_component id="oc-2e8">
         <name>.debug_info</name>
         <load_address>0x43f3</load_address>
         <run_address>0x43f3</run_address>
         <size>0x4a5</size>
         <input_file_ref idref="fl-6"/>
      </object_component>
      <object_component id="oc-368">
         <name>.debug_info</name>
         <load_address>0x4898</load_address>
         <run_address>0x4898</run_address>
         <size>0x75f</size>
         <input_file_ref idref="fl-7"/>
      </object_component>
      <object_component id="oc-290">
         <name>.debug_info</name>
         <load_address>0x4ff7</load_address>
         <run_address>0x4ff7</run_address>
         <size>0xd9</size>
         <input_file_ref idref="fl-7"/>
      </object_component>
      <object_component id="oc-17b">
         <name>.debug_info</name>
         <load_address>0x50d0</load_address>
         <run_address>0x50d0</run_address>
         <size>0xd9c</size>
         <input_file_ref idref="fl-7"/>
      </object_component>
      <object_component id="oc-11a">
         <name>.debug_info</name>
         <load_address>0x5e6c</load_address>
         <run_address>0x5e6c</run_address>
         <size>0x741</size>
         <input_file_ref idref="fl-8"/>
      </object_component>
      <object_component id="oc-2d3">
         <name>.debug_info</name>
         <load_address>0x65ad</load_address>
         <run_address>0x65ad</run_address>
         <size>0x3dd</size>
         <input_file_ref idref="fl-8"/>
      </object_component>
      <object_component id="oc-186">
         <name>.debug_info</name>
         <load_address>0x698a</load_address>
         <run_address>0x698a</run_address>
         <size>0xd3</size>
         <input_file_ref idref="fl-9"/>
      </object_component>
      <object_component id="oc-37">
         <name>.debug_info</name>
         <load_address>0x6a5d</load_address>
         <run_address>0x6a5d</run_address>
         <size>0x260</size>
         <input_file_ref idref="fl-9"/>
      </object_component>
      <object_component id="oc-3e">
         <name>.debug_info</name>
         <load_address>0x6cbd</load_address>
         <run_address>0x6cbd</run_address>
         <size>0x333</size>
         <input_file_ref idref="fl-a"/>
      </object_component>
      <object_component id="oc-10">
         <name>.debug_info</name>
         <load_address>0x6ff0</load_address>
         <run_address>0x6ff0</run_address>
         <size>0xf0</size>
         <input_file_ref idref="fl-a"/>
      </object_component>
      <object_component id="oc-26">
         <name>.debug_info</name>
         <load_address>0x70e0</load_address>
         <run_address>0x70e0</run_address>
         <size>0x26c</size>
         <input_file_ref idref="fl-a"/>
      </object_component>
      <object_component id="oc-15a">
         <name>.debug_info</name>
         <load_address>0x734c</load_address>
         <run_address>0x734c</run_address>
         <size>0x506</size>
         <input_file_ref idref="fl-b"/>
      </object_component>
      <object_component id="oc-33">
         <name>.debug_info</name>
         <load_address>0x7852</load_address>
         <run_address>0x7852</run_address>
         <size>0x43d</size>
         <input_file_ref idref="fl-b"/>
      </object_component>
      <object_component id="oc-271">
         <name>.debug_info</name>
         <load_address>0x7c8f</load_address>
         <run_address>0x7c8f</run_address>
         <size>0x132</size>
         <input_file_ref idref="fl-c6"/>
      </object_component>
      <object_component id="oc-276">
         <name>.debug_info</name>
         <load_address>0x7dc1</load_address>
         <run_address>0x7dc1</run_address>
         <size>0x132</size>
         <input_file_ref idref="fl-c7"/>
      </object_component>
      <object_component id="oc-279">
         <name>.debug_info</name>
         <load_address>0x7ef3</load_address>
         <run_address>0x7ef3</run_address>
         <size>0x126</size>
         <input_file_ref idref="fl-c8"/>
      </object_component>
      <object_component id="oc-2b6">
         <name>.debug_info</name>
         <load_address>0x8019</load_address>
         <run_address>0x8019</run_address>
         <size>0x131</size>
         <input_file_ref idref="fl-c9"/>
      </object_component>
      <object_component id="oc-26c">
         <name>.debug_info</name>
         <load_address>0x814a</load_address>
         <run_address>0x814a</run_address>
         <size>0x124</size>
         <input_file_ref idref="fl-ca"/>
      </object_component>
      <object_component id="oc-2b3">
         <name>.debug_info</name>
         <load_address>0x826e</load_address>
         <run_address>0x826e</run_address>
         <size>0x126</size>
         <input_file_ref idref="fl-cb"/>
      </object_component>
      <object_component id="oc-1a3">
         <name>.debug_info</name>
         <load_address>0x8394</load_address>
         <run_address>0x8394</run_address>
         <size>0x2c9</size>
         <input_file_ref idref="fl-cc"/>
      </object_component>
      <object_component id="oc-57">
         <name>.debug_info</name>
         <load_address>0x865d</load_address>
         <run_address>0x865d</run_address>
         <size>0x1b4</size>
         <input_file_ref idref="fl-cc"/>
      </object_component>
      <object_component id="oc-19e">
         <name>.debug_info</name>
         <load_address>0x8811</load_address>
         <run_address>0x8811</run_address>
         <size>0x46</size>
         <input_file_ref idref="fl-cc"/>
      </object_component>
      <object_component id="oc-2de">
         <name>.debug_info</name>
         <load_address>0x8857</load_address>
         <run_address>0x8857</run_address>
         <size>0x2c</size>
         <input_file_ref idref="fl-cc"/>
      </object_component>
      <object_component id="oc-55">
         <name>.debug_info</name>
         <load_address>0x8883</load_address>
         <run_address>0x8883</run_address>
         <size>0x2e4</size>
         <input_file_ref idref="fl-cd"/>
      </object_component>
      <object_component id="oc-1c">
         <name>.debug_info</name>
         <load_address>0x8b67</load_address>
         <run_address>0x8b67</run_address>
         <size>0x1df</size>
         <input_file_ref idref="fl-cd"/>
      </object_component>
      <object_component id="oc-50">
         <name>.debug_info</name>
         <load_address>0x8d46</load_address>
         <run_address>0x8d46</run_address>
         <size>0x46</size>
         <input_file_ref idref="fl-cd"/>
      </object_component>
      <object_component id="oc-196">
         <name>.debug_info</name>
         <load_address>0x8d8c</load_address>
         <run_address>0x8d8c</run_address>
         <size>0x2c</size>
         <input_file_ref idref="fl-cd"/>
      </object_component>
      <object_component id="oc-194">
         <name>.debug_info</name>
         <load_address>0x8db8</load_address>
         <run_address>0x8db8</run_address>
         <size>0x293</size>
         <input_file_ref idref="fl-ce"/>
      </object_component>
      <object_component id="oc-15">
         <name>.debug_info</name>
         <load_address>0x904b</load_address>
         <run_address>0x904b</run_address>
         <size>0x245</size>
         <input_file_ref idref="fl-ce"/>
      </object_component>
      <object_component id="oc-40">
         <name>.debug_info</name>
         <load_address>0x9290</load_address>
         <run_address>0x9290</run_address>
         <size>0x60</size>
         <input_file_ref idref="fl-ce"/>
      </object_component>
      <object_component id="oc-18f">
         <name>.debug_info</name>
         <load_address>0x92f0</load_address>
         <run_address>0x92f0</run_address>
         <size>0x46</size>
         <input_file_ref idref="fl-ce"/>
      </object_component>
      <object_component id="oc-37c">
         <name>.debug_info</name>
         <load_address>0x9336</load_address>
         <run_address>0x9336</run_address>
         <size>0x364</size>
         <input_file_ref idref="fl-cf"/>
      </object_component>
      <object_component id="oc-2cd">
         <name>.debug_info</name>
         <load_address>0x969a</load_address>
         <run_address>0x969a</run_address>
         <size>0x2e4</size>
         <input_file_ref idref="fl-cf"/>
      </object_component>
      <object_component id="oc-42b">
         <name>.debug_info</name>
         <load_address>0x997e</load_address>
         <run_address>0x997e</run_address>
         <size>0x2c</size>
         <input_file_ref idref="fl-cf"/>
      </object_component>
      <object_component id="oc-448">
         <name>.debug_info</name>
         <load_address>0x99aa</load_address>
         <run_address>0x99aa</run_address>
         <size>0x36f</size>
         <input_file_ref idref="fl-d0"/>
      </object_component>
      <object_component id="oc-3aa">
         <name>.debug_info</name>
         <load_address>0x9d19</load_address>
         <run_address>0x9d19</run_address>
         <size>0x40a</size>
         <input_file_ref idref="fl-d0"/>
      </object_component>
      <object_component id="oc-22">
         <name>.debug_info</name>
         <load_address>0xa123</load_address>
         <run_address>0xa123</run_address>
         <size>0x100</size>
         <input_file_ref idref="fl-d1"/>
      </object_component>
      <object_component id="oc-6b">
         <name>.debug_info</name>
         <load_address>0xa223</load_address>
         <run_address>0xa223</run_address>
         <size>0x1a4</size>
         <input_file_ref idref="fl-d1"/>
      </object_component>
      <object_component id="oc-4b">
         <name>.debug_info</name>
         <load_address>0xa3c7</load_address>
         <run_address>0xa3c7</run_address>
         <size>0x111</size>
         <input_file_ref idref="fl-d2"/>
      </object_component>
      <object_component id="oc-1a7">
         <name>.debug_info</name>
         <load_address>0xa4d8</load_address>
         <run_address>0xa4d8</run_address>
         <size>0x13f</size>
         <input_file_ref idref="fl-d3"/>
      </object_component>
      <object_component id="oc-3bb">
         <name>.debug_info</name>
         <load_address>0xa617</load_address>
         <run_address>0xa617</run_address>
         <size>0x4a8</size>
         <input_file_ref idref="fl-d4"/>
      </object_component>
      <object_component id="oc-2fd">
         <name>.debug_info</name>
         <load_address>0xaabf</load_address>
         <run_address>0xaabf</run_address>
         <size>0x19b</size>
         <input_file_ref idref="fl-d4"/>
      </object_component>
      <object_component id="oc-459">
         <name>.debug_info</name>
         <load_address>0xac5a</load_address>
         <run_address>0xac5a</run_address>
         <size>0x39</size>
         <input_file_ref idref="fl-d4"/>
      </object_component>
      <object_component id="oc-45e">
         <name>.debug_info</name>
         <load_address>0xac93</load_address>
         <run_address>0xac93</run_address>
         <size>0x39</size>
         <input_file_ref idref="fl-d4"/>
      </object_component>
      <object_component id="oc-463">
         <name>.debug_info</name>
         <load_address>0xaccc</load_address>
         <run_address>0xaccc</run_address>
         <size>0xcd</size>
         <input_file_ref idref="fl-d4"/>
      </object_component>
      <object_component id="oc-1ab">
         <name>.debug_info</name>
         <load_address>0xad99</load_address>
         <run_address>0xad99</run_address>
         <size>0x148</size>
         <input_file_ref idref="fl-d5"/>
      </object_component>
      <object_component id="oc-2f1">
         <name>.debug_info</name>
         <load_address>0xaee1</load_address>
         <run_address>0xaee1</run_address>
         <size>0x117</size>
         <input_file_ref idref="fl-d7"/>
      </object_component>
      <object_component id="oc-420">
         <name>.debug_info</name>
         <load_address>0xaff8</load_address>
         <run_address>0xaff8</run_address>
         <size>0x583</size>
         <input_file_ref idref="fl-d9"/>
      </object_component>
      <object_component id="oc-376">
         <name>.debug_info</name>
         <load_address>0xb57b</load_address>
         <run_address>0xb57b</run_address>
         <size>0x1549</size>
         <input_file_ref idref="fl-d9"/>
      </object_component>
      <object_component id="oc-421">
         <name>.debug_info</name>
         <load_address>0xcac4</load_address>
         <run_address>0xcac4</run_address>
         <size>0x86</size>
         <input_file_ref idref="fl-d9"/>
      </object_component>
      <object_component id="oc-426">
         <name>.debug_info</name>
         <load_address>0xcb4a</load_address>
         <run_address>0xcb4a</run_address>
         <size>0x53</size>
         <input_file_ref idref="fl-d9"/>
      </object_component>
      <object_component id="oc-48d">
         <name>.debug_info</name>
         <load_address>0xcb9d</load_address>
         <run_address>0xcb9d</run_address>
         <size>0x46</size>
         <input_file_ref idref="fl-d9"/>
      </object_component>
      <object_component id="oc-4c4">
         <name>.debug_info</name>
         <load_address>0xcbe3</load_address>
         <run_address>0xcbe3</run_address>
         <size>0x5f0</size>
         <input_file_ref idref="fl-da"/>
      </object_component>
      <object_component id="oc-440">
         <name>.debug_info</name>
         <load_address>0xd1d3</load_address>
         <run_address>0xd1d3</run_address>
         <size>0x8b5</size>
         <input_file_ref idref="fl-da"/>
      </object_component>
      <object_component id="oc-4c6">
         <name>.debug_info</name>
         <load_address>0xda88</load_address>
         <run_address>0xda88</run_address>
         <size>0x9a</size>
         <input_file_ref idref="fl-da"/>
      </object_component>
      <object_component id="oc-488">
         <name>.debug_info</name>
         <load_address>0xdb22</load_address>
         <run_address>0xdb22</run_address>
         <size>0x2ae</size>
         <input_file_ref idref="fl-dc"/>
      </object_component>
      <object_component id="oc-414">
         <name>.debug_info</name>
         <load_address>0xddd0</load_address>
         <run_address>0xddd0</run_address>
         <size>0x171</size>
         <input_file_ref idref="fl-dc"/>
      </object_component>
      <object_component id="oc-4cd">
         <name>.debug_info</name>
         <load_address>0xdf41</load_address>
         <run_address>0xdf41</run_address>
         <size>0xee</size>
         <input_file_ref idref="fl-dd"/>
      </object_component>
      <object_component id="oc-445">
         <name>.debug_info</name>
         <load_address>0xe02f</load_address>
         <run_address>0xe02f</run_address>
         <size>0xfa</size>
         <input_file_ref idref="fl-dd"/>
      </object_component>
      <object_component id="oc-470">
         <name>.debug_info</name>
         <load_address>0xe129</load_address>
         <run_address>0xe129</run_address>
         <size>0x31d</size>
         <input_file_ref idref="fl-de"/>
      </object_component>
      <object_component id="oc-3f4">
         <name>.debug_info</name>
         <load_address>0xe446</load_address>
         <run_address>0xe446</run_address>
         <size>0x1c2</size>
         <input_file_ref idref="fl-de"/>
      </object_component>
      <object_component id="oc-48a">
         <name>.debug_info</name>
         <load_address>0xe608</load_address>
         <run_address>0xe608</run_address>
         <size>0x28b</size>
         <input_file_ref idref="fl-df"/>
      </object_component>
      <object_component id="oc-41b">
         <name>.debug_info</name>
         <load_address>0xe893</load_address>
         <run_address>0xe893</run_address>
         <size>0x1ab</size>
         <input_file_ref idref="fl-df"/>
      </object_component>
      <object_component id="oc-486">
         <name>.debug_info</name>
         <load_address>0xea3e</load_address>
         <run_address>0xea3e</run_address>
         <size>0x28f</size>
         <input_file_ref idref="fl-e0"/>
      </object_component>
      <object_component id="oc-40e">
         <name>.debug_info</name>
         <load_address>0xeccd</load_address>
         <run_address>0xeccd</run_address>
         <size>0x245</size>
         <input_file_ref idref="fl-e0"/>
      </object_component>
      <object_component id="oc-502">
         <name>.debug_info</name>
         <load_address>0xef12</load_address>
         <run_address>0xef12</run_address>
         <size>0x299</size>
         <input_file_ref idref="fl-e1"/>
      </object_component>
      <object_component id="oc-4bf">
         <name>.debug_info</name>
         <load_address>0xf1ab</load_address>
         <run_address>0xf1ab</run_address>
         <size>0x231</size>
         <input_file_ref idref="fl-e1"/>
      </object_component>
      <object_component id="oc-46c">
         <name>.debug_info</name>
         <load_address>0xf3dc</load_address>
         <run_address>0xf3dc</run_address>
         <size>0x284</size>
         <input_file_ref idref="fl-e2"/>
      </object_component>
      <object_component id="oc-3e2">
         <name>.debug_info</name>
         <load_address>0xf660</load_address>
         <run_address>0xf660</run_address>
         <size>0x22a</size>
         <input_file_ref idref="fl-e2"/>
      </object_component>
      <object_component id="oc-4ec">
         <name>.debug_info</name>
         <load_address>0xf88a</load_address>
         <run_address>0xf88a</run_address>
         <size>0x28b</size>
         <input_file_ref idref="fl-e3"/>
      </object_component>
      <object_component id="oc-496">
         <name>.debug_info</name>
         <load_address>0xfb15</load_address>
         <run_address>0xfb15</run_address>
         <size>0x24a</size>
         <input_file_ref idref="fl-e3"/>
      </object_component>
      <object_component id="oc-4fa">
         <name>.debug_info</name>
         <load_address>0xfd5f</load_address>
         <run_address>0xfd5f</run_address>
         <size>0x41d</size>
         <input_file_ref idref="fl-e4"/>
      </object_component>
      <object_component id="oc-4f7">
         <name>.debug_info</name>
         <load_address>0x1017c</load_address>
         <run_address>0x1017c</run_address>
         <size>0x118</size>
         <input_file_ref idref="fl-e4"/>
      </object_component>
      <object_component id="oc-4a6">
         <name>.debug_info</name>
         <load_address>0x10294</load_address>
         <run_address>0x10294</run_address>
         <size>0x4a3</size>
         <input_file_ref idref="fl-e4"/>
      </object_component>
      <object_component id="oc-4fe">
         <name>.debug_info</name>
         <load_address>0x10737</load_address>
         <run_address>0x10737</run_address>
         <size>0x2f0</size>
         <input_file_ref idref="fl-e5"/>
      </object_component>
      <object_component id="oc-4b1">
         <name>.debug_info</name>
         <load_address>0x10a27</load_address>
         <run_address>0x10a27</run_address>
         <size>0x267</size>
         <input_file_ref idref="fl-e5"/>
      </object_component>
      <object_component id="oc-500">
         <name>.debug_info</name>
         <load_address>0x10c8e</load_address>
         <run_address>0x10c8e</run_address>
         <size>0x2f1</size>
         <input_file_ref idref="fl-e6"/>
      </object_component>
      <object_component id="oc-4b7">
         <name>.debug_info</name>
         <load_address>0x10f7f</load_address>
         <run_address>0x10f7f</run_address>
         <size>0x2ab</size>
         <input_file_ref idref="fl-e6"/>
      </object_component>
      <object_component id="oc-4f5">
         <name>.debug_info</name>
         <load_address>0x1122a</load_address>
         <run_address>0x1122a</run_address>
         <size>0x2f1</size>
         <input_file_ref idref="fl-e7"/>
      </object_component>
      <object_component id="oc-4a0">
         <name>.debug_info</name>
         <load_address>0x1151b</load_address>
         <run_address>0x1151b</run_address>
         <size>0x20d</size>
         <input_file_ref idref="fl-e7"/>
      </object_component>
      <object_component id="oc-4f3">
         <name>.debug_info</name>
         <load_address>0x11728</load_address>
         <run_address>0x11728</run_address>
         <size>0x2f2</size>
         <input_file_ref idref="fl-e8"/>
      </object_component>
      <object_component id="oc-49a">
         <name>.debug_info</name>
[...]
         <name>__aeabi_f2d</name>
         <value>0x56b5</value>
         <object_component_ref idref="oc-269"/>
      </symbol>
      <symbol id="sm-28b">
         <name>__aeabi_ui2d</name>
         <value>0x5881</value>
         <object_component_ref idref="oc-2b0"/>
      </symbol>
      <symbol id="sm-2a4">
         <name>__TI_zero_init_nomemset</name>
         <value>0x5a49</value>
         <object_component_ref idref="oc-56"/>
      </symbol>
      <symbol id="sm-2bb">
         <name>__TI_decompress_none</name>
         <value>0x5af3</value>
         <object_component_ref idref="oc-18"/>
      </symbol>
      <symbol id="sm-2d9">
         <name>__TI_decompress_lzss</name>
         <value>0x51a1</value>
         <object_component_ref idref="oc-12"/>
      </symbol>
      <symbol id="sm-2f2">
         <name>sprintf</name>
         <value>0x52cd</value>
         <object_component_ref idref="oc-2cb"/>
      </symbol>
      <symbol id="sm-314">
         <name>sscanf</name>
         <value>0x4b67</value>
         <object_component_ref idref="oc-3a7"/>
      </symbol>
      <symbol id="sm-315">
         <name>vsscanf</name>
         <value>0x4b55</value>
         <object_component_ref idref="oc-3a7"/>
      </symbol>
      <symbol id="sm-328">
         <name>__stack</name>
         <value>0x20000270</value>
         <object_component_ref idref="oc-21"/>
      </symbol>
      <symbol id="sm-329">
         <name>_c_int00_noargs</name>
         <value>0x567d</value>
         <object_component_ref idref="oc-68"/>
      </symbol>
      <symbol id="sm-344">
         <name>memcpy</name>
         <value>0x4dad</value>
         <object_component_ref idref="oc-4a"/>
      </symbol>
      <symbol id="sm-345">
         <name>__aeabi_memcpy</name>
         <value>0x4dad</value>
         <object_component_ref idref="oc-4a"/>
      </symbol>
      <symbol id="sm-346">
         <name>__aeabi_memcpy8</name>
         <value>0x4dad</value>
         <object_component_ref idref="oc-4a"/>
      </symbol>
      <symbol id="sm-347">
         <name>__aeabi_memcpy4</name>
         <value>0x4dad</value>
         <object_component_ref idref="oc-4a"/>
      </symbol>
      <symbol id="sm-356">
         <name>__aeabi_memset</name>
         <value>0x4fe7</value>
         <object_component_ref idref="oc-1a4"/>
      </symbol>
      <symbol id="sm-357">
         <name>memset</name>
         <value>0x4fed</value>
         <object_component_ref idref="oc-1a4"/>
      </symbol>
      <symbol id="sm-358">
         <name>__aeabi_memset8</name>
         <value>0x4fe7</value>
         <object_component_ref idref="oc-1a4"/>
      </symbol>
      <symbol id="sm-359">
         <name>__aeabi_memset4</name>
         <value>0x4fe7</value>
         <object_component_ref idref="oc-1a4"/>
      </symbol>
      <symbol id="sm-35a">
         <name>__aeabi_memclr8</name>
         <value>0x4fe5</value>
         <object_component_ref idref="oc-1a4"/>
      </symbol>
      <symbol id="sm-35b">
         <name>__aeabi_memclr4</name>
         <value>0x4fe5</value>
         <object_component_ref idref="oc-1a4"/>
      </symbol>
      <symbol id="sm-35c">
         <name>__aeabi_memclr</name>
         <value>0x4fe5</value>
         <object_component_ref idref="oc-1a4"/>
      </symbol>
      <symbol id="sm-37f">
         <name>__TI_auto_init_nobinit_nopinit</name>
         <value>0x5501</value>
         <object_component_ref idref="oc-2fc"/>
      </symbol>
      <symbol id="sm-389">
         <name>_system_pre_init</name>
         <value>0x5bc3</value>
         <object_component_ref idref="oc-1aa"/>
      </symbol>
      <symbol id="sm-395">
         <name>C$$EXIT</name>
         <value>0x5bbf</value>
         <object_component_ref idref="oc-2f0"/>
      </symbol>
      <symbol id="sm-396">
         <name>abort</name>
         <value>0x5bbf</value>
         <object_component_ref idref="oc-2f0"/>
      </symbol>
      <symbol id="sm-4a1">
         <name>__TI_printfi</name>
         <value>0xab9</value>
         <object_component_ref idref="oc-375"/>
      </symbol>
      <symbol id="sm-540">
         <name>__TI_scanfi</name>
         <value>0x1e99</value>
         <object_component_ref idref="oc-43e"/>
      </symbol>
      <symbol id="sm-557">
         <name>atoi</name>
         <value>0x5425</value>
         <object_component_ref idref="oc-413"/>
      </symbol>
      <symbol id="sm-562">
         <name>_ctypes_</name>
         <value>0x5bc8</value>
         <object_component_ref idref="oc-444"/>
      </symbol>
      <symbol id="sm-571">
         <name>ltoa</name>
         <value>0x5385</value>
         <object_component_ref idref="oc-3f1"/>
      </symbol>
      <symbol id="sm-581">
         <name>memccpy</name>
         <value>0x58bf</value>
         <object_component_ref idref="oc-419"/>
      </symbol>
      <symbol id="sm-591">
         <name>strchr</name>
         <value>0x59a9</value>
         <object_component_ref idref="oc-40d"/>
      </symbol>
      <symbol id="sm-59f">
         <name>strcpy</name>
         <value>0x59fd</value>
         <object_component_ref idref="oc-4bc"/>
      </symbol>
      <symbol id="sm-5ad">
         <name>strlen</name>
         <value>0x5a11</value>
         <object_component_ref idref="oc-3e1"/>
      </symbol>
      <symbol id="sm-5bc">
         <name>strrchr</name>
         <value>0x5923</value>
         <object_component_ref idref="oc-493"/>
      </symbol>
      <symbol id="sm-61c">
         <name>strtold</name>
         <value>0x28b1</value>
         <object_component_ref idref="oc-4a5"/>
      </symbol>
      <symbol id="sm-61d">
         <name>strtod</name>
         <value>0x28b1</value>
         <object_component_ref idref="oc-4a5"/>
      </symbol>
      <symbol id="sm-642">
         <name>strtol</name>
         <value>0x407d</value>
         <object_component_ref idref="oc-4b0"/>
      </symbol>
      <symbol id="sm-669">
         <name>strtoll</name>
         <value>0x3a55</value>
         <object_component_ref idref="oc-4b6"/>
      </symbol>
      <symbol id="sm-68a">
         <name>strtoul</name>
         <value>0x453d</value>
         <object_component_ref idref="oc-49f"/>
      </symbol>
      <symbol id="sm-6ae">
         <name>strtoull</name>
         <value>0x3de9</value>
         <object_component_ref idref="oc-499"/>
      </symbol>
      <symbol id="sm-6c9">
         <name>frexpl</name>
         <value>0x5209</value>
         <object_component_ref idref="oc-401"/>
      </symbol>
      <symbol id="sm-6ca">
         <name>frexp</name>
         <value>0x5209</value>
         <object_component_ref idref="oc-401"/>
      </symbol>
      <symbol id="sm-6e7">
         <name>scalbn</name>
         <value>0x4a61</value>
         <object_component_ref idref="oc-407"/>
      </symbol>
      <symbol id="sm-6e8">
         <name>scalbnl</name>
         <value>0x4a61</value>
         <object_component_ref idref="oc-407"/>
      </symbol>
      <symbol id="sm-6e9">
         <name>ldexpl</name>
         <value>0x4a61</value>
         <object_component_ref idref="oc-407"/>
      </symbol>
      <symbol id="sm-6ea">
         <name>ldexp</name>
         <value>0x4a61</value>
         <object_component_ref idref="oc-407"/>
      </symbol>
      <symbol id="sm-6f4">
         <name>copysign</name>
         <value>0x59e9</value>
         <object_component_ref idref="oc-47a"/>
      </symbol>
      <symbol id="sm-6f5">
         <name>copysignl</name>
         <value>0x59e9</value>
         <object_component_ref idref="oc-47a"/>
      </symbol>
      <symbol id="sm-70c">
         <name>__aeabi_dsub</name>
         <value>0x3c31</value>
         <object_component_ref idref="oc-3fc"/>
      </symbol>
      <symbol id="sm-70d">
         <name>__aeabi_dadd</name>
         <value>0x3c3b</value>
         <object_component_ref idref="oc-3fc"/>
      </symbol>
      <symbol id="sm-72f">
         <name>__aeabi_cdcmpeq</name>
         <value>0x4ed9</value>
         <object_component_ref idref="oc-3e7"/>
      </symbol>
      <symbol id="sm-730">
         <name>__aeabi_cdcmple</name>
         <value>0x4ed9</value>
         <object_component_ref idref="oc-3e7"/>
      </symbol>
      <symbol id="sm-731">
         <name>__aeabi_cdrcmple</name>
         <value>0x4f5f</value>
         <object_component_ref idref="oc-3ec"/>
      </symbol>
      <symbol id="sm-73d">
         <name>__aeabi_d2f</name>
         <value>0x505f</value>
         <object_component_ref idref="oc-4ab"/>
      </symbol>
      <symbol id="sm-747">
         <name>__aeabi_i2d</name>
         <value>0x5755</value>
         <object_component_ref idref="oc-3f7"/>
      </symbol>
      <symbol id="sm-750">
         <name>__aeabi_lmul</name>
         <value>0x590b</value>
         <object_component_ref idref="oc-4ed"/>
      </symbol>
      <symbol id="sm-76c">
         <name>__aeabi_uldivmod</name>
         <value>0x3861</value>
         <object_component_ref idref="oc-3dc"/>
      </symbol>
      <symbol id="sm-774">
         <name>errno</name>
         <value>0x20000950</value>
         <object_component_ref idref="oc-480"/>
      </symbol>
      <symbol id="sm-811">
         <name>CANMessageGet</name>
         <value>0x4761</value>
         <object_component_ref idref="oc-d2"/>
      </symbol>
      <symbol id="sm-812">
         <name>CANBitRateSet</name>
         <value>0x50cd</value>
         <object_component_ref idref="oc-f6"/>
      </symbol>
      <symbol id="sm-813">
         <name>CANEnable</name>
         <value>0x5b31</value>
         <object_component_ref idref="oc-108"/>
      </symbol>
      <symbol id="sm-814">
         <name>CANStatusGet</name>
         <value>0x5589</value>
         <object_component_ref idref="oc-8f"/>
      </symbol>
      <symbol id="sm-815">
         <name>CANMessageSet</name>
         <value>0x42e3</value>
         <object_component_ref idref="oc-d8"/>
      </symbol>
      <symbol id="sm-816">
         <name>CANIntClear</name>
         <value>0x57fd</value>
         <object_component_ref idref="oc-95"/>
      </symbol>
      <symbol id="sm-817">
         <name>CANIntStatus</name>
         <value>0x5841</value>
         <object_component_ref idref="oc-89"/>
      </symbol>
      <symbol id="sm-818">
         <name>CANInit</name>
         <value>0x5609</value>
         <object_component_ref idref="oc-ea"/>
      </symbol>
      <symbol id="sm-819">
         <name>CANIntEnable</name>
         <value>0x5b81</value>
         <object_component_ref idref="oc-fc"/>
      </symbol>
      <symbol id="sm-82f">
         <name>FPULazyStackingEnable</name>
         <value>0x5a6d</value>
         <object_component_ref idref="oc-388"/>
      </symbol>
      <symbol id="sm-830">
         <name>FPUEnable</name>
         <value>0x5a5d</value>
         <object_component_ref idref="oc-38e"/>
      </symbol>
      <symbol id="sm-8e2">
         <name>GPIOPinTypePWM</name>
         <value>0x5967</value>
         <object_component_ref idref="oc-24b"/>
      </symbol>
      <symbol id="sm-8e3">
         <name>GPIOIntRegister</name>
         <value>0x58db</value>
         <object_component_ref idref="oc-b4"/>
      </symbol>
      <symbol id="sm-8e4">
         <name>GPIOPinConfigure</name>
         <value>0x53d9</value>
         <object_component_ref idref="oc-de"/>
      </symbol>
      <symbol id="sm-8e5">
         <name>GPIOIntDisable</name>
         <value>0x5aad</value>
         <object_component_ref idref="oc-cc"/>
      </symbol>
      <symbol id="sm-8e6">
         <name>GPIOIntEnable</name>
         <value>0x5b0d</value>
         <object_component_ref idref="oc-ba"/>
      </symbol>
      <symbol id="sm-8e7">
         <name>GPIOIntTypeSet</name>
         <value>0x532d</value>
         <object_component_ref idref="oc-ae"/>
      </symbol>
      <symbol id="sm-8e8">
         <name>GPIOPinTypeGPIOInput</name>
         <value>0x5951</value>
         <object_component_ref idref="oc-a2"/>
      </symbol>
      <symbol id="sm-8e9">
         <name>GPIOIntClear</name>
         <value>0x5b99</value>
         <object_component_ref idref="oc-83"/>
      </symbol>
      <symbol id="sm-8ea">
         <name>GPIOPinTypeUART</name>
         <value>0x5993</value>
         <object_component_ref idref="oc-12f"/>
      </symbol>
      <symbol id="sm-8eb">
         <name>GPIOIntStatus</name>
         <value>0x5abb</value>
         <object_component_ref idref="oc-7d"/>
      </symbol>
      <symbol id="sm-8ec">
         <name>GPIOPinTypeGPIOOutput</name>
         <value>0x58f3</value>
         <object_component_ref idref="oc-c0"/>
      </symbol>
      <symbol id="sm-8ed">
         <name>GPIODirModeSet</name>
         <value>0x5783</value>
         <object_component_ref idref="oc-1d0"/>
      </symbol>
      <symbol id="sm-8ee">
         <name>GPIOPinTypeQEI</name>
         <value>0x597d</value>
         <object_component_ref idref="oc-292"/>
      </symbol>
      <symbol id="sm-8ef">
         <name>GPIOPinWrite</name>
         <value>0x5b9f</value>
         <object_component_ref idref="oc-c6"/>
      </symbol>
      <symbol id="sm-8f0">
         <name>GPIOPadConfigSet</name>
         <value>0x41b1</value>
         <object_component_ref idref="oc-a8"/>
      </symbol>
      <symbol id="sm-8f1">
         <name>GPIOPinTypeCAN</name>
         <value>0x593b</value>
         <object_component_ref idref="oc-e4"/>
      </symbol>
      <symbol id="sm-92b">
         <name>IntEnable</name>
         <value>0x5139</value>
         <object_component_ref idref="oc-102"/>
      </symbol>
      <symbol id="sm-92c">
         <name>IntRegister</name>
         <value>0x56ed</value>
         <object_component_ref idref="oc-1df"/>
      </symbol>
      <symbol id="sm-92d">
         <name>g_pfnRAMVectors</name>
         <value>0x20000000</value>
         <object_component_ref idref="oc-340"/>
      </symbol>
      <symbol id="sm-92e">
         <name>IntMasterEnable</name>
         <value>0x5a7d</value>
         <object_component_ref idref="oc-394"/>
      </symbol>
      <symbol id="sm-95b">
         <name>PWMGenPeriodSet</name>
         <value>0x5a8d</value>
         <object_component_ref idref="oc-257"/>
      </symbol>
      <symbol id="sm-95c">
         <name>PWMPulseWidthSet</name>
         <value>0x58a1</value>
         <object_component_ref idref="oc-23f"/>
      </symbol>
      <symbol id="sm-95d">
         <name>PWMOutputState</name>
         <value>0x5a25</value>
         <object_component_ref idref="oc-263"/>
      </symbol>
      <symbol id="sm-95e">
         <name>PWMGenEnable</name>
         <value>0x5b19</value>
         <object_component_ref idref="oc-25d"/>
      </symbol>
      <symbol id="sm-95f">
         <name>PWMGenConfigure</name>
         <value>0x581f</value>
         <object_component_ref idref="oc-251"/>
      </symbol>
      <symbol id="sm-9ac">
         <name>QEIPositionGet</name>
         <value>0x5bab</value>
         <object_component_ref idref="oc-283"/>
      </symbol>
      <symbol id="sm-9ad">
         <name>QEIVelocityGet</name>
         <value>0x5bb3</value>
         <object_component_ref idref="oc-27d"/>
      </symbol>
      <symbol id="sm-9ae">
         <name>QEIVelocityConfigure</name>
         <value>0x5a9d</value>
         <object_component_ref idref="oc-2ba"/>
      </symbol>
      <symbol id="sm-9af">
         <name>QEIIntDisable</name>
         <value>0x5b4f</value>
         <object_component_ref idref="oc-29e"/>
      </symbol>
      <symbol id="sm-9b0">
         <name>QEIDisable</name>
         <value>0x5b3b</value>
         <object_component_ref idref="oc-298"/>
      </symbol>
      <symbol id="sm-9b1">
         <name>QEIEnable</name>
         <value>0x5b45</value>
         <object_component_ref idref="oc-2aa"/>
      </symbol>
      <symbol id="sm-9b2">
         <name>QEIPositionSet</name>
         <value>0x5baf</value>
         <object_component_ref idref="oc-289"/>
      </symbol>
      <symbol id="sm-9b3">
         <name>QEIVelocityEnable</name>
         <value>0x5b59</value>
         <object_component_ref idref="oc-2c0"/>
      </symbol>
      <symbol id="sm-9b4">
         <name>QEIConfigure</name>
         <value>0x5ac9</value>
         <object_component_ref idref="oc-2a4"/>
      </symbol>
      <symbol id="sm-a1a">
         <name>SysCtlClockSet</name>
         <value>0x496d</value>
         <object_component_ref idref="oc-382"/>
      </symbol>
      <symbol id="sm-a1b">
         <name>SysCtlDelay</name>
         <value>0x5ba5</value>
         <object_component_ref idref="oc-9b"/>
      </symbol>
      <symbol id="sm-a1c">
         <name>SysCtlPeripheralEnable</name>
         <value>0x5721</value>
         <object_component_ref idref="oc-9c"/>
      </symbol>
      <symbol id="sm-a1d">
         <name>SysCtlClockGet</name>
         <value>0x4651</value>
         <object_component_ref idref="oc-f0"/>
      </symbol>
      <symbol id="sm-a1e">
         <name>SysCtlPWMClockSet</name>
         <value>0x59c1</value>
         <object_component_ref idref="oc-245"/>
      </symbol>
      <symbol id="sm-a1f">
         <name>SysCtlPeripheralReady</name>
         <value>0x5645</value>
         <object_component_ref idref="oc-3a0"/>
      </symbol>
      <symbol id="sm-a53">
         <name>TimerLoadSet</name>
         <value>0x5a37</value>
         <object_component_ref idref="oc-161"/>
      </symbol>
      <symbol id="sm-a54">
         <name>TimerEnable</name>
         <value>0x5ad7</value>
         <object_component_ref idref="oc-16d"/>
      </symbol>
      <symbol id="sm-a55">
         <name>TimerIntEnable</name>
         <value>0x5b89</value>
         <object_component_ref idref="oc-167"/>
      </symbol>
      <symbol id="sm-a56">
         <name>TimerConfigure</name>
         <value>0x526d</value>
         <object_component_ref idref="oc-15b"/>
      </symbol>
      <symbol id="sm-a57">
         <name>TimerIntClear</name>
         <value>0x5bb7</value>
         <object_component_ref idref="oc-173"/>
      </symbol>
      <symbol id="sm-aaa">
         <name>UARTConfigSetExpClk</name>
         <value>0x54b9</value>
         <object_component_ref idref="oc-135"/>
      </symbol>
      <symbol id="sm-aab">
         <name>UARTDisable</name>
         <value>0x5861</value>
         <object_component_ref idref="oc-224"/>
      </symbol>
      <symbol id="sm-aac">
         <name>UARTIntEnable</name>
         <value>0x5b91</value>
         <object_component_ref idref="oc-39a"/>
      </symbol>
      <symbol id="sm-aad">
         <name>UARTCharsAvail</name>
         <value>0x5ae5</value>
         <object_component_ref idref="oc-14d"/>
      </symbol>
      <symbol id="sm-aae">
         <name>UARTCharPut</name>
         <value>0x5b6d</value>
         <object_component_ref idref="oc-153"/>
      </symbol>
      <symbol id="sm-aaf">
         <name>UARTEnable</name>
         <value>0x59d5</value>
         <object_component_ref idref="oc-22a"/>
      </symbol>
      <symbol id="sm-ab0">
         <name>UARTIntClear</name>
         <value>0x5bbb</value>
         <object_component_ref idref="oc-141"/>
      </symbol>
      <symbol id="sm-ab1">
         <name>UARTIntStatus</name>
         <value>0x5b77</value>
         <object_component_ref idref="oc-13b"/>
      </symbol>
      <symbol id="sm-ab2">
         <name>UARTCharGet</name>
         <value>0x5b63</value>
         <object_component_ref idref="oc-147"/>
      </symbol>
      <symbol id="sm-abc">
         <name>CPUcpsie</name>
         <value>0x5b01</value>
         <object_component_ref idref="oc-435"/>
      </symbol>
      <symbol id="sm-abd">
         <name>__TI_static_base__</name>
         <value>0x0</value>
      </symbol>
      <symbol id="sm-ac0">
         <name>__mpu_init</name>
         <value>0x0</value>
      </symbol>
      <symbol id="sm-ac1">
         <name>_system_post_cinit</name>
         <value>0x0</value>
      </symbol>
   </symbol_table>
   <title>Link successful</title>
</link_info>
