<?xml version="1.0"?>
<link_info>
   <banner>TI ARM Linker PC v17.9.0.STS</banner>
   <copyright>Copyright (c) 1996-2017 Texas Instruments Incorporated</copyright>
   <link_time>0x5afb9c5b</link_time>
   <link_errors>0x0</link_errors>
   <output_file>single-board-controller.out</output_file>
   <entry_point>
      <name>_c_int00_noargs</name>
      <address>0x55e5</address>
   </entry_point>
   <input_file_list>
      <input_file id="fl-2">
         <path>.\</path>
         <kind>object</kind>
         <file>CAN.obj</file>
         <name>CAN.obj</name>
      </input_file>
      <input_file id="fl-3">
         <path>.\</path>
         <kind>object</kind>
         <file>control.obj</file>
         <name>control.obj</name>
      </input_file>
      <input_file id="fl-4">
         <path>.\</path>
         <kind>object</kind>
         <file>gen_algo.obj</file>
         <name>gen_algo.obj</name>
      </input_file>
      <input_file id="fl-5">
         <path>.\</path>
         <kind>object</kind>
         <file>main.obj</file>
         <name>main.obj</name>
      </input_file>
      <input_file id="fl-6">
         <path>.\</path>
         <kind>object</kind>
         <file>menu.obj</file>
         <name>menu.obj</name>
      </input_file>
      <input_file id="fl-7">
         <path>.\</path>
         <kind>object</kind>
         <file>motor.obj</file>
         <name>motor.obj</name>
      </input_file>
      <input_file id="fl-8">
         <path>.\</path>
         <kind>object</kind>
         <file>system.obj</file>
         <name>system.obj</name>
      </input_file>
      <input_file id="fl-9">
         <path>.\</path>
         <kind>object</kind>
         <file>timer.obj</file>
         <name>timer.obj</name>
      </input_file>
      <input_file id="fl-a">
         <path>.\</path>
         <kind>object</kind>
         <file>tm4c123gh6pm_startup_ccs.obj</file>
         <name>tm4c123gh6pm_startup_ccs.obj</name>
      </input_file>
      <input_file id="fl-b">
         <path>.\</path>
         <kind>object</kind>
         <file>uart.obj</file>
         <name>uart.obj</name>
      </input_file>
      <input_file id="fl-10">
         <kind>object</kind>
         <file>&lt;internal&gt;</file>
         <name>&lt;internal&gt;</name>
      </input_file>
      <input_file id="fl-c6">
         <path>C:\ti\ccsv7\tools\compiler\ti-cgt-arm_17.9.0.STS\lib\</path>
         <kind>archive</kind>
         <file>rtsv7M4_T_le_v4SPD16_eabi.lib</file>
         <name>fd_div_t2.obj</name>
      </input_file>
      <input_file id="fl-c7">
         <path>C:\ti\ccsv7\tools\compiler\ti-cgt-arm_17.9.0.STS\lib\</path>
         <kind>archive</kind>
         <file>rtsv7M4_T_le_v4SPD16_eabi.lib</file>
         <name>fd_mul_t2.obj</name>
      </input_file>
      <input_file id="fl-c8">
         <path>C:\ti\ccsv7\tools\compiler\ti-cgt-arm_17.9.0.STS\lib\</path>
         <kind>archive</kind>
         <file>rtsv7M4_T_le_v4SPD16_eabi.lib</file>
         <name>fd_toi_t2.obj</name>
      </input_file>
      <input_file id="fl-c9">
         <path>C:\ti\ccsv7\tools\compiler\ti-cgt-arm_17.9.0.STS\lib\</path>
         <kind>archive</kind>
         <file>rtsv7M4_T_le_v4SPD16_eabi.lib</file>
         <name>fd_tou_t2.obj</name>
      </input_file>
      <input_file id="fl-ca">
         <path>C:\ti\ccsv7\tools\compiler\ti-cgt-arm_17.9.0.STS\lib\</path>
         <kind>archive</kind>
         <file>rtsv7M4_T_le_v4SPD16_eabi.lib</file>
         <name>fs_tod_t2.obj</name>
      </input_file>
      <input_file id="fl-cb">
         <path>C:\ti\ccsv7\tools\compiler\ti-cgt-arm_17.9.0.STS\lib\</path>
         <kind>archive</kind>
         <file>rtsv7M4_T_le_v4SPD16_eabi.lib</file>
         <name>u_tofd_t2.obj</name>
      </input_file>
      <input_file id="fl-cc">
         <path>C:\ti\ccsv7\tools\compiler\ti-cgt-arm_17.9.0.STS\lib\</path>
         <kind>archive</kind>
         <file>rtsv7M4_T_le_v4SPD16_eabi.lib</file>
         <name>copy_zero_init.obj</name>
      </input_file>
      <input_file id="fl-cd">
         <path>C:\ti\ccsv7\tools\compiler\ti-cgt-arm_17.9.0.STS\lib\</path>
         <kind>archive</kind>
         <file>rtsv7M4_T_le_v4SPD16_eabi.lib</file>
         <name>copy_decompress_none.obj</name>
      </input_file>
      <input_file id="fl-ce">
         <path>C:\ti\ccsv7\tools\compiler\ti-cgt-arm_17.9.0.STS\lib\</path>
         <kind>archive</kind>
         <file>rtsv7M4_T_le_v4SPD16_eabi.lib</file>
         <name>copy_decompress_lzss.obj</name>
      </input_file>
      <input_file id="fl-cf">
         <path>C:\ti\ccsv7\tools\compiler\ti-cgt-arm_17.9.0.STS\lib\</path>
         <kind>archive</kind>
         <file>rtsv7M4_T_le_v4SPD16_eabi.lib</file>
         <name>sprintf.obj</name>
      </input_file>
      <input_file id="fl-d0">
         <path>C:\ti\ccsv7\tools\compiler\ti-cgt-arm_17.9.0.STS\lib\</path>
         <kind>archive</kind>
         <file>rtsv7M4_T_le_v4SPD16_eabi.lib</file>
         <name>sscanf.obj</name>
      </input_file>
      <input_file id="fl-d1">
         <path>C:\ti\ccsv7\tools\compiler\ti-cgt-arm_17.9.0.STS\lib\</path>
         <kind>archive</kind>
         <file>rtsv7M4_T_le_v4SPD16_eabi.lib</file>
         <name>boot_cortex_m.obj</name>
      </input_file>
      <input_file id="fl-d2">
         <path>C:\ti\ccsv7\tools\compiler\ti-cgt-arm_17.9.0.STS\lib\</path>
         <kind>archive</kind>
         <file>rtsv7M4_T_le_v4SPD16_eabi.lib</file>
         <name>memcpy_t2.obj</name>
      </input_file>
      <input_file id="fl-d3">
         <path>C:\ti\ccsv7\tools\compiler\ti-cgt-arm_17.9.0.STS\lib\</path>
         <kind>archive</kind>
         <file>rtsv7M4_T_le_v4SPD16_eabi.lib</file>
         <name>memset_t2.obj</name>
      </input_file>
      <input_file id="fl-d4">
         <path>C:\ti\ccsv7\tools\compiler\ti-cgt-arm_17.9.0.STS\lib\</path>
         <kind>archive</kind>
         <file>rtsv7M4_T_le_v4SPD16_eabi.lib</file>
         <name>autoinit.obj</name>
      </input_file>
      <input_file id="fl-d5">
         <path>C:\ti\ccsv7\tools\compiler\ti-cgt-arm_17.9.0.STS\lib\</path>
         <kind>archive</kind>
         <file>rtsv7M4_T_le_v4SPD16_eabi.lib</file>
         <name>pre_init.obj</name>
      </input_file>
      <input_file id="fl-d6">
         <path>C:\ti\ccsv7\tools\compiler\ti-cgt-arm_17.9.0.STS\lib\</path>
         <kind>archive</kind>
         <file>rtsv7M4_T_le_v4SPD16_eabi.lib</file>
         <name>cpy_tbl.obj</name>
      </input_file>
      <input_file id="fl-d7">
         <path>C:\ti\ccsv7\tools\compiler\ti-cgt-arm_17.9.0.STS\lib\</path>
         <kind>archive</kind>
         <file>rtsv7M4_T_le_v4SPD16_eabi.lib</file>
         <name>exit.obj</name>
      </input_file>
      <input_file id="fl-d8">
         <path>C:\ti\ccsv7\tools\compiler\ti-cgt-arm_17.9.0.STS\lib\</path>
         <kind>archive</kind>
         <file>rtsv7M4_T_le_v4SPD16_eabi.lib</file>
         <name>_lock.obj</name>
      </input_file>
      <input_file id="fl-d9">
         <path>C:\ti\ccsv7\tools\compiler\ti-cgt-arm_17.9.0.STS\lib\</path>
         <kind>archive</kind>
         <file>rtsv7M4_T_le_v4SPD16_eabi.lib</file>
         <name>_printfi.obj</name>
      </input_file>
      <input_file id="fl-da">
         <path>C:\ti\ccsv7\tools\compiler\ti-cgt-arm_17.9.0.STS\lib\</path>
         <kind>archive</kind>
         <file>rtsv7M4_T_le_v4SPD16_eabi.lib</file>
         <name>_scanfi.obj</name>
      </input_file>
      <input_file id="fl-db">
         <path>C:\ti\ccsv7\tools\compiler\ti-cgt-arm_17.9.0.STS\lib\</path>
         <kind>archive</kind>
         <file>rtsv7M4_T_le_v4SPD16_eabi.lib</file>
         <name>args_main.obj</name>
      </input_file>
      <input_file id="fl-dc">
         <path>C:\ti\ccsv7\tools\compiler\ti-cgt-arm_17.9.0.STS\lib\</path>
         <kind>archive</kind>
         <file>rtsv7M4_T_le_v4SPD16_eabi.lib</file>
         <name>atoi.obj</name>
      </input_file>
      <input_file id="fl-dd">
         <path>C:\ti\ccsv7\tools\compiler\ti-cgt-arm_17.9.0.STS\lib\</path>
         <kind>archive</kind>
         <file>rtsv7M4_T_le_v4SPD16_eabi.lib</file>
         <name>ctype.obj</name>
      </input_file>
      <input_file id="fl-de">
         <path>C:\ti\ccsv7\tools\compiler\ti-cgt-arm_17.9.0.STS\lib\</path>
         <kind>archive</kind>
         <file>rtsv7M4_T_le_v4SPD16_eabi.lib</file>
         <name>ltoa.obj</name>
      </input_file>
      <input_file id="fl-df">
         <path>C:\ti\ccsv7\tools\compiler\ti-cgt-arm_17.9.0.STS\lib\</path>
         <kind>archive</kind>
         <file>rtsv7M4_T_le_v4SPD16_eabi.lib</file>
         <name>memccpy.obj</name>
      </input_file>
      <input_file id="fl-e0">
         <path>C:\ti\ccsv7\tools\compiler\ti-cgt-arm_17.9.0.STS\lib\</path>
         <kind>archive</kind>
         <file>rtsv7M4_T_le_v4SPD16_eabi.lib</file>
         <name>strchr.obj</name>
      </input_file>
      <input_file id="fl-e1">
         <path>C:\ti\ccsv7\tools\compiler\ti-cgt-arm_17.9.0.STS\lib\</path>
         <kind>archive</kind>
         <file>rtsv7M4_T_le_v4SPD16_eabi.lib</file>
         <name>strcpy.obj</name>
      </input_file>
      <input_file id="fl-e2">
         <path>C:\ti\ccsv7\tools\compiler\ti-cgt-arm_17.9.0.STS\lib\</path>
         <kind>archive</kind>
         <file>rtsv7M4_T_le_v4SPD16_eabi.lib</file>
         <name>strlen.obj</name>
      </input_file>
      <input_file id="fl-e3">
         <path>C:\ti\ccsv7\tools\compiler\ti-cgt-arm_17.9.0.STS\lib\</path>
         <kind>archive</kind>
         <file>rtsv7M4_T_le_v4SPD16_eabi.lib</file>
         <name>strrchr.obj</name>
      </input_file>
      <input_file id="fl-e4">
         <path>C:\ti\ccsv7\tools\compiler\ti-cgt-arm_17.9.0.STS\lib\</path>
         <kind>archive</kind>
         <file>rtsv7M4_T_le_v4SPD16_eabi.lib</file>
         <name>strtod.obj</name>
      </input_file>
      <input_file id="fl-e5">
         <path>C:\ti\ccsv7\tools\compiler\ti-cgt-arm_17.9.0.STS\lib\</path>
         <kind>archive</kind>
         <file>rtsv7M4_T_le_v4SPD16_eabi.lib</file>
         <name>strtol.obj</name>
      </input_file>
      <input_file id="fl-e6">
         <path>C:\ti\ccsv7\tools\compiler\ti-cgt-arm_17.9.0.STS\lib\</path>
         <kind>archive</kind>
         <file>rtsv7M4_T_le_v4SPD16_eabi.lib</file>
         <name>strtoll.obj</name>
      </input_file>
      <input_file id="fl-e7">
         <path>C:\ti\ccsv7\tools\compiler\ti-cgt-arm_17.9.0.STS\lib\</path>
         <kind>archive</kind>
         <file>rtsv7M4_T_le_v4SPD16_eabi.lib</file>
         <name>strtoul.obj</name>
      </input_file>
      <input_file id="fl-e8">
         <path>C:\ti\ccsv7\tools\compiler\ti-cgt-arm_17.9.0.STS\lib\</path>
         <kind>archive</kind>
         <file>rtsv7M4_T_le_v4SPD16_eabi.lib</file>
         <name>strtoull.obj</name>
      </input_file>
      <input_file id="fl-e9">
         <path>C:\ti\ccsv7\tools\compiler\ti-cgt-arm_17.9.0.STS\lib\</path>
         <kind>archive</kind>
         <file>rtsv7M4_T_le_v4SPD16_eabi.lib</file>
         <name>s_frexp.obj</name>
      </input_file>
      <input_file id="fl-ea">
         <path>C:\ti\ccsv7\tools\compiler\ti-cgt-arm_17.9.0.STS\lib\</path>
         <kind>archive</kind>
         <file>rtsv7M4_T_le_v4SPD16_eabi.lib</file>
         <name>s_scalbn.obj</name>
      </input_file>
      <input_file id="fl-eb">
         <path>C:\ti\ccsv7\tools\compiler\ti-cgt-arm_17.9.0.STS\lib\</path>
         <kind>archive</kind>
         <file>rtsv7M4_T_le_v4SPD16_eabi.lib</file>
         <name>s_copysign.obj</name>
      </input_file>
      <input_file id="fl-ec">
         <path>C:\ti\ccsv7\tools\compiler\ti-cgt-arm_17.9.0.STS\lib\</path>
         <kind>archive</kind>
         <file>rtsv7M4_T_le_v4SPD16_eabi.lib</file>
         <name>fd_add_t2.obj</name>
      </input_file>
      <input_file id="fl-ed">
         <path>C:\ti\ccsv7\tools\compiler\ti-cgt-arm_17.9.0.STS\lib\</path>
         <kind>archive</kind>
         <file>rtsv7M4_T_le_v4SPD16_eabi.lib</file>
         <name>fd_cmp_t2.obj</name>
      </input_file>
      <input_file id="fl-ee">
         <path>C:\ti\ccsv7\tools\compiler\ti-cgt-arm_17.9.0.STS\lib\</path>
         <kind>archive</kind>
         <file>rtsv7M4_T_le_v4SPD16_eabi.lib</file>
         <name>fd_tos_t2.obj</name>
      </input_file>
      <input_file id="fl-ef">
         <path>C:\ti\ccsv7\tools\compiler\ti-cgt-arm_17.9.0.STS\lib\</path>
         <kind>archive</kind>
         <file>rtsv7M4_T_le_v4SPD16_eabi.lib</file>
         <name>i_tofd_t2.obj</name>
      </input_file>
      <input_file id="fl-f0">
         <path>C:\ti\ccsv7\tools\compiler\ti-cgt-arm_17.9.0.STS\lib\</path>
         <kind>archive</kind>
         <file>rtsv7M4_T_le_v4SPD16_eabi.lib</file>
         <name>ll_mul_t2.obj</name>
      </input_file>
      <input_file id="fl-f1">
         <path>C:\ti\ccsv7\tools\compiler\ti-cgt-arm_17.9.0.STS\lib\</path>
         <kind>archive</kind>
         <file>rtsv7M4_T_le_v4SPD16_eabi.lib</file>
         <name>ull_div_t2.obj</name>
      </input_file>
      <input_file id="fl-f2">
         <path>C:\ti\ccsv7\tools\compiler\ti-cgt-arm_17.9.0.STS\lib\</path>
         <kind>archive</kind>
         <file>rtsv7M4_T_le_v4SPD16_eabi.lib</file>
         <name>errno.obj</name>
      </input_file>
      <input_file id="fl-f3">
         <path>C:\ti\TivaWare_C_Series-2.1.3.156\driverlib\ccs\Debug\</path>
         <kind>archive</kind>
         <file>driverlib.lib</file>
         <name>can.obj</name>
      </input_file>
      <input_file id="fl-f4">
         <path>C:\ti\TivaWare_C_Series-2.1.3.156\driverlib\ccs\Debug\</path>
         <kind>archive</kind>
         <file>driverlib.lib</file>
         <name>fpu.obj</name>
      </input_file>
      <input_file id="fl-f5">
         <path>C:\ti\TivaWare_C_Series-2.1.3.156\driverlib\ccs\Debug\</path>
         <kind>archive</kind>
         <file>driverlib.lib</file>
         <name>gpio.obj</name>
      </input_file>
      <input_file id="fl-f6">
         <path>C:\ti\TivaWare_C_Series-2.1.3.156\driverlib\ccs\Debug\</path>
         <kind>archive</kind>
         <file>driverlib.lib</file>
         <name>interrupt.obj</name>
      </input_file>
      <input_file id="fl-f7">
         <path>C:\ti\TivaWare_C_Series-2.1.3.156\driverlib\ccs\Debug\</path>
         <kind>archive</kind>
         <file>driverlib.lib</file>
         <name>pwm.obj</name>
      </input_file>
      <input_file id="fl-f8">
         <path>C:\ti\TivaWare_C_Series-2.1.3.156\driverlib\ccs\Debug\</path>
         <kind>archive</kind>
         <file>driverlib.lib</file>
         <name>qei.obj</name>
      </input_file>
      <input_file id="fl-f9">
         <path>C:\ti\TivaWare_C_Series-2.1.3.156\driverlib\ccs\Debug\</path>
         <kind>archive</kind>
         <file>driverlib.lib</file>
         <name>sysctl.obj</name>
      </input_file>
      <input_file id="fl-fa">
         <path>C:\ti\TivaWare_C_Series-2.1.3.156\driverlib\ccs\Debug\</path>
         <kind>archive</kind>
         <file>driverlib.lib</file>
         <name>timer.obj</name>
      </input_file>
      <input_file id="fl-fb">
         <path>C:\ti\TivaWare_C_Series-2.1.3.156\driverlib\ccs\Debug\</path>
         <kind>archive</kind>
         <file>driverlib.lib</file>
         <name>uart.obj</name>
      </input_file>
      <input_file id="fl-fc">
         <path>C:\ti\TivaWare_C_Series-2.1.3.156\driverlib\ccs\Debug\</path>
         <kind>archive</kind>
         <file>driverlib.lib</file>
         <name>cpu.obj</name>
      </input_file>
   </input_file_list>
   <object_component_list>
      <object_component id="oc-f">
         <name>.intvecs</name>
         <load_address>0x0</load_address>
         <run_address>0x0</run_address>
         <size>0x26c</size>
         <input_file_ref idref="fl-a"/>
      </object_component>
      <object_component id="oc-375">
         <name>.text</name>
         <load_address>0x26c</load_address>
         <run_address>0x26c</run_address>
         <size>0x11de</size>
         <input_file_ref idref="fl-d9"/>
      </object_component>
      <object_component id="oc-17f">
         <name>.text</name>
         <load_address>0x144c</load_address>
         <run_address>0x144c</run_address>
         <size>0xb18</size>
         <input_file_ref idref="fl-4"/>
      </object_component>
      <object_component id="oc-43e">
         <name>.text</name>
         <load_address>0x1f64</load_address>
         <run_address>0x1f64</run_address>
         <size>0xa18</size>
         <input_file_ref idref="fl-da"/>
      </object_component>
      <object_component id="oc-4a5">
         <name>.text</name>
         <load_address>0x297c</load_address>
         <run_address>0x297c</run_address>
         <size>0x45c</size>
         <input_file_ref idref="fl-e4"/>
      </object_component>
      <object_component id="oc-179">
         <name>.text</name>
         <load_address>0x2dd8</load_address>
         <run_address>0x2dd8</run_address>
         <size>0x458</size>
         <input_file_ref idref="fl-7"/>
      </object_component>
      <object_component id="oc-2a">
         <name>.text</name>
         <load_address>0x3230</load_address>
         <run_address>0x3230</run_address>
         <size>0x3cc</size>
         <input_file_ref idref="fl-2"/>
      </object_component>
      <object_component id="oc-3dc">
         <name>.text</name>
         <load_address>0x35fc</load_address>
         <run_address>0x35fc</run_address>
         <size>0x1f4</size>
         <input_file_ref idref="fl-f1"/>
      </object_component>
      <object_component id="oc-4b6">
         <name>.text</name>
         <load_address>0x37f0</load_address>
         <run_address>0x37f0</run_address>
         <size>0x1dc</size>
         <input_file_ref idref="fl-e6"/>
      </object_component>
      <object_component id="oc-2e7">
         <name>.text</name>
         <load_address>0x39cc</load_address>
         <run_address>0x39cc</run_address>
         <size>0x1cc</size>
         <input_file_ref idref="fl-6"/>
      </object_component>
      <object_component id="oc-3fc">
         <name>.text</name>
         <load_address>0x3b98</load_address>
         <run_address>0x3b98</run_address>
         <size>0x1b6</size>
         <input_file_ref idref="fl-ec"/>
      </object_component>
      <object_component id="oc-499">
         <name>.text</name>
         <load_address>0x3d50</load_address>
         <run_address>0x3d50</run_address>
         <size>0x15c</size>
         <input_file_ref idref="fl-e8"/>
      </object_component>
      <object_component id="oc-26e">
         <name>.text</name>
         <load_address>0x3eac</load_address>
         <run_address>0x3eac</run_address>
         <size>0x136</size>
         <input_file_ref idref="fl-c6"/>
      </object_component>
      <object_component id="oc-4b0">
         <name>.text</name>
         <load_address>0x3fe4</load_address>
         <run_address>0x3fe4</run_address>
         <size>0x134</size>
         <input_file_ref idref="fl-e5"/>
      </object_component>
      <object_component id="oc-a8">
         <name>.text:GPIOPadConfigSet</name>
         <load_address>0x4118</load_address>
         <run_address>0x4118</run_address>
         <size>0x132</size>
         <input_file_ref idref="fl-f5"/>
      </object_component>
      <object_component id="oc-d8">
         <name>.text:CANMessageSet</name>
         <load_address>0x424a</load_address>
         <run_address>0x424a</run_address>
         <size>0x130</size>
         <input_file_ref idref="fl-f3"/>
      </object_component>
      <object_component id="oc-30">
         <name>.text</name>
         <load_address>0x437c</load_address>
         <run_address>0x437c</run_address>
         <size>0x128</size>
         <input_file_ref idref="fl-b"/>
      </object_component>
      <object_component id="oc-49f">
         <name>.text</name>
         <load_address>0x44a4</load_address>
         <run_address>0x44a4</run_address>
         <size>0x114</size>
         <input_file_ref idref="fl-e7"/>
      </object_component>
      <object_component id="oc-f0">
         <name>.text:SysCtlClockGet</name>
         <load_address>0x45b8</load_address>
         <run_address>0x45b8</run_address>
         <size>0x110</size>
         <input_file_ref idref="fl-f9"/>
      </object_component>
      <object_component id="oc-d2">
         <name>.text:CANMessageGet</name>
         <load_address>0x46c8</load_address>
         <run_address>0x46c8</run_address>
         <size>0x10e</size>
         <input_file_ref idref="fl-f3"/>
      </object_component>
      <object_component id="oc-273">
         <name>.text</name>
         <load_address>0x47d6</load_address>
         <run_address>0x47d6</run_address>
         <size>0xfc</size>
         <input_file_ref idref="fl-c7"/>
      </object_component>
      <object_component id="oc-382">
         <name>.text:SysCtlClockSet</name>
         <load_address>0x48d4</load_address>
         <run_address>0x48d4</run_address>
         <size>0xf4</size>
         <input_file_ref idref="fl-f9"/>
      </object_component>
      <object_component id="oc-407">
         <name>.text</name>
         <load_address>0x49c8</load_address>
         <run_address>0x49c8</run_address>
         <size>0xf4</size>
         <input_file_ref idref="fl-ea"/>
      </object_component>
      <object_component id="oc-3a7">
         <name>.text</name>
         <load_address>0x4abc</load_address>
         <run_address>0x4abc</run_address>
         <size>0xcc</size>
         <input_file_ref idref="fl-d0"/>
      </object_component>
      <object_component id="oc-2d1">
         <name>.text</name>
         <load_address>0x4b88</load_address>
         <run_address>0x4b88</run_address>
         <size>0xcc</size>
         <input_file_ref idref="fl-8"/>
      </object_component>
      <object_component id="oc-1b0">
         <name>.text</name>
         <load_address>0x4c54</load_address>
         <run_address>0x4c54</run_address>
         <size>0xc0</size>
         <input_file_ref idref="fl-5"/>
      </object_component>
      <object_component id="oc-4a">
         <name>.text</name>
         <load_address>0x4d14</load_address>
         <run_address>0x4d14</run_address>
         <size>0x9c</size>
         <input_file_ref idref="fl-d2"/>
      </object_component>
      <object_component id="oc-36">
         <name>.text</name>
         <load_address>0x4db0</load_address>
         <run_address>0x4db0</run_address>
         <size>0x90</size>
         <input_file_ref idref="fl-9"/>
      </object_component>
      <object_component id="oc-3e7">
         <name>.text:__aeabi_cdcmple</name>
         <load_address>0x4e40</load_address>
         <run_address>0x4e40</run_address>
         <size>0x86</size>
         <input_file_ref idref="fl-ed"/>
      </object_component>
      <object_component id="oc-3ec">
         <name>.text:__aeabi_cdrcmple</name>
         <load_address>0x4ec6</load_address>
         <run_address>0x4ec6</run_address>
         <size>0x86</size>
         <input_file_ref idref="fl-ed"/>
      </object_component>
      <object_component id="oc-1a4">
         <name>.text</name>
         <load_address>0x4f4c</load_address>
         <run_address>0x4f4c</run_address>
         <size>0x7a</size>
         <input_file_ref idref="fl-d3"/>
      </object_component>
      <object_component id="oc-4ab">
         <name>.text</name>
         <load_address>0x4fc6</load_address>
         <run_address>0x4fc6</run_address>
         <size>0x6e</size>
         <input_file_ref idref="fl-ee"/>
      </object_component>
      <object_component id="oc-f6">
         <name>.text:CANBitRateSet</name>
         <load_address>0x5034</load_address>
         <run_address>0x5034</run_address>
         <size>0x6c</size>
         <input_file_ref idref="fl-f3"/>
      </object_component>
      <object_component id="oc-102">
         <name>.text:IntEnable</name>
         <load_address>0x50a0</load_address>
         <run_address>0x50a0</run_address>
         <size>0x68</size>
         <input_file_ref idref="fl-f6"/>
      </object_component>
      <object_component id="oc-12">
         <name>.text:decompress:lzss</name>
         <load_address>0x5108</load_address>
         <run_address>0x5108</run_address>
         <size>0x68</size>
         <input_file_ref idref="fl-ce"/>
      </object_component>
      <object_component id="oc-401">
         <name>.text</name>
         <load_address>0x5170</load_address>
         <run_address>0x5170</run_address>
         <size>0x64</size>
         <input_file_ref idref="fl-e9"/>
      </object_component>
      <object_component id="oc-15b">
         <name>.text:TimerConfigure</name>
         <load_address>0x51d4</load_address>
         <run_address>0x51d4</run_address>
         <size>0x60</size>
         <input_file_ref idref="fl-fa"/>
      </object_component>
      <object_component id="oc-2cb">
         <name>.text</name>
         <load_address>0x5234</load_address>
         <run_address>0x5234</run_address>
         <size>0x60</size>
         <input_file_ref idref="fl-cf"/>
      </object_component>
      <object_component id="oc-ae">
         <name>.text:GPIOIntTypeSet</name>
         <load_address>0x5294</load_address>
         <run_address>0x5294</run_address>
         <size>0x58</size>
         <input_file_ref idref="fl-f5"/>
      </object_component>
      <object_component id="oc-3f1">
         <name>.text</name>
         <load_address>0x52ec</load_address>
         <run_address>0x52ec</run_address>
         <size>0x54</size>
         <input_file_ref idref="fl-de"/>
      </object_component>
      <object_component id="oc-de">
         <name>.text:GPIOPinConfigure</name>
         <load_address>0x5340</load_address>
         <run_address>0x5340</run_address>
         <size>0x4c</size>
         <input_file_ref idref="fl-f5"/>
      </object_component>
      <object_component id="oc-413">
         <name>.text</name>
         <load_address>0x538c</load_address>
         <run_address>0x538c</run_address>
         <size>0x4c</size>
         <input_file_ref idref="fl-dc"/>
      </object_component>
      <object_component id="oc-278">
         <name>.text</name>
         <load_address>0x53d8</load_address>
         <run_address>0x53d8</run_address>
         <size>0x48</size>
         <input_file_ref idref="fl-c8"/>
      </object_component>
      <object_component id="oc-135">
         <name>.text:UARTConfigSetExpClk</name>
         <load_address>0x5420</load_address>
         <run_address>0x5420</run_address>
         <size>0x46</size>
         <input_file_ref idref="fl-fb"/>
      </object_component>
      <object_component id="oc-2fc">
         <name>.text:__TI_auto_init_nobinit_nopinit</name>
         <load_address>0x5468</load_address>
         <run_address>0x5468</run_address>
         <size>0x44</size>
         <input_file_ref idref="fl-d4"/>
      </object_component>
      <object_component id="oc-2b5">
         <name>.text</name>
         <load_address>0x54ac</load_address>
         <run_address>0x54ac</run_address>
         <size>0x44</size>
         <input_file_ref idref="fl-c9"/>
      </object_component>
      <object_component id="oc-8f">
         <name>.text:CANStatusGet</name>
         <load_address>0x54f0</load_address>
         <run_address>0x54f0</run_address>
         <size>0x40</size>
         <input_file_ref idref="fl-f3"/>
      </object_component>
      <object_component id="oc-1d9">
         <name>.text:_GPIOIntNumberGet</name>
         <load_address>0x5530</load_address>
         <run_address>0x5530</run_address>
         <size>0x40</size>
         <input_file_ref idref="fl-f5"/>
      </object_component>
      <object_component id="oc-ea">
         <name>.text:CANInit</name>
         <load_address>0x5570</load_address>
         <run_address>0x5570</run_address>
         <size>0x3a</size>
         <input_file_ref idref="fl-f3"/>
      </object_component>
      <object_component id="oc-3a0">
         <name>.text:SysCtlPeripheralReady</name>
         <load_address>0x55ac</load_address>
         <run_address>0x55ac</run_address>
         <size>0x38</size>
         <input_file_ref idref="fl-f9"/>
      </object_component>
      <object_component id="oc-68">
         <name>.text:_c_int00_noargs</name>
         <load_address>0x55e4</load_address>
         <run_address>0x55e4</run_address>
         <size>0x38</size>
         <input_file_ref idref="fl-d1"/>
      </object_component>
      <object_component id="oc-269">
         <name>.text</name>
         <load_address>0x561c</load_address>
         <run_address>0x561c</run_address>
         <size>0x38</size>
         <input_file_ref idref="fl-ca"/>
      </object_component>
      <object_component id="oc-1df">
         <name>.text:IntRegister</name>
         <load_address>0x5654</load_address>
         <run_address>0x5654</run_address>
         <size>0x34</size>
         <input_file_ref idref="fl-f6"/>
      </object_component>
      <object_component id="oc-9c">
         <name>.text:SysCtlPeripheralEnable</name>
         <load_address>0x5688</load_address>
         <run_address>0x5688</run_address>
         <size>0x34</size>
         <input_file_ref idref="fl-f9"/>
      </object_component>
      <object_component id="oc-3f7">
         <name>.text</name>
         <load_address>0x56bc</load_address>
         <run_address>0x56bc</run_address>
         <size>0x2e</size>
         <input_file_ref idref="fl-ef"/>
      </object_component>
      <object_component id="oc-1d0">
         <name>.text:GPIODirModeSet</name>
         <load_address>0x56ea</load_address>
         <run_address>0x56ea</run_address>
         <size>0x2c</size>
         <input_file_ref idref="fl-f5"/>
      </object_component>
      <object_component id="oc-1ea">
         <name>.text:_CANDataRegRead</name>
         <load_address>0x5716</load_address>
         <run_address>0x5716</run_address>
         <size>0x2a</size>
         <input_file_ref idref="fl-f3"/>
      </object_component>
      <object_component id="oc-1f1">
         <name>.text:_CANDataRegWrite</name>
         <load_address>0x5740</load_address>
         <run_address>0x5740</run_address>
         <size>0x24</size>
         <input_file_ref idref="fl-f3"/>
      </object_component>
      <object_component id="oc-95">
         <name>.text:CANIntClear</name>
         <load_address>0x5764</load_address>
         <run_address>0x5764</run_address>
         <size>0x22</size>
         <input_file_ref idref="fl-f3"/>
      </object_component>
      <object_component id="oc-251">
         <name>.text:PWMGenConfigure</name>
         <load_address>0x5786</load_address>
         <run_address>0x5786</run_address>
         <size>0x22</size>
         <input_file_ref idref="fl-f7"/>
      </object_component>
      <object_component id="oc-89">
         <name>.text:CANIntStatus</name>
         <load_address>0x57a8</load_address>
         <run_address>0x57a8</run_address>
         <size>0x20</size>
         <input_file_ref idref="fl-f3"/>
      </object_component>
      <object_component id="oc-224">
         <name>.text:UARTDisable</name>
         <load_address>0x57c8</load_address>
         <run_address>0x57c8</run_address>
         <size>0x20</size>
         <input_file_ref idref="fl-fb"/>
      </object_component>
      <object_component id="oc-2b0">
         <name>.text</name>
         <load_address>0x57e8</load_address>
         <run_address>0x57e8</run_address>
         <size>0x20</size>
         <input_file_ref idref="fl-cb"/>
      </object_component>
      <object_component id="oc-23f">
         <name>.text:PWMPulseWidthSet</name>
         <load_address>0x5808</load_address>
         <run_address>0x5808</run_address>
         <size>0x1e</size>
         <input_file_ref idref="fl-f7"/>
      </object_component>
      <object_component id="oc-419">
         <name>.text</name>
         <load_address>0x5826</load_address>
         <run_address>0x5826</run_address>
         <size>0x1c</size>
         <input_file_ref idref="fl-df"/>
      </object_component>
      <object_component id="oc-b4">
         <name>.text:GPIOIntRegister</name>
         <load_address>0x5842</load_address>
         <run_address>0x5842</run_address>
         <size>0x18</size>
         <input_file_ref idref="fl-f5"/>
      </object_component>
      <object_component id="oc-c0">
         <name>.text:GPIOPinTypeGPIOOutput</name>
         <load_address>0x585a</load_address>
         <run_address>0x585a</run_address>
         <size>0x18</size>
         <input_file_ref idref="fl-f5"/>
      </object_component>
      <object_component id="oc-4ed">
         <name>.text</name>
         <load_address>0x5872</load_address>
         <run_address>0x5872</run_address>
         <size>0x18</size>
         <input_file_ref idref="fl-f0"/>
      </object_component>
      <object_component id="oc-493">
         <name>.text</name>
         <load_address>0x588a</load_address>
         <run_address>0x588a</run_address>
         <size>0x18</size>
         <input_file_ref idref="fl-e3"/>
      </object_component>
      <object_component id="oc-e4">
         <name>.text:GPIOPinTypeCAN</name>
         <load_address>0x58a2</load_address>
         <run_address>0x58a2</run_address>
         <size>0x16</size>
         <input_file_ref idref="fl-f5"/>
      </object_component>
      <object_component id="oc-a2">
         <name>.text:GPIOPinTypeGPIOInput</name>
         <load_address>0x58b8</load_address>
         <run_address>0x58b8</run_address>
         <size>0x16</size>
         <input_file_ref idref="fl-f5"/>
      </object_component>
      <object_component id="oc-24b">
         <name>.text:GPIOPinTypePWM</name>
         <load_address>0x58ce</load_address>
         <run_address>0x58ce</run_address>
         <size>0x16</size>
         <input_file_ref idref="fl-f5"/>
      </object_component>
      <object_component id="oc-292">
         <name>.text:GPIOPinTypeQEI</name>
         <load_address>0x58e4</load_address>
         <run_address>0x58e4</run_address>
         <size>0x16</size>
         <input_file_ref idref="fl-f5"/>
      </object_component>
      <object_component id="oc-12f">
         <name>.text:GPIOPinTypeUART</name>
         <load_address>0x58fa</load_address>
         <run_address>0x58fa</run_address>
         <size>0x16</size>
         <input_file_ref idref="fl-f5"/>
      </object_component>
      <object_component id="oc-40d">
         <name>.text</name>
         <load_address>0x5910</load_address>
         <run_address>0x5910</run_address>
         <size>0x16</size>
         <input_file_ref idref="fl-e0"/>
      </object_component>
      <object_component id="oc-245">
         <name>.text:SysCtlPWMClockSet</name>
         <load_address>0x5928</load_address>
         <run_address>0x5928</run_address>
         <size>0x14</size>
         <input_file_ref idref="fl-f9"/>
      </object_component>
      <object_component id="oc-22a">
         <name>.text:UARTEnable</name>
         <load_address>0x593c</load_address>
         <run_address>0x593c</run_address>
         <size>0x14</size>
         <input_file_ref idref="fl-fb"/>
      </object_component>
      <object_component id="oc-47a">
         <name>.text</name>
         <load_address>0x5950</load_address>
         <run_address>0x5950</run_address>
         <size>0x14</size>
         <input_file_ref idref="fl-eb"/>
      </object_component>
      <object_component id="oc-4bc">
         <name>.text</name>
         <load_address>0x5964</load_address>
         <run_address>0x5964</run_address>
         <size>0x14</size>
         <input_file_ref idref="fl-e1"/>
      </object_component>
      <object_component id="oc-3e1">
         <name>.text</name>
         <load_address>0x5978</load_address>
         <run_address>0x5978</run_address>
         <size>0x14</size>
         <input_file_ref idref="fl-e2"/>
      </object_component>
      <object_component id="oc-263">
         <name>.text:PWMOutputState</name>
         <load_address>0x598c</load_address>
         <run_address>0x598c</run_address>
         <size>0x12</size>
         <input_file_ref idref="fl-f7"/>
      </object_component>
      <object_component id="oc-161">
         <name>.text:TimerLoadSet</name>
         <load_address>0x599e</load_address>
         <run_address>0x599e</run_address>
         <size>0x12</size>
         <input_file_ref idref="fl-fa"/>
      </object_component>
      <object_component id="oc-56">
         <name>.text:decompress:ZI:__TI_zero_init_nomemset</name>
         <load_address>0x59b0</load_address>
         <run_address>0x59b0</run_address>
         <size>0x12</size>
         <input_file_ref idref="fl-cc"/>
      </object_component>
      <object_component id="oc-38e">
         <name>.text:FPUEnable</name>
         <load_address>0x59c4</load_address>
         <run_address>0x59c4</run_address>
         <size>0x10</size>
         <input_file_ref idref="fl-f4"/>
      </object_component>
      <object_component id="oc-388">
         <name>.text:FPULazyStackingEnable</name>
         <load_address>0x59d4</load_address>
         <run_address>0x59d4</run_address>
         <size>0x10</size>
         <input_file_ref idref="fl-f4"/>
      </object_component>
      <object_component id="oc-394">
         <name>.text:IntMasterEnable</name>
         <load_address>0x59e4</load_address>
         <run_address>0x59e4</run_address>
         <size>0x10</size>
         <input_file_ref idref="fl-f6"/>
      </object_component>
      <object_component id="oc-257">
         <name>.text:PWMGenPeriodSet</name>
         <load_address>0x59f4</load_address>
         <run_address>0x59f4</run_address>
         <size>0x10</size>
         <input_file_ref idref="fl-f7"/>
      </object_component>
      <object_component id="oc-2ba">
         <name>.text:QEIVelocityConfigure</name>
         <load_address>0x5a04</load_address>
         <run_address>0x5a04</run_address>
         <size>0x10</size>
         <input_file_ref idref="fl-f8"/>
      </object_component>
      <object_component id="oc-cc">
         <name>.text:GPIOIntDisable</name>
         <load_address>0x5a14</load_address>
         <run_address>0x5a14</run_address>
         <size>0xe</size>
         <input_file_ref idref="fl-f5"/>
      </object_component>
      <object_component id="oc-7d">
         <name>.text:GPIOIntStatus</name>
         <load_address>0x5a22</load_address>
         <run_address>0x5a22</run_address>
         <size>0xe</size>
         <input_file_ref idref="fl-f5"/>
      </object_component>
      <object_component id="oc-2a4">
         <name>.text:QEIConfigure</name>
         <load_address>0x5a30</load_address>
         <run_address>0x5a30</run_address>
         <size>0xe</size>
         <input_file_ref idref="fl-f8"/>
      </object_component>
      <object_component id="oc-16d">
         <name>.text:TimerEnable</name>
         <load_address>0x5a3e</load_address>
         <run_address>0x5a3e</run_address>
         <size>0xe</size>
         <input_file_ref idref="fl-fa"/>
      </object_component>
      <object_component id="oc-14d">
         <name>.text:UARTCharsAvail</name>
         <load_address>0x5a4c</load_address>
         <run_address>0x5a4c</run_address>
         <size>0xe</size>
         <input_file_ref idref="fl-fb"/>
      </object_component>
      <object_component id="oc-18">
         <name>.text:decompress:none</name>
         <load_address>0x5a5a</load_address>
         <run_address>0x5a5a</run_address>
         <size>0xe</size>
         <input_file_ref idref="fl-cd"/>
      </object_component>
      <object_component id="oc-435">
         <name>.text:CPUcpsie</name>
         <load_address>0x5a68</load_address>
         <run_address>0x5a68</run_address>
         <size>0xc</size>
         <input_file_ref idref="fl-fc"/>
      </object_component>
      <object_component id="oc-ba">
         <name>.text:GPIOIntEnable</name>
         <load_address>0x5a74</load_address>
         <run_address>0x5a74</run_address>
         <size>0xc</size>
         <input_file_ref idref="fl-f5"/>
      </object_component>
      <object_component id="oc-25d">
         <name>.text:PWMGenEnable</name>
         <load_address>0x5a80</load_address>
         <run_address>0x5a80</run_address>
         <size>0xc</size>
         <input_file_ref idref="fl-f7"/>
      </object_component>
      <object_component id="oc-24">
         <name>.text</name>
         <load_address>0x5a8c</load_address>
         <run_address>0x5a8c</run_address>
         <size>0xc</size>
         <input_file_ref idref="fl-a"/>
      </object_component>
      <object_component id="oc-108">
         <name>.text:CANEnable</name>
         <load_address>0x5a98</load_address>
         <run_address>0x5a98</run_address>
         <size>0xa</size>
         <input_file_ref idref="fl-f3"/>
      </object_component>
      <object_component id="oc-298">
         <name>.text:QEIDisable</name>
         <load_address>0x5aa2</load_address>
         <run_address>0x5aa2</run_address>
         <size>0xa</size>
         <input_file_ref idref="fl-f8"/>
      </object_component>
      <object_component id="oc-2aa">
         <name>.text:QEIEnable</name>
         <load_address>0x5aac</load_address>
         <run_address>0x5aac</run_address>
         <size>0xa</size>
         <input_file_ref idref="fl-f8"/>
      </object_component>
      <object_component id="oc-29e">
         <name>.text:QEIIntDisable</name>
         <load_address>0x5ab6</load_address>
         <run_address>0x5ab6</run_address>
         <size>0xa</size>
         <input_file_ref idref="fl-f8"/>
      </object_component>
      <object_component id="oc-2c0">
         <name>.text:QEIVelocityEnable</name>
         <load_address>0x5ac0</load_address>
         <run_address>0x5ac0</run_address>
         <size>0xa</size>
         <input_file_ref idref="fl-f8"/>
      </object_component>
      <object_component id="oc-147">
         <name>.text:UARTCharGet</name>
         <load_address>0x5aca</load_address>
         <run_address>0x5aca</run_address>
         <size>0xa</size>
         <input_file_ref idref="fl-fb"/>
      </object_component>
      <object_component id="oc-153">
         <name>.text:UARTCharPut</name>
         <load_address>0x5ad4</load_address>
         <run_address>0x5ad4</run_address>
         <size>0xa</size>
         <input_file_ref idref="fl-fb"/>
      </object_component>
      <object_component id="oc-13b">
         <name>.text:UARTIntStatus</name>
         <load_address>0x5ade</load_address>
         <run_address>0x5ade</run_address>
         <size>0xa</size>
         <input_file_ref idref="fl-fb"/>
      </object_component>
      <object_component id="oc-fc">
         <name>.text:CANIntEnable</name>
         <load_address>0x5ae8</load_address>
         <run_address>0x5ae8</run_address>
         <size>0x8</size>
         <input_file_ref idref="fl-f3"/>
      </object_component>
      <object_component id="oc-167">
         <name>.text:TimerIntEnable</name>
         <load_address>0x5af0</load_address>
         <run_address>0x5af0</run_address>
         <size>0x8</size>
         <input_file_ref idref="fl-fa"/>
      </object_component>
      <object_component id="oc-39a">
         <name>.text:UARTIntEnable</name>
         <load_address>0x5af8</load_address>
         <run_address>0x5af8</run_address>
         <size>0x8</size>
         <input_file_ref idref="fl-fb"/>
      </object_component>
      <object_component id="oc-83">
         <name>.text:GPIOIntClear</name>
         <load_address>0x5b00</load_address>
         <run_address>0x5b00</run_address>
         <size>0x6</size>
         <input_file_ref idref="fl-f5"/>
      </object_component>
      <object_component id="oc-c6">
         <name>.text:GPIOPinWrite</name>
         <load_address>0x5b06</load_address>
         <run_address>0x5b06</run_address>
         <size>0x6</size>
         <input_file_ref idref="fl-f5"/>
      </object_component>
      <object_component id="oc-9b">
         <name>.text:SysCtlDelay</name>
         <load_address>0x5b0c</load_address>
         <run_address>0x5b0c</run_address>
         <size>0x6</size>
         <input_file_ref idref="fl-f9"/>
      </object_component>
      <object_component id="oc-283">
         <name>.text:QEIPositionGet</name>
         <load_address>0x5b12</load_address>
         <run_address>0x5b12</run_address>
         <size>0x4</size>
         <input_file_ref idref="fl-f8"/>
      </object_component>
      <object_component id="oc-289">
         <name>.text:QEIPositionSet</name>
         <load_address>0x5b16</load_address>
         <run_address>0x5b16</run_address>
         <size>0x4</size>
         <input_file_ref idref="fl-f8"/>
      </object_component>
      <object_component id="oc-27d">
         <name>.text:QEIVelocityGet</name>
         <load_address>0x5b1a</load_address>
         <run_address>0x5b1a</run_address>
         <size>0x4</size>
         <input_file_ref idref="fl-f8"/>
      </object_component>
      <object_component id="oc-173">
         <name>.text:TimerIntClear</name>
         <load_address>0x5b1e</load_address>
         <run_address>0x5b1e</run_address>
         <size>0x4</size>
         <input_file_ref idref="fl-fa"/>
      </object_component>
      <object_component id="oc-141">
         <name>.text:UARTIntClear</name>
         <load_address>0x5b22</load_address>
         <run_address>0x5b22</run_address>
         <size>0x4</size>
         <input_file_ref idref="fl-fb"/>
      </object_component>
      <object_component id="oc-2f0">
         <name>.text:abort</name>
         <load_address>0x5b26</load_address>
         <run_address>0x5b26</run_address>
         <size>0x4</size>
         <input_file_ref idref="fl-d7"/>
      </object_component>
      <object_component id="oc-1aa">
         <name>.text</name>
         <load_address>0x5b2a</load_address>
         <run_address>0x5b2a</run_address>
         <size>0x4</size>
         <input_file_ref idref="fl-d5"/>
      </object_component>
      <object_component id="oc-444">
         <name>.const:.string:_ctypes_</name>
         <load_address>0x5b30</load_address>
         <run_address>0x5b30</run_address>
         <size>0x101</size>
         <input_file_ref idref="fl-dd"/>
      </object_component>
      <object_component id="oc-4f6">
         <name>.const:$O1$$</name>
         <load_address>0x5c38</load_address>
         <run_address>0x5c38</run_address>
         <size>0xc8</size>
         <input_file_ref idref="fl-e4"/>
      </object_component>
      <object_component id="oc-339">
         <name>.const:g_ppui32GPIOIntMapBlizzard</name>
         <load_address>0x5d00</load_address>
         <run_address>0x5d00</run_address>
         <size>0xc0</size>
         <input_file_ref idref="fl-f5"/>
      </object_component>
      <object_component id="oc-33c">
         <name>.const:g_ppui32GPIOIntMapSnowflake</name>
         <load_address>0x5dc0</load_address>
         <run_address>0x5dc0</run_address>
         <size>0xc0</size>
         <input_file_ref idref="fl-f5"/>
      </object_component>
      <object_component id="oc-1f8">
         <name>.const:g_pui32GPIOBaseAddrs</name>
         <load_address>0x5e80</load_address>
         <run_address>0x5e80</run_address>
         <size>0x90</size>
         <input_file_ref idref="fl-f5"/>
      </object_component>
      <object_component id="oc-1fe">
         <name>.const:g_pui32Xtals</name>
         <load_address>0x5f10</load_address>
         <run_address>0x5f10</run_address>
         <size>0x6c</size>
         <input_file_ref idref="fl-f9"/>
      </object_component>
      <object_component id="oc-2c8">
         <name>.const:$P$T0$1</name>
         <load_address>0x5f7c</load_address>
         <run_address>0x5f7c</run_address>
         <size>0x30</size>
         <input_file_ref idref="fl-4"/>
      </object_component>
      <object_component id="oc-202">
         <name>.const:g_ui16CANBitValues</name>
         <load_address>0x5fac</load_address>
         <run_address>0x5fac</run_address>
         <size>0x20</size>
         <input_file_ref idref="fl-f3"/>
      </object_component>
      <object_component id="oc-207">
         <name>.const:g_pui32EnRegs</name>
         <load_address>0x5fcc</load_address>
         <run_address>0x5fcc</run_address>
         <size>0x14</size>
         <input_file_ref idref="fl-f6"/>
      </object_component>
      <object_component id="oc-4c2">
         <name>.const:$O1$$</name>
         <load_address>0x5fe0</load_address>
         <run_address>0x5fe0</run_address>
         <size>0x10</size>
         <input_file_ref idref="fl-da"/>
      </object_component>
      <object_component id="oc-542">
         <name>.cinit..data.load</name>
         <load_address>0x5ff0</load_address>
         <run_address>0x5ff0</run_address>
         <size>0x16</size>
      </object_component>
      <object_component id="oc-53f">
         <name>__TI_handler_table</name>
         <load_address>0x6008</load_address>
         <run_address>0x6008</run_address>
         <size>0xc</size>
      </object_component>
      <object_component id="oc-543">
         <name>.cinit..bss.load</name>
         <load_address>0x6018</load_address>
         <run_address>0x6018</run_address>
         <size>0x8</size>
      </object_component>
      <object_component id="oc-541">
         <name>.cinit..vtable.load</name>
         <load_address>0x6020</load_address>
         <run_address>0x6020</run_address>
         <size>0x8</size>
      </object_component>
      <object_component id="oc-540">
         <name>__TI_cinit_table</name>
         <load_address>0x6028</load_address>
         <run_address>0x6028</run_address>
         <size>0x18</size>
      </object_component>
      <object_component id="oc-340">
         <name>.vtable</name>
         <uninitialized>true</uninitialized>
         <run_address>0x20000000</run_address>
         <size>0x26c</size>
         <input_file_ref idref="fl-f6"/>
      </object_component>
      <object_component id="oc-10e">
         <name>.data</name>
         <load_address>0x20000938</load_address>
         <run_address>0x20000938</run_address>
         <size>0x16</size>
         <input_file_ref idref="fl-2"/>
      </object_component>
      <object_component id="oc-28f">
         <name>.data:stateTable</name>
         <load_address>0x20000954</load_address>
         <run_address>0x20000954</run_address>
         <size>0x4</size>
         <input_file_ref idref="fl-7"/>
      </object_component>
      <object_component id="oc-185">
         <name>.data</name>
         <load_address>0x20000958</load_address>
         <run_address>0x20000958</run_address>
         <size>0x4</size>
         <input_file_ref idref="fl-9"/>
      </object_component>
      <object_component id="oc-480">
         <name>.data</name>
         <load_address>0x20000950</load_address>
         <run_address>0x20000950</run_address>
         <size>0x4</size>
         <input_file_ref idref="fl-f2"/>
      </object_component>
      <object_component id="oc-120">
         <name>.common:sCANMessageTX</name>
         <uninitialized>true</uninitialized>
         <run_address>0x200008d8</run_address>
         <size>0x14</size>
      </object_component>
      <object_component id="oc-122">
         <name>.common:pui8MsgDataTX</name>
         <uninitialized>true</uninitialized>
         <run_address>0x20000934</run_address>
         <size>0x4</size>
      </object_component>
      <object_component id="oc-121">
         <name>.common:ui8MsgDataTX</name>
         <uninitialized>true</uninitialized>
         <run_address>0x20000914</run_address>
         <size>0x8</size>
      </object_component>
      <object_component id="oc-111">
         <name>.common:sCANMessageRX</name>
         <uninitialized>true</uninitialized>
         <run_address>0x200008c4</run_address>
         <size>0x14</size>
      </object_component>
      <object_component id="oc-123">
         <name>.common:pui8MsgDataRX</name>
         <uninitialized>true</uninitialized>
         <run_address>0x20000930</run_address>
         <size>0x4</size>
      </object_component>
      <object_component id="oc-11c">
         <name>.common:ui8MsgDataRX</name>
         <uninitialized>true</uninitialized>
         <run_address>0x2000090c</run_address>
         <size>0x8</size>
      </object_component>
      <object_component id="oc-11d">
         <name>.common:currMode</name>
         <uninitialized>true</uninitialized>
         <run_address>0x2000091c</run_address>
         <size>0x4</size>
      </object_component>
      <object_component id="oc-11e">
         <name>.common:desiredAngle1</name>
         <uninitialized>true</uninitialized>
         <run_address>0x20000920</run_address>
         <size>0x4</size>
      </object_component>
      <object_component id="oc-11f">
         <name>.common:desiredAngle2</name>
         <uninitialized>true</uninitialized>
         <run_address>0x20000924</run_address>
         <size>0x4</size>
      </object_component>
      <object_component id="oc-188">
         <name>.common:desiredPos1</name>
         <uninitialized>true</uninitialized>
         <run_address>0x20000928</run_address>
         <size>0x4</size>
      </object_component>
      <object_component id="oc-3ae">
         <name>.common:desiredPos2</name>
         <uninitialized>true</uninitialized>
         <run_address>0x2000092c</run_address>
         <size>0x4</size>
      </object_component>
      <object_component id="oc-18b">
         <name>.common:motor_pid1</name>
         <uninitialized>true</uninitialized>
         <run_address>0x20000870</run_address>
         <size>0x1c</size>
      </object_component>
      <object_component id="oc-2ed">
         <name>.common:motor_pid2</name>
         <uninitialized>true</uninitialized>
         <run_address>0x2000088c</run_address>
         <size>0x1c</size>
      </object_component>
      <object_component id="oc-2ee">
         <name>.common:motor_vel_pid1</name>
         <uninitialized>true</uninitialized>
         <run_address>0x200008a8</run_address>
         <size>0x1c</size>
      </object_component>
      <object_component id="oc-2c6">
         <name>.common:counts1</name>
         <uninitialized>true</uninitialized>
         <run_address>0x200008ec</run_address>
         <size>0x10</size>
      </object_component>
      <object_component id="oc-3ad">
         <name>.common:counts2</name>
         <uninitialized>true</uninitialized>
         <run_address>0x200008fc</run_address>
         <size>0x10</size>
      </object_component>
      <object_component id="oc-21">
         <name>.stack</name>
         <uninitialized>true</uninitialized>
         <run_address>0x20000270</run_address>
         <size>0x4</size>
         <input_file_ref idref="fl-d1"/>
      </object_component>
      <object_component id="oc-544">
         <name>.stack</name>
         <uninitialized>true</uninitialized>
         <run_address>0x20000270</run_address>
         <size>0x0</size>
      </object_component>
      <object_component id="oc-112">
         <name>.debug_info</name>
         <load_address>0x0</load_address>
         <run_address>0x0</run_address>
         <size>0x97d</size>
         <input_file_ref idref="fl-2"/>
      </object_component>
      <object_component id="oc-10f">
         <name>.debug_info</name>
         <load_address>0x97d</load_address>
         <run_address>0x97d</run_address>
         <size>0x1c9</size>
         <input_file_ref idref="fl-2"/>
      </object_component>
      <object_component id="oc-2b">
         <name>.debug_info</name>
         <load_address>0xb46</load_address>
         <run_address>0xb46</run_address>
         <size>0x870</size>
         <input_file_ref idref="fl-2"/>
      </object_component>
      <object_component id="oc-1c6">
         <name>.debug_info</name>
         <load_address>0x13b6</load_address>
         <run_address>0x13b6</run_address>
         <size>0x1b3</size>
         <input_file_ref idref="fl-2"/>
      </object_component>
      <object_component id="oc-21a">
         <name>.debug_info</name>
         <load_address>0x1569</load_address>
         <run_address>0x1569</run_address>
         <size>0x129</size>
         <input_file_ref idref="fl-2"/>
      </object_component>
      <object_component id="oc-12a">
         <name>.debug_info</name>
         <load_address>0x1692</load_address>
         <run_address>0x1692</run_address>
         <size>0x8b</size>
         <input_file_ref idref="fl-2"/>
      </object_component>
      <object_component id="oc-125">
         <name>.debug_info</name>
         <load_address>0x171d</load_address>
         <run_address>0x171d</run_address>
         <size>0x18b</size>
         <input_file_ref idref="fl-2"/>
      </object_component>
      <object_component id="oc-37d">
         <name>.debug_info</name>
         <load_address>0x18a8</load_address>
         <run_address>0x18a8</run_address>
         <size>0x4e</size>
         <input_file_ref idref="fl-2"/>
      </object_component>
      <object_component id="oc-114">
         <name>.debug_info</name>
         <load_address>0x18f6</load_address>
         <run_address>0x18f6</run_address>
         <size>0x613</size>
         <input_file_ref idref="fl-3"/>
      </object_component>
      <object_component id="oc-213">
         <name>.debug_info</name>
         <load_address>0x1f09</load_address>
         <run_address>0x1f09</run_address>
         <size>0x19f</size>
         <input_file_ref idref="fl-3"/>
      </object_component>
      <object_component id="oc-116">
         <name>.debug_info</name>
         <load_address>0x20a8</load_address>
         <run_address>0x20a8</run_address>
         <size>0x5c8</size>
         <input_file_ref idref="fl-4"/>
      </object_component>
      <object_component id="oc-2c9">
         <name>.debug_info</name>
         <load_address>0x2670</load_address>
         <run_address>0x2670</run_address>
         <size>0xd5</size>
         <input_file_ref idref="fl-4"/>
      </object_component>
      <object_component id="oc-182">
         <name>.debug_info</name>
         <load_address>0x2745</load_address>
         <run_address>0x2745</run_address>
         <size>0xf97</size>
         <input_file_ref idref="fl-4"/>
      </object_component>
      <object_component id="oc-45">
         <name>.debug_info</name>
         <load_address>0x36dc</load_address>
         <run_address>0x36dc</run_address>
         <size>0x84</size>
         <input_file_ref idref="fl-4"/>
      </object_component>
      <object_component id="oc-118">
         <name>.debug_info</name>
         <load_address>0x3760</load_address>
         <run_address>0x3760</run_address>
         <size>0x6d0</size>
         <input_file_ref idref="fl-5"/>
      </object_component>
      <object_component id="oc-1b4">
         <name>.debug_info</name>
         <load_address>0x3e30</load_address>
         <run_address>0x3e30</run_address>
         <size>0x1a2</size>
         <input_file_ref idref="fl-5"/>
      </object_component>
      <object_component id="oc-189">
         <name>.debug_info</name>
         <load_address>0x3fd2</load_address>
         <run_address>0x3fd2</run_address>
         <size>0x507</size>
         <input_file_ref idref="fl-6"/>
      </object_component>
      <object_component id="oc-2e8">
         <name>.debug_info</name>
         <load_address>0x44d9</load_address>
         <run_address>0x44d9</run_address>
         <size>0x31b</size>
         <input_file_ref idref="fl-6"/>
      </object_component>
      <object_component id="oc-368">
         <name>.debug_info</name>
         <load_address>0x47f4</load_address>
         <run_address>0x47f4</run_address>
         <size>0x75f</size>
         <input_file_ref idref="fl-7"/>
      </object_component>
      <object_component id="oc-290">
         <name>.debug_info</name>
         <load_address>0x4f53</load_address>
         <run_address>0x4f53</run_address>
         <size>0xd9</size>
         <input_file_ref idref="fl-7"/>
      </object_component>
      <object_component id="oc-17d">
         <name>.debug_info</name>
         <load_address>0x502c</load_address>
         <run_address>0x502c</run_address>
         <size>0xd9c</size>
         <input_file_ref idref="fl-7"/>
      </object_component>
      <object_component id="oc-11a">
         <name>.debug_info</name>
         <load_address>0x5dc8</load_address>
         <run_address>0x5dc8</run_address>
         <size>0x741</size>
         <input_file_ref idref="fl-8"/>
      </object_component>
      <object_component id="oc-2d3">
         <name>.debug_info</name>
         <load_address>0x6509</load_address>
         <run_address>0x6509</run_address>
         <size>0x3dd</size>
         <input_file_ref idref="fl-8"/>
      </object_component>
      <object_component id="oc-186">
         <name>.debug_info</name>
         <load_address>0x68e6</load_address>
         <run_address>0x68e6</run_address>
         <size>0xd3</size>
         <input_file_ref idref="fl-9"/>
      </object_component>
      <object_component id="oc-37">
         <name>.debug_info</name>
         <load_address>0x69b9</load_address>
         <run_address>0x69b9</run_address>
         <size>0x260</size>
         <input_file_ref idref="fl-9"/>
      </object_component>
      <object_component id="oc-3e">
         <name>.debug_info</name>
         <load_address>0x6c19</load_address>
         <run_address>0x6c19</run_address>
         <size>0x333</size>
         <input_file_ref idref="fl-a"/>
      </object_component>
      <object_component id="oc-10">
         <name>.debug_info</name>
         <load_address>0x6f4c</load_address>
         <run_address>0x6f4c</run_address>
         <size>0xf0</size>
         <input_file_ref idref="fl-a"/>
      </object_component>
      <object_component id="oc-27">
         <name>.debug_info</name>
         <load_address>0x703c</load_address>
         <run_address>0x703c</run_address>
         <size>0x26c</size>
         <input_file_ref idref="fl-a"/>
      </object_component>
      <object_component id="oc-15a">
         <name>.debug_info</name>
         <load_address>0x72a8</load_address>
         <run_address>0x72a8</run_address>
         <size>0x506</size>
         <input_file_ref idref="fl-b"/>
      </object_component>
      <object_component id="oc-31">
         <name>.debug_info</name>
         <load_address>0x77ae</load_address>
         <run_address>0x77ae</run_address>
         <size>0x43d</size>
         <input_file_ref idref="fl-b"/>
      </object_component>
      <object_component id="oc-271">
         <name>.debug_info</name>
         <load_address>0x7beb</load_address>
         <run_address>0x7beb</run_address>
         <size>0x132</size>
         <input_file_ref idref="fl-c6"/>
      </object_component>
      <object_component id="oc-274">
         <name>.debug_info</name>
         <load_address>0x7d1d</load_address>
         <run_address>0x7d1d</run_address>
         <size>0x132</size>
         <input_file_ref idref="fl-c7"/>
      </object_component>
      <object_component id="oc-27a">
         <name>.debug_info</name>
         <load_address>0x7e4f</load_address>
         <run_address>0x7e4f</run_address>
         <size>0x126</size>
         <input_file_ref idref="fl-c8"/>
      </object_component>
      <object_component id="oc-2b6">
         <name>.debug_info</name>
         <load_address>0x7f75</load_address>
         <run_address>0x7f75</run_address>
         <size>0x131</size>
         <input_file_ref idref="fl-c9"/>
      </object_component>
      <object_component id="oc-26c">
         <name>.debug_info</name>
         <load_address>0x80a6</load_address>
         <run_address>0x80a6</run_address>
         <size>0x124</size>
         <input_file_ref idref="fl-ca"/>
      </object_component>
      <object_component id="oc-2b2">
         <name>.debug_info</name>
         <load_address>0x81ca</load_address>
         <run_address>0x81ca</run_address>
         <size>0x126</size>
         <input_file_ref idref="fl-cb"/>
      </object_component>
      <object_component id="oc-1a3">
         <name>.debug_info</name>
         <load_address>0x82f0</load_address>
         <run_address>0x82f0</run_address>
         <size>0x2c9</size>
         <input_file_ref idref="fl-cc"/>
      </object_component>
      <object_component id="oc-57">
         <name>.debug_info</name>
         <load_address>0x85b9</load_address>
         <run_address>0x85b9</run_address>
         <size>0x1b4</size>
         <input_file_ref idref="fl-cc"/>
      </object_component>
      <object_component id="oc-19e">
         <name>.debug_info</name>
         <load_address>0x876d</load_address>
         <run_address>0x876d</run_address>
         <size>0x46</size>
         <input_file_ref idref="fl-cc"/>
      </object_component>
      <object_component id="oc-2de">
         <name>.debug_info</name>
         <load_address>0x87b3</load_address>
         <run_address>0x87b3</run_address>
         <size>0x2c</size>
         <input_file_ref idref="fl-cc"/>
      </object_component>
      <object_component id="oc-55">
         <name>.debug_info</name>
         <load_address>0x87df</load_address>
         <run_address>0x87df</run_address>
         <size>0x2e4</size>
         <input_file_ref idref="fl-cd"/>
      </object_component>
      <object_component id="oc-1a">
         <name>.debug_info</name>
         <load_address>0x8ac3</load_address>
         <run_address>0x8ac3</run_address>
         <size>0x1df</size>
         <input_file_ref idref="fl-cd"/>
      </object_component>
      <object_component id="oc-50">
         <name>.debug_info</name>
         <load_address>0x8ca2</load_address>
         <run_address>0x8ca2</run_address>
         <size>0x46</size>
         <input_file_ref idref="fl-cd"/>
      </object_component>
      <object_component id="oc-196">
         <name>.debug_info</name>
         <load_address>0x8ce8</load_address>
         <run_address>0x8ce8</run_address>
         <size>0x2c</size>
         <input_file_ref idref="fl-cd"/>
      </object_component>
      <object_component id="oc-194">
         <name>.debug_info</name>
         <load_address>0x8d14</load_address>
         <run_address>0x8d14</run_address>
         <size>0x293</size>
         <input_file_ref idref="fl-ce"/>
      </object_component>
      <object_component id="oc-13">
         <name>.debug_info</name>
         <load_address>0x8fa7</load_address>
         <run_address>0x8fa7</run_address>
         <size>0x245</size>
         <input_file_ref idref="fl-ce"/>
      </object_component>
      <object_component id="oc-40">
         <name>.debug_info</name>
         <load_address>0x91ec</load_address>
         <run_address>0x91ec</run_address>
         <size>0x60</size>
         <input_file_ref idref="fl-ce"/>
      </object_component>
      <object_component id="oc-18f">
         <name>.debug_info</name>
         <load_address>0x924c</load_address>
         <run_address>0x924c</run_address>
         <size>0x46</size>
         <input_file_ref idref="fl-ce"/>
      </object_component>
      <object_component id="oc-37c">
         <name>.debug_info</name>
         <load_address>0x9292</load_address>
         <run_address>0x9292</run_address>
         <size>0x364</size>
         <input_file_ref idref="fl-cf"/>
      </object_component>
      <object_component id="oc-2cf">
         <name>.debug_info</name>
         <load_address>0x95f6</load_address>
         <run_address>0x95f6</run_address>
         <size>0x2e4</size>
         <input_file_ref idref="fl-cf"/>
      </object_component>
      <object_component id="oc-42b">
         <name>.debug_info</name>
         <load_address>0x98da</load_address>
         <run_address>0x98da</run_address>
         <size>0x2c</size>
         <input_file_ref idref="fl-cf"/>
      </object_component>
      <object_component id="oc-448">
         <name>.debug_info</name>
         <load_address>0x9906</load_address>
         <run_address>0x9906</run_address>
         <size>0x36f</size>
         <input_file_ref idref="fl-d0"/>
      </object_component>
      <object_component id="oc-3aa">
         <name>.debug_info</name>
         <load_address>0x9c75</load_address>
         <run_address>0x9c75</run_address>
         <size>0x40a</size>
         <input_file_ref idref="fl-d0"/>
      </object_component>
      <object_component id="oc-22">
         <name>.debug_info</name>
         <load_address>0xa07f</load_address>
         <run_address>0xa07f</run_address>
         <size>0x100</size>
         <input_file_ref idref="fl-d1"/>
      </object_component>
      <object_component id="oc-6b">
         <name>.debug_info</name>
         <load_address>0xa17f</load_address>
         <run_address>0xa17f</run_address>
         <size>0x1a4</size>
         <input_file_ref idref="fl-d1"/>
      </object_component>
      <object_component id="oc-4b">
         <name>.debug_info</name>
         <load_address>0xa323</load_address>
         <run_address>0xa323</run_address>
         <size>0x111</size>
         <input_file_ref idref="fl-d2"/>
      </object_component>
      <object_component id="oc-1a6">
         <name>.debug_info</name>
         <load_address>0xa434</load_address>
         <run_address>0xa434</run_address>
         <size>0x13f</size>
         <input_file_ref idref="fl-d3"/>
      </object_component>
      <object_component id="oc-3bb">
         <name>.debug_info</name>
         <load_address>0xa573</load_address>
         <run_address>0xa573</run_address>
         <size>0x4a8</size>
         <input_file_ref idref="fl-d4"/>
      </object_component>
      <object_component id="oc-2fe">
         <name>.debug_info</name>
         <load_address>0xaa1b</load_address>
         <run_address>0xaa1b</run_address>
         <size>0x19b</size>
         <input_file_ref idref="fl-d4"/>
      </object_component>
      <object_component id="oc-459">
         <name>.debug_info</name>
         <load_address>0xabb6</load_address>
         <run_address>0xabb6</run_address>
         <size>0x39</size>
         <input_file_ref idref="fl-d4"/>
      </object_component>
      <object_component id="oc-45e">
         <name>.debug_info</name>
         <load_address>0xabef</load_address>
         <run_address>0xabef</run_address>
         <size>0x39</size>
         <input_file_ref idref="fl-d4"/>
      </object_component>
      <object_component id="oc-463">
         <name>.debug_info</name>
         <load_address>0xac28</load_address>
         <run_address>0xac28</run_address>
         <size>0xcd</size>
         <input_file_ref idref="fl-d4"/>
      </object_component>
      <object_component id="oc-1ab">
         <name>.debug_info</name>
         <load_address>0xacf5</load_address>
         <run_address>0xacf5</run_address>
         <size>0x148</size>
         <input_file_ref idref="fl-d5"/>
      </object_component>
      <object_component id="oc-2f1">
         <name>.debug_info</name>
         <load_address>0xae3d</load_address>
         <run_address>0xae3d</run_address>
         <size>0x117</size>
         <input_file_ref idref="fl-d7"/>
      </object_component>
      <object_component id="oc-420">
         <name>.debug_info</name>
         <load_address>0xaf54</load_address>
         <run_address>0xaf54</run_address>
         <size>0x583</size>
         <input_file_ref idref="fl-d9"/>
      </object_component>
      <object_component id="oc-376">
         <name>.debug_info</name>
         <load_address>0xb4d7</load_address>
         <run_address>0xb4d7</run_address>
         <size>0x1549</size>
         <input_file_ref idref="fl-d9"/>
      </object_component>
      <object_component id="oc-421">
         <name>.debug_info</name>
         <load_address>0xca20</load_address>
         <run_address>0xca20</run_address>
         <size>0x86</size>
         <input_file_ref idref="fl-d9"/>
      </object_component>
      <object_component id="oc-426">
         <name>.debug_info</name>
         <load_address>0xcaa6</load_address>
         <run_address>0xcaa6</run_address>
         <size>0x53</size>
         <input_file_ref idref="fl-d9"/>
      </object_component>
      <object_component id="oc-48d">
         <name>.debug_info</name>
         <load_address>0xcaf9</load_address>
         <run_address>0xcaf9</run_address>
         <size>0x46</size>
         <input_file_ref idref="fl-d9"/>
      </object_component>
      <object_component id="oc-4c4">
         <name>.debug_info</name>
         <load_address>0xcb3f</load_address>
         <run_address>0xcb3f</run_address>
         <size>0x5f0</size>
         <input_file_ref idref="fl-da"/>
      </object_component>
      <object_component id="oc-440">
         <name>.debug_info</name>
         <load_address>0xd12f</load_address>
         <run_address>0xd12f</run_address>
         <size>0x8b5</size>
         <input_file_ref idref="fl-da"/>
      </object_component>
      <object_component id="oc-4c6">
         <name>.debug_info</name>
         <load_address>0xd9e4</load_address>
         <run_address>0xd9e4</run_address>
         <size>0x9a</size>
         <input_file_ref idref="fl-da"/>
      </object_component>
      <object_component id="oc-488">
         <name>.debug_info</name>
         <load_address>0xda7e</load_address>
         <run_address>0xda7e</run_address>
         <size>0x2ae</size>
         <input_file_ref idref="fl-dc"/>
      </object_component>
      <object_component id="oc-414">
         <name>.debug_info</name>
         <load_address>0xdd2c</load_address>
         <run_address>0xdd2c</run_address>
         <size>0x171</size>
         <input_file_ref idref="fl-dc"/>
      </object_component>
      <object_component id="oc-4cd">
         <name>.debug_info</name>
         <load_address>0xde9d</load_address>
         <run_address>0xde9d</run_address>
         <size>0xee</size>
         <input_file_ref idref="fl-dd"/>
      </object_component>
      <object_component id="oc-445">
         <name>.debug_info</name>
         <load_address>0xdf8b</load_address>
         <run_address>0xdf8b</run_address>
         <size>0xfa</size>
         <input_file_ref idref="fl-dd"/>
      </object_component>
      <object_component id="oc-470">
         <name>.debug_info</name>
         <load_address>0xe085</load_address>
         <run_address>0xe085</run_address>
         <size>0x31d</size>
         <input_file_ref idref="fl-de"/>
      </object_component>
      <object_component id="oc-3f3">
         <name>.debug_info</name>
         <load_address>0xe3a2</load_address>
         <run_address>0xe3a2</run_address>
         <size>0x1c2</size>
         <input_file_ref idref="fl-de"/>
      </object_component>
      <object_component id="oc-48a">
         <name>.debug_info</name>
         <load_address>0xe564</load_address>
         <run_address>0xe564</run_address>
         <size>0x28b</size>
         <input_file_ref idref="fl-df"/>
      </object_component>
      <object_component id="oc-41b">
         <name>.debug_info</name>
         <load_address>0xe7ef</load_address>
         <run_address>0xe7ef</run_address>
         <size>0x1ab</size>
         <input_file_ref idref="fl-df"/>
      </object_component>
      <object_component id="oc-486">
         <name>.debug_info</name>
         <load_address>0xe99a</load_address>
         <run_address>0xe99a</run_address>
         <size>0x28f</size>
         <input_file_ref idref="fl-e0"/>
      </object_component>
      <object_component id="oc-410">
         <name>.debug_info</name>
         <load_address>0xec29</load_address>
         <run_address>0xec29</run_address>
         <size>0x245</size>
         <input_file_ref idref="fl-e0"/>
      </object_component>
      <object_component id="oc-502">
         <name>.debug_info</name>
         <load_address>0xee6e</load_address>
         <run_address>0xee6e</run_address>
         <size>0x299</size>
         <input_file_ref idref="fl-e1"/>
      </object_component>
      <object_component id="oc-4bd">
         <name>.debug_info</name>
         <load_address>0xf107</load_address>
         <run_address>0xf107</run_address>
         <size>0x231</size>
         <input_file_ref idref="fl-e1"/>
      </object_component>
      <object_component id="oc-46c">
         <name>.debug_info</name>
         <load_address>0xf338</load_address>
         <run_address>0xf338</run_address>
         <size>0x284</size>
         <input_file_ref idref="fl-e2"/>
      </object_component>
      <object_component id="oc-3e2">
         <name>.debug_info</name>
         <load_address>0xf5bc</load_address>
         <run_address>0xf5bc</run_address>
         <size>0x22a</size>
         <input_file_ref idref="fl-e2"/>
      </object_component>
      <object_component id="oc-4ec">
         <name>.debug_info</name>
         <load_address>0xf7e6</load_address>
         <run_address>0xf7e6</run_address>
         <size>0x28b</size>
         <input_file_ref idref="fl-e3"/>
      </object_component>
      <object_component id="oc-494">
         <name>.debug_info</name>
         <load_address>0xfa71</load_address>
         <run_address>0xfa71</run_address>
         <size>0x24a</size>
         <input_file_ref idref="fl-e3"/>
      </object_component>
      <object_component id="oc-4fa">
         <name>.debug_info</name>
         <load_address>0xfcbb</load_address>
         <run_address>0xfcbb</run_address>
         <size>0x41d</size>
         <input_file_ref idref="fl-e4"/>
      </object_component>
      <object_component id="oc-4f7">
         <name>.debug_info</name>
         <load_address>0x100d8</load_address>
         <run_address>0x100d8</run_address>
         <size>0x118</size>
         <input_file_ref idref="fl-e4"/>
      </object_component>
      <object_component id="oc-4a6">
         <name>.debug_info</name>
         <load_address>0x101f0</load_address>
         <run_address>0x101f0</run_address>
         <size>0x4a3</size>
         <input_file_ref idref="fl-e4"/>
      </object_component>
      <object_component id="oc-4fe">
         <name>.debug_info</name>
         <load_address>0x10693</load_address>
         <run_address>0x10693</run_address>
         <size>0x2f0</size>
         <input_file_ref idref="fl-e5"/>
      </object_component>
      <object_component id="oc-4b3">
         <name>.debug_info</name>
         <load_address>0x10983</load_address>
         <run_address>0x10983</run_address>
         <size>0x267</size>
         <input_file_ref idref="fl-e5"/>
      </object_component>
      <object_component id="oc-500">
         <name>.debug_info</name>
         <load_address>0x10bea</load_address>
         <run_address>0x10bea</run_address>
         <size>0x2f1</size>
         <input_file_ref idref="fl-e6"/>
      </object_component>
      <object_component id="oc-4b7">
         <name>.debug_info</name>
         <load_address>0x10edb</load_address>
         <run_address>0x10edb</run_address>
         <size>0x2ab</size>
         <input_file_ref idref="fl-e6"/>
      </object_component>
      <object_component id="oc-4f5">
         <name>.debug_info</name>
         <load_address>0x11186</load_address>
         <run_address>0x11186</run_address>
         <size>0x2f1</size>
         <input_file_ref idref="fl-e7"/>
      </object_component>
      <object_component id="oc-4a0">
         <name>.debug_info</name>
         <load_address>0x11477</load_address>
         <run_address>0x11477</run_address>
         <size>0x20d</size>
         <input_file_ref idref="fl-e7"/>
      </object_component>
      <object_component id="oc-4f3">
         <name>.debug_info</name>
         <load_address>0x11684</load_address>
         <run_address>0x11684</run_address>
         <size>0x2f2</size>
         <input_file_ref idref="fl-e8"/>
      </object_component>
      <object_component id="oc-49a">
         <name>.debug_info</name>
[...]
         <name>__aeabi_f2d</name>
         <value>0x561d</value>
         <object_component_ref idref="oc-269"/>
      </symbol>
      <symbol id="sm-28c">
         <name>__aeabi_ui2d</name>
         <value>0x57e9</value>
         <object_component_ref idref="oc-2b0"/>
      </symbol>
      <symbol id="sm-2a5">
         <name>__TI_zero_init_nomemset</name>
         <value>0x59b1</value>
         <object_component_ref idref="oc-56"/>
      </symbol>
      <symbol id="sm-2bc">
         <name>__TI_decompress_none</name>
         <value>0x5a5b</value>
         <object_component_ref idref="oc-18"/>
      </symbol>
      <symbol id="sm-2da">
         <name>__TI_decompress_lzss</name>
         <value>0x5109</value>
         <object_component_ref idref="oc-12"/>
      </symbol>
      <symbol id="sm-2f3">
         <name>sprintf</name>
         <value>0x5235</value>
         <object_component_ref idref="oc-2cb"/>
      </symbol>
      <symbol id="sm-315">
         <name>sscanf</name>
         <value>0x4acf</value>
         <object_component_ref idref="oc-3a7"/>
      </symbol>
      <symbol id="sm-316">
         <name>vsscanf</name>
         <value>0x4abd</value>
         <object_component_ref idref="oc-3a7"/>
      </symbol>
      <symbol id="sm-329">
         <name>__stack</name>
         <value>0x20000270</value>
         <object_component_ref idref="oc-21"/>
      </symbol>
      <symbol id="sm-32a">
         <name>_c_int00_noargs</name>
         <value>0x55e5</value>
         <object_component_ref idref="oc-68"/>
      </symbol>
      <symbol id="sm-345">
         <name>memcpy</name>
         <value>0x4d15</value>
         <object_component_ref idref="oc-4a"/>
      </symbol>
      <symbol id="sm-346">
         <name>__aeabi_memcpy</name>
         <value>0x4d15</value>
         <object_component_ref idref="oc-4a"/>
      </symbol>
      <symbol id="sm-347">
         <name>__aeabi_memcpy8</name>
         <value>0x4d15</value>
         <object_component_ref idref="oc-4a"/>
      </symbol>
      <symbol id="sm-348">
         <name>__aeabi_memcpy4</name>
         <value>0x4d15</value>
         <object_component_ref idref="oc-4a"/>
      </symbol>
      <symbol id="sm-357">
         <name>__aeabi_memset</name>
         <value>0x4f4f</value>
         <object_component_ref idref="oc-1a4"/>
      </symbol>
      <symbol id="sm-358">
         <name>memset</name>
         <value>0x4f55</value>
         <object_component_ref idref="oc-1a4"/>
      </symbol>
      <symbol id="sm-359">
         <name>__aeabi_memset8</name>
         <value>0x4f4f</value>
         <object_component_ref idref="oc-1a4"/>
      </symbol>
      <symbol id="sm-35a">
         <name>__aeabi_memset4</name>
         <value>0x4f4f</value>
         <object_component_ref idref="oc-1a4"/>
      </symbol>
      <symbol id="sm-35b">
         <name>__aeabi_memclr8</name>
         <value>0x4f4d</value>
         <object_component_ref idref="oc-1a4"/>
      </symbol>
      <symbol id="sm-35c">
         <name>__aeabi_memclr4</name>
         <value>0x4f4d</value>
         <object_component_ref idref="oc-1a4"/>
      </symbol>
      <symbol id="sm-35d">
         <name>__aeabi_memclr</name>
         <value>0x4f4d</value>
         <object_component_ref idref="oc-1a4"/>
      </symbol>
      <symbol id="sm-380">
         <name>__TI_auto_init_nobinit_nopinit</name>
         <value>0x5469</value>
         <object_component_ref idref="oc-2fc"/>
      </symbol>
      <symbol id="sm-38a">
         <name>_system_pre_init</name>
         <value>0x5b2b</value>
         <object_component_ref idref="oc-1aa"/>
      </symbol>
      <symbol id="sm-396">
         <name>C$$EXIT</name>
         <value>0x5b27</value>
         <object_component_ref idref="oc-2f0"/>
      </symbol>
      <symbol id="sm-397">
         <name>abort</name>
         <value>0x5b27</value>
         <object_component_ref idref="oc-2f0"/>
      </symbol>
      <symbol id="sm-4a2">
         <name>__TI_printfi</name>
         <value>0xab9</value>
         <object_component_ref idref="oc-375"/>
      </symbol>
      <symbol id="sm-541">
         <name>__TI_scanfi</name>
         <value>0x1f65</value>
         <object_component_ref idref="oc-43e"/>
      </symbol>
      <symbol id="sm-558">
         <name>atoi</name>
         <value>0x538d</value>
         <object_component_ref idref="oc-413"/>
      </symbol>
      <symbol id="sm-563">
         <name>_ctypes_</name>
         <value>0x5b30</value>
         <object_component_ref idref="oc-444"/>
      </symbol>
      <symbol id="sm-572">
         <name>ltoa</name>
         <value>0x52ed</value>
         <object_component_ref idref="oc-3f1"/>
      </symbol>
      <symbol id="sm-582">
         <name>memccpy</name>
         <value>0x5827</value>
         <object_component_ref idref="oc-419"/>
      </symbol>
      <symbol id="sm-592">
         <name>strchr</name>
         <value>0x5911</value>
         <object_component_ref idref="oc-40d"/>
      </symbol>
      <symbol id="sm-5a0">
         <name>strcpy</name>
         <value>0x5965</value>
         <object_component_ref idref="oc-4bc"/>
      </symbol>
      <symbol id="sm-5ae">
         <name>strlen</name>
         <value>0x5979</value>
         <object_component_ref idref="oc-3e1"/>
      </symbol>
      <symbol id="sm-5bd">
         <name>strrchr</name>
         <value>0x588b</value>
         <object_component_ref idref="oc-493"/>
      </symbol>
      <symbol id="sm-61d">
         <name>strtold</name>
         <value>0x297d</value>
         <object_component_ref idref="oc-4a5"/>
      </symbol>
      <symbol id="sm-61e">
         <name>strtod</name>
         <value>0x297d</value>
         <object_component_ref idref="oc-4a5"/>
      </symbol>
      <symbol id="sm-643">
         <name>strtol</name>
         <value>0x3fe5</value>
         <object_component_ref idref="oc-4b0"/>
      </symbol>
      <symbol id="sm-66a">
         <name>strtoll</name>
         <value>0x37f1</value>
         <object_component_ref idref="oc-4b6"/>
      </symbol>
      <symbol id="sm-68b">
         <name>strtoul</name>
         <value>0x44a5</value>
         <object_component_ref idref="oc-49f"/>
      </symbol>
      <symbol id="sm-6af">
         <name>strtoull</name>
         <value>0x3d51</value>
         <object_component_ref idref="oc-499"/>
      </symbol>
      <symbol id="sm-6ca">
         <name>frexpl</name>
         <value>0x5171</value>
         <object_component_ref idref="oc-401"/>
      </symbol>
      <symbol id="sm-6cb">
         <name>frexp</name>
         <value>0x5171</value>
         <object_component_ref idref="oc-401"/>
      </symbol>
      <symbol id="sm-6e8">
         <name>scalbn</name>
         <value>0x49c9</value>
         <object_component_ref idref="oc-407"/>
      </symbol>
      <symbol id="sm-6e9">
         <name>scalbnl</name>
         <value>0x49c9</value>
         <object_component_ref idref="oc-407"/>
      </symbol>
      <symbol id="sm-6ea">
         <name>ldexpl</name>
         <value>0x49c9</value>
         <object_component_ref idref="oc-407"/>
      </symbol>
      <symbol id="sm-6eb">
         <name>ldexp</name>
         <value>0x49c9</value>
         <object_component_ref idref="oc-407"/>
      </symbol>
      <symbol id="sm-6f5">
         <name>copysign</name>
         <value>0x5951</value>
         <object_component_ref idref="oc-47a"/>
      </symbol>
      <symbol id="sm-6f6">
         <name>copysignl</name>
         <value>0x5951</value>
         <object_component_ref idref="oc-47a"/>
      </symbol>
      <symbol id="sm-70d">
         <name>__aeabi_dsub</name>
         <value>0x3b99</value>
         <object_component_ref idref="oc-3fc"/>
      </symbol>
      <symbol id="sm-70e">
         <name>__aeabi_dadd</name>
         <value>0x3ba3</value>
         <object_component_ref idref="oc-3fc"/>
      </symbol>
      <symbol id="sm-730">
         <name>__aeabi_cdcmpeq</name>
         <value>0x4e41</value>
         <object_component_ref idref="oc-3e7"/>
      </symbol>
      <symbol id="sm-731">
         <name>__aeabi_cdcmple</name>
         <value>0x4e41</value>
         <object_component_ref idref="oc-3e7"/>
      </symbol>
      <symbol id="sm-732">
         <name>__aeabi_cdrcmple</name>
         <value>0x4ec7</value>
         <object_component_ref idref="oc-3ec"/>
      </symbol>
      <symbol id="sm-73e">
         <name>__aeabi_d2f</name>
         <value>0x4fc7</value>
         <object_component_ref idref="oc-4ab"/>
      </symbol>
      <symbol id="sm-748">
         <name>__aeabi_i2d</name>
         <value>0x56bd</value>
         <object_component_ref idref="oc-3f7"/>
      </symbol>
      <symbol id="sm-751">
         <name>__aeabi_lmul</name>
         <value>0x5873</value>
         <object_component_ref idref="oc-4ed"/>
      </symbol>
      <symbol id="sm-76d">
         <name>__aeabi_uldivmod</name>
         <value>0x35fd</value>
         <object_component_ref idref="oc-3dc"/>
      </symbol>
      <symbol id="sm-775">
         <name>errno</name>
         <value>0x20000950</value>
         <object_component_ref idref="oc-480"/>
      </symbol>
      <symbol id="sm-812">
         <name>CANMessageGet</name>
         <value>0x46c9</value>
         <object_component_ref idref="oc-d2"/>
      </symbol>
      <symbol id="sm-813">
         <name>CANBitRateSet</name>
         <value>0x5035</value>
         <object_component_ref idref="oc-f6"/>
      </symbol>
      <symbol id="sm-814">
         <name>CANEnable</name>
         <value>0x5a99</value>
         <object_component_ref idref="oc-108"/>
      </symbol>
      <symbol id="sm-815">
         <name>CANStatusGet</name>
         <value>0x54f1</value>
         <object_component_ref idref="oc-8f"/>
      </symbol>
      <symbol id="sm-816">
         <name>CANMessageSet</name>
         <value>0x424b</value>
         <object_component_ref idref="oc-d8"/>
      </symbol>
      <symbol id="sm-817">
         <name>CANIntClear</name>
         <value>0x5765</value>
         <object_component_ref idref="oc-95"/>
      </symbol>
      <symbol id="sm-818">
         <name>CANIntStatus</name>
         <value>0x57a9</value>
         <object_component_ref idref="oc-89"/>
      </symbol>
      <symbol id="sm-819">
         <name>CANInit</name>
         <value>0x5571</value>
         <object_component_ref idref="oc-ea"/>
      </symbol>
      <symbol id="sm-81a">
         <name>CANIntEnable</name>
         <value>0x5ae9</value>
         <object_component_ref idref="oc-fc"/>
      </symbol>
      <symbol id="sm-830">
         <name>FPULazyStackingEnable</name>
         <value>0x59d5</value>
         <object_component_ref idref="oc-388"/>
      </symbol>
      <symbol id="sm-831">
         <name>FPUEnable</name>
         <value>0x59c5</value>
         <object_component_ref idref="oc-38e"/>
      </symbol>
      <symbol id="sm-8e3">
         <name>GPIOPinTypePWM</name>
         <value>0x58cf</value>
         <object_component_ref idref="oc-24b"/>
      </symbol>
      <symbol id="sm-8e4">
         <name>GPIOIntRegister</name>
         <value>0x5843</value>
         <object_component_ref idref="oc-b4"/>
      </symbol>
      <symbol id="sm-8e5">
         <name>GPIOPinConfigure</name>
         <value>0x5341</value>
         <object_component_ref idref="oc-de"/>
      </symbol>
      <symbol id="sm-8e6">
         <name>GPIOIntDisable</name>
         <value>0x5a15</value>
         <object_component_ref idref="oc-cc"/>
      </symbol>
      <symbol id="sm-8e7">
         <name>GPIOIntEnable</name>
         <value>0x5a75</value>
         <object_component_ref idref="oc-ba"/>
      </symbol>
      <symbol id="sm-8e8">
         <name>GPIOIntTypeSet</name>
         <value>0x5295</value>
         <object_component_ref idref="oc-ae"/>
      </symbol>
      <symbol id="sm-8e9">
         <name>GPIOPinTypeGPIOInput</name>
         <value>0x58b9</value>
         <object_component_ref idref="oc-a2"/>
      </symbol>
      <symbol id="sm-8ea">
         <name>GPIOIntClear</name>
         <value>0x5b01</value>
         <object_component_ref idref="oc-83"/>
      </symbol>
      <symbol id="sm-8eb">
         <name>GPIOPinTypeUART</name>
         <value>0x58fb</value>
         <object_component_ref idref="oc-12f"/>
      </symbol>
      <symbol id="sm-8ec">
         <name>GPIOIntStatus</name>
         <value>0x5a23</value>
         <object_component_ref idref="oc-7d"/>
      </symbol>
      <symbol id="sm-8ed">
         <name>GPIOPinTypeGPIOOutput</name>
         <value>0x585b</value>
         <object_component_ref idref="oc-c0"/>
      </symbol>
      <symbol id="sm-8ee">
         <name>GPIODirModeSet</name>
         <value>0x56eb</value>
         <object_component_ref idref="oc-1d0"/>
      </symbol>
      <symbol id="sm-8ef">
         <name>GPIOPinTypeQEI</name>
         <value>0x58e5</value>
         <object_component_ref idref="oc-292"/>
      </symbol>
      <symbol id="sm-8f0">
         <name>GPIOPinWrite</name>
         <value>0x5b07</value>
         <object_component_ref idref="oc-c6"/>
      </symbol>
      <symbol id="sm-8f1">
         <name>GPIOPadConfigSet</name>
         <value>0x4119</value>
         <object_component_ref idref="oc-a8"/>
      </symbol>
      <symbol id="sm-8f2">
         <name>GPIOPinTypeCAN</name>
         <value>0x58a3</value>
         <object_component_ref idref="oc-e4"/>
      </symbol>
      <symbol id="sm-92c">
         <name>IntEnable</name>
         <value>0x50a1</value>
         <object_component_ref idref="oc-102"/>
      </symbol>
      <symbol id="sm-92d">
         <name>IntRegister</name>
         <value>0x5655</value>
         <object_component_ref idref="oc-1df"/>
      </symbol>
      <symbol id="sm-92e">
         <name>g_pfnRAMVectors</name>
         <value>0x20000000</value>
         <object_component_ref idref="oc-340"/>
      </symbol>
      <symbol id="sm-92f">
         <name>IntMasterEnable</name>
         <value>0x59e5</value>
         <object_component_ref idref="oc-394"/>
      </symbol>
      <symbol id="sm-95c">
         <name>PWMGenPeriodSet</name>
         <value>0x59f5</value>
         <object_component_ref idref="oc-257"/>
      </symbol>
      <symbol id="sm-95d">
         <name>PWMPulseWidthSet</name>
         <value>0x5809</value>
         <object_component_ref idref="oc-23f"/>
      </symbol>
      <symbol id="sm-95e">
         <name>PWMOutputState</name>
         <value>0x598d</value>
         <object_component_ref idref="oc-263"/>
      </symbol>
      <symbol id="sm-95f">
         <name>PWMGenEnable</name>
         <value>0x5a81</value>
         <object_component_ref idref="oc-25d"/>
      </symbol>
      <symbol id="sm-960">
         <name>PWMGenConfigure</name>
         <value>0x5787</value>
         <object_component_ref idref="oc-251"/>
      </symbol>
      <symbol id="sm-9ad">
         <name>QEIPositionGet</name>
         <value>0x5b13</value>
         <object_component_ref idref="oc-283"/>
      </symbol>
      <symbol id="sm-9ae">
         <name>QEIVelocityGet</name>
         <value>0x5b1b</value>
         <object_component_ref idref="oc-27d"/>
      </symbol>
      <symbol id="sm-9af">
         <name>QEIVelocityConfigure</name>
         <value>0x5a05</value>
         <object_component_ref idref="oc-2ba"/>
      </symbol>
      <symbol id="sm-9b0">
         <name>QEIIntDisable</name>
         <value>0x5ab7</value>
         <object_component_ref idref="oc-29e"/>
      </symbol>
      <symbol id="sm-9b1">
         <name>QEIDisable</name>
         <value>0x5aa3</value>
         <object_component_ref idref="oc-298"/>
      </symbol>
      <symbol id="sm-9b2">
         <name>QEIEnable</name>
         <value>0x5aad</value>
         <object_component_ref idref="oc-2aa"/>
      </symbol>
      <symbol id="sm-9b3">
         <name>QEIPositionSet</name>
         <value>0x5b17</value>
         <object_component_ref idref="oc-289"/>
      </symbol>
      <symbol id="sm-9b4">
         <name>QEIVelocityEnable</name>
         <value>0x5ac1</value>
         <object_component_ref idref="oc-2c0"/>
      </symbol>
      <symbol id="sm-9b5">
         <name>QEIConfigure</name>
         <value>0x5a31</value>
         <object_component_ref idref="oc-2a4"/>
      </symbol>
      <symbol id="sm-a1b">
         <name>SysCtlClockSet</name>
         <value>0x48d5</value>
         <object_component_ref idref="oc-382"/>
      </symbol>
      <symbol id="sm-a1c">
         <name>SysCtlDelay</name>
         <value>0x5b0d</value>
         <object_component_ref idref="oc-9b"/>
      </symbol>
      <symbol id="sm-a1d">
         <name>SysCtlPeripheralEnable</name>
         <value>0x5689</value>
         <object_component_ref idref="oc-9c"/>
      </symbol>
      <symbol id="sm-a1e">
         <name>SysCtlClockGet</name>
         <value>0x45b9</value>
         <object_component_ref idref="oc-f0"/>
      </symbol>
      <symbol id="sm-a1f">
         <name>SysCtlPWMClockSet</name>
         <value>0x5929</value>
         <object_component_ref idref="oc-245"/>
      </symbol>
      <symbol id="sm-a20">
         <name>SysCtlPeripheralReady</name>
         <value>0x55ad</value>
         <object_component_ref idref="oc-3a0"/>
      </symbol>
      <symbol id="sm-a54">
         <name>TimerLoadSet</name>
         <value>0x599f</value>
         <object_component_ref idref="oc-161"/>
      </symbol>
      <symbol id="sm-a55">
         <name>TimerEnable</name>
         <value>0x5a3f</value>
         <object_component_ref idref="oc-16d"/>
      </symbol>
      <symbol id="sm-a56">
         <name>TimerIntEnable</name>
         <value>0x5af1</value>
         <object_component_ref idref="oc-167"/>
      </symbol>
      <symbol id="sm-a57">
         <name>TimerConfigure</name>
         <value>0x51d5</value>
         <object_component_ref idref="oc-15b"/>
      </symbol>
      <symbol id="sm-a58">
         <name>TimerIntClear</name>
         <value>0x5b1f</value>
         <object_component_ref idref="oc-173"/>
      </symbol>
      <symbol id="sm-aab">
         <name>UARTConfigSetExpClk</name>
         <value>0x5421</value>
         <object_component_ref idref="oc-135"/>
      </symbol>
      <symbol id="sm-aac">
         <name>UARTDisable</name>
         <value>0x57c9</value>
         <object_component_ref idref="oc-224"/>
      </symbol>
      <symbol id="sm-aad">
         <name>UARTIntEnable</name>
         <value>0x5af9</value>
         <object_component_ref idref="oc-39a"/>
      </symbol>
      <symbol id="sm-aae">
         <name>UARTCharsAvail</name>
         <value>0x5a4d</value>
         <object_component_ref idref="oc-14d"/>
      </symbol>
      <symbol id="sm-aaf">
         <name>UARTCharPut</name>
         <value>0x5ad5</value>
         <object_component_ref idref="oc-153"/>
      </symbol>
      <symbol id="sm-ab0">
         <name>UARTEnable</name>
         <value>0x593d</value>
         <object_component_ref idref="oc-22a"/>
      </symbol>
      <symbol id="sm-ab1">
         <name>UARTIntClear</name>
         <value>0x5b23</value>
         <object_component_ref idref="oc-141"/>
      </symbol>
      <symbol id="sm-ab2">
         <name>UARTIntStatus</name>
         <value>0x5adf</value>
         <object_component_ref idref="oc-13b"/>
      </symbol>
      <symbol id="sm-ab3">
         <name>UARTCharGet</name>
         <value>0x5acb</value>
         <object_component_ref idref="oc-147"/>
      </symbol>
      <symbol id="sm-abd">
         <name>CPUcpsie</name>
         <value>0x5a69</value>
         <object_component_ref idref="oc-435"/>
      </symbol>
      <symbol id="sm-abe">
         <name>__TI_static_base__</name>
         <value>0x0</value>
      </symbol>
      <symbol id="sm-ac1">
         <name>__mpu_init</name>
         <value>0x0</value>
      </symbol>
      <symbol id="sm-ac2">
         <name>_system_post_cinit</name>
         <value>0x0</value>
      </symbol>
   </symbol_table>
   <title>Link successful</title>
</link_info>
